Component: ARM Compiler 5.06 update 7 (build 960) Tool: armlink [4d3601]

==============================================================================

Section Cross References

    startup_stm32f103xb.o(STACK) refers (Special) to heapauxi.o(.text) for __use_two_region_memory
    startup_stm32f103xb.o(HEAP) refers (Special) to heapauxi.o(.text) for __use_two_region_memory
    startup_stm32f103xb.o(RESET) refers (Special) to heapauxi.o(.text) for __use_two_region_memory
    startup_stm32f103xb.o(RESET) refers to startup_stm32f103xb.o(STACK) for __initial_sp
    startup_stm32f103xb.o(RESET) refers to startup_stm32f103xb.o(.text) for Reset_Handler
    startup_stm32f103xb.o(RESET) refers to stm32f1xx_it.o(i.NMI_Handler) for NMI_Handler
    startup_stm32f103xb.o(RESET) refers to stm32f1xx_it.o(i.HardFault_Handler) for HardFault_Handler
    startup_stm32f103xb.o(RESET) refers to stm32f1xx_it.o(i.MemManage_Handler) for MemManage_Handler
    startup_stm32f103xb.o(RESET) refers to stm32f1xx_it.o(i.BusFault_Handler) for BusFault_Handler
    startup_stm32f103xb.o(RESET) refers to stm32f1xx_it.o(i.UsageFault_Handler) for UsageFault_Handler
    startup_stm32f103xb.o(RESET) refers to stm32f1xx_it.o(i.SVC_Handler) for SVC_Handler
    startup_stm32f103xb.o(RESET) refers to stm32f1xx_it.o(i.DebugMon_Handler) for DebugMon_Handler
    startup_stm32f103xb.o(RESET) refers to stm32f1xx_it.o(i.PendSV_Handler) for PendSV_Handler
    startup_stm32f103xb.o(RESET) refers to stm32f1xx_it.o(i.SysTick_Handler) for SysTick_Handler
    startup_stm32f103xb.o(RESET) refers to stm32f1xx_it.o(i.DMA1_Channel2_IRQHandler) for DMA1_Channel2_IRQHandler
    startup_stm32f103xb.o(RESET) refers to stm32f1xx_it.o(i.DMA1_Channel3_IRQHandler) for DMA1_Channel3_IRQHandler
    startup_stm32f103xb.o(RESET) refers to stm32f1xx_it.o(i.DMA1_Channel4_IRQHandler) for DMA1_Channel4_IRQHandler
    startup_stm32f103xb.o(RESET) refers to stm32f1xx_it.o(i.DMA1_Channel6_IRQHandler) for DMA1_Channel6_IRQHandler
    startup_stm32f103xb.o(RESET) refers to stm32f1xx_it.o(i.DMA1_Channel7_IRQHandler) for DMA1_Channel7_IRQHandler
    startup_stm32f103xb.o(RESET) refers to stm32f1xx_it.o(i.TIM2_IRQHandler) for TIM2_IRQHandler
    startup_stm32f103xb.o(RESET) refers to stm32f1xx_it.o(i.USART1_IRQHandler) for USART1_IRQHandler
    startup_stm32f103xb.o(RESET) refers to stm32f1xx_it.o(i.USART2_IRQHandler) for USART2_IRQHandler
    startup_stm32f103xb.o(.text) refers (Special) to heapauxi.o(.text) for __use_two_region_memory
    startup_stm32f103xb.o(.text) refers to system_stm32f1xx.o(i.SystemInit) for SystemInit
    startup_stm32f103xb.o(.text) refers to __main.o(!!!main) for __main
    startup_stm32f103xb.o(.text) refers to startup_stm32f103xb.o(HEAP) for Heap_Mem
    startup_stm32f103xb.o(.text) refers to startup_stm32f103xb.o(STACK) for Stack_Mem
    uart_drv.o(i.UART1_DrvInit) refers to queue.o(i.xQueueGenericCreate) for xQueueGenericCreate
    uart_drv.o(i.UART1_DrvInit) refers to uart_drv.o(.data) for .data
    uart_drv.o(i.UART1_Printf) refers to uart_drv.o(i.UART_Printf_Internal) for UART_Printf_Internal
    uart_drv.o(i.UART1_Printf) refers to uart_drv.o(.data) for .data
    uart_drv.o(i.UART2_DrvInit) refers to uart_drv.o(i.UART_DataDrv_InitHW) for UART_DataDrv_InitHW
    uart_drv.o(i.UART2_DrvInit) refers to queue.o(i.xQueueGenericCreate) for xQueueGenericCreate
    uart_drv.o(i.UART2_DrvInit) refers to queue.o(i.xQueueGenericSend) for xQueueGenericSend
    uart_drv.o(i.UART2_DrvInit) refers to uart_drv.o(.data) for .data
    uart_drv.o(i.UART_DataDrv_InitHW) refers to uart_drv.o(i.DMA_WaitDisable) for DMA_WaitDisable
    uart_drv.o(i.UART_Data_TX_TC_ISR) refers to queue.o(i.xQueueGiveFromISR) for xQueueGiveFromISR
    uart_drv.o(i.UART_Data_TX_ZeroCopy) refers to uart_drv.o(i.DMA_WaitDisable) for DMA_WaitDisable
    uart_drv.o(i.UART_IDLE_ISR) refers to uart_drv.o(i.DMA_WaitDisable) for DMA_WaitDisable
    uart_drv.o(i.UART_IDLE_ISR) refers to queue.o(i.xQueueGiveFromISR) for xQueueGiveFromISR
    uart_drv.o(i.UART_Print_RingBuffer_Send) refers to uart_drv.o(i.DMA_WaitDisable) for DMA_WaitDisable
    uart_drv.o(i.UART_Print_TX_TC_ISR) refers to uart_drv.o(i.UART_Print_RingBuffer_Send) for UART_Print_RingBuffer_Send
    uart_drv.o(i.UART_Print_TX_TC_ISR) refers to queue.o(i.xQueueGiveFromISR) for xQueueGiveFromISR
    uart_drv.o(i.UART_Printf_Internal) refers to vsnprintf.o(.text) for vsnprintf
    uart_drv.o(i.UART_Printf_Internal) refers to port.o(i.vPortEnterCritical) for vPortEnterCritical
    uart_drv.o(i.UART_Printf_Internal) refers to uart_drv.o(i.UART_Print_RingBuffer_Send) for UART_Print_RingBuffer_Send
    uart_drv.o(i.UART_Printf_Internal) refers to port.o(i.vPortExitCritical) for vPortExitCritical
    uart_drv.o(i.UART_Printf_Internal) refers to queue.o(i.xQueueSemaphoreTake) for xQueueSemaphoreTake
    uart_drv.o(i.UART_RX_Wait) refers to queue.o(i.xQueueSemaphoreTake) for xQueueSemaphoreTake
[...]
    .text                                    0x080044c0   Section        0  sys_exit.o(.text)
    .text                                    0x080044cc   Section        2  use_no_semi.o(.text)
    .text                                    0x080044ce   Section        0  indicate_semi.o(.text)
    i.BusFault_Handler                       0x080044ce   Section        0  stm32f1xx_it.o(i.BusFault_Handler)
    i.Comm_Task                              0x080044d0   Section        0  rtos.o(i.Comm_Task)
    i.DMA1_Channel2_IRQHandler               0x080044f4   Section        0  stm32f1xx_it.o(i.DMA1_Channel2_IRQHandler)
    i.DMA1_Channel3_IRQHandler               0x0800451c   Section        0  stm32f1xx_it.o(i.DMA1_Channel3_IRQHandler)
    i.DMA1_Channel4_IRQHandler               0x08004528   Section        0  stm32f1xx_it.o(i.DMA1_Channel4_IRQHandler)
    i.DMA1_Channel6_IRQHandler               0x08004554   Section        0  stm32f1xx_it.o(i.DMA1_Channel6_IRQHandler)
    i.DMA1_Channel7_IRQHandler               0x08004580   Section        0  stm32f1xx_it.o(i.DMA1_Channel7_IRQHandler)
    i.DMA_WaitDisable                        0x080045ac   Section        0  uart_drv.o(i.DMA_WaitDisable)
    DMA_WaitDisable                          0x080045ad   Thumb Code    10  uart_drv.o(i.DMA_WaitDisable)
    i.DebugMon_Handler                       0x080045b6   Section        0  stm32f1xx_it.o(i.DebugMon_Handler)
    i.Error_Handler                          0x080045b8   Section        0  main.o(i.Error_Handler)
    i.FLASH_MassErase                        0x080045bc   Section        0  stm32f1xx_hal_flash_ex.o(i.FLASH_MassErase)
    FLASH_MassErase                          0x080045bd   Thumb Code    26  stm32f1xx_hal_flash_ex.o(i.FLASH_MassErase)
    i.FLASH_PageErase                        0x080045e0   Section        0  stm32f1xx_hal_flash_ex.o(i.FLASH_PageErase)
    i.FLASH_Program_HalfWord                 0x08004604   Section        0  stm32f1xx_hal_flash.o(i.FLASH_Program_HalfWord)
    FLASH_Program_HalfWord                   0x08004605   Thumb Code    20  stm32f1xx_hal_flash.o(i.FLASH_Program_HalfWord)
    i.FLASH_SetErrorCode                     0x08004620   Section        0  stm32f1xx_hal_flash.o(i.FLASH_SetErrorCode)
    FLASH_SetErrorCode                       0x08004621   Thumb Code    84  stm32f1xx_hal_flash.o(i.FLASH_SetErrorCode)
    i.FLASH_WaitForLastOperation             0x0800467c   Section        0  stm32f1xx_hal_flash.o(i.FLASH_WaitForLastOperation)
    i.Flash_Write                            0x080046d0   Section        0  ota.o(i.Flash_Write)
    Flash_Write                              0x080046d1   Thumb Code    94  ota.o(i.Flash_Write)
    i.HAL_DMA_Abort                          0x0800472e   Section        0  stm32f1xx_hal_dma.o(i.HAL_DMA_Abort)
    i.HAL_DMA_Abort_IT                       0x08004774   Section        0  stm32f1xx_hal_dma.o(i.HAL_DMA_Abort_IT)
    i.HAL_DMA_IRQHandler                     0x0800480c   Section        0  stm32f1xx_hal_dma.o(i.HAL_DMA_IRQHandler)
    i.HAL_DMA_Init                           0x08004960   Section        0  stm32f1xx_hal_dma.o(i.HAL_DMA_Init)
    i.HAL_FLASHEx_Erase                      0x080049bc   Section        0  stm32f1xx_hal_flash_ex.o(i.HAL_FLASHEx_Erase)
    i.HAL_FLASH_Lock                         0x08004a64   Section        0  stm32f1xx_hal_flash.o(i.HAL_FLASH_Lock)
    i.HAL_FLASH_Program                      0x08004a78   Section        0  stm32f1xx_hal_flash.o(i.HAL_FLASH_Program)
    i.HAL_FLASH_Unlock                       0x08004af8   Section        0  stm32f1xx_hal_flash.o(i.HAL_FLASH_Unlock)
    i.HAL_GPIO_Init                          0x08004b20   Section        0  stm32f1xx_hal_gpio.o(i.HAL_GPIO_Init)
    i.HAL_GPIO_WritePin                      0x08004d00   Section        0  stm32f1xx_hal_gpio.o(i.HAL_GPIO_WritePin)
    i.HAL_GetTick                            0x08004d0c   Section        0  stm32f1xx_hal.o(i.HAL_GetTick)
    i.HAL_IWDG_Init                          0x08004d18   Section        0  stm32f1xx_hal_iwdg.o(i.HAL_IWDG_Init)
    i.HAL_IWDG_Refresh                       0x08004d76   Section        0  stm32f1xx_hal_iwdg.o(i.HAL_IWDG_Refresh)
    i.HAL_IncTick                            0x08004d84   Section        0  stm32f1xx_hal.o(i.HAL_IncTick)
    i.HAL_Init                               0x08004d94   Section        0  stm32f1xx_hal.o(i.HAL_Init)
    i.HAL_InitTick                           0x08004db8   Section        0  stm32f1xx_hal.o(i.HAL_InitTick)
    i.HAL_MspInit                            0x08004df8   Section        0  stm32f1xx_hal_msp.o(i.HAL_MspInit)
    i.HAL_NVIC_EnableIRQ                     0x08004e34   Section        0  stm32f1xx_hal_cortex.o(i.HAL_NVIC_EnableIRQ)
    i.HAL_NVIC_SetPriority                   0x08004e50   Section        0  stm32f1xx_hal_cortex.o(i.HAL_NVIC_SetPriority)
    i.HAL_NVIC_SetPriorityGrouping           0x08004e90   Section        0  stm32f1xx_hal_cortex.o(i.HAL_NVIC_SetPriorityGrouping)
    i.HAL_RCC_ClockConfig                    0x08004eb4   Section        0  stm32f1xx_hal_rcc.o(i.HAL_RCC_ClockConfig)
    i.HAL_RCC_GetPCLK1Freq                   0x08004fe0   Section        0  stm32f1xx_hal_rcc.o(i.HAL_RCC_GetPCLK1Freq)
    i.HAL_RCC_GetPCLK2Freq                   0x08005000   Section        0  stm32f1xx_hal_rcc.o(i.HAL_RCC_GetPCLK2Freq)
    i.HAL_RCC_GetSysClockFreq                0x08005020   Section        0  stm32f1xx_hal_rcc.o(i.HAL_RCC_GetSysClockFreq)
    i.HAL_RCC_OscConfig                      0x0800506c   Section        0  stm32f1xx_hal_rcc.o(i.HAL_RCC_OscConfig)
    i.HAL_SYSTICK_Config                     0x0800538c   Section        0  stm32f1xx_hal_cortex.o(i.HAL_SYSTICK_Config)
    i.HAL_UARTEx_RxEventCallback             0x080053b4   Section        0  stm32f1xx_hal_uart.o(i.HAL_UARTEx_RxEventCallback)
    i.HAL_UART_ErrorCallback                 0x080053b6   Section        0  stm32f1xx_hal_uart.o(i.HAL_UART_ErrorCallback)
    i.HAL_UART_IRQHandler                    0x080053b8   Section        0  stm32f1xx_hal_uart.o(i.HAL_UART_IRQHandler)
    i.HAL_UART_Init                          0x08005624   Section        0  stm32f1xx_hal_uart.o(i.HAL_UART_Init)
    i.HAL_UART_MspInit                       0x08005688   Section        0  usart.o(i.HAL_UART_MspInit)
    i.HAL_UART_RxCpltCallback                0x080057f0   Section        0  stm32f1xx_hal_uart.o(i.HAL_UART_RxCpltCallback)
    i.HAL_UART_TxCpltCallback                0x080057f2   Section        0  stm32f1xx_hal_uart.o(i.HAL_UART_TxCpltCallback)
    i.HardFault_Handler                      0x080057f4   Section        0  stm32f1xx_it.o(i.HardFault_Handler)
    i.LL_APB2_GRP1_EnableClock               0x080057f8   Section        0  spi.o(i.LL_APB2_GRP1_EnableClock)
    LL_APB2_GRP1_EnableClock                 0x080057f9   Thumb Code    18  spi.o(i.LL_APB2_GRP1_EnableClock)
    i.LL_APB2_GRP1_EnableClock               0x08005810   Section        0  tim.o(i.LL_APB2_GRP1_EnableClock)
    LL_APB2_GRP1_EnableClock                 0x08005811   Thumb Code    18  tim.o(i.LL_APB2_GRP1_EnableClock)
    i.LL_GPIO_Init                           0x08005828   Section        0  stm32f1xx_ll_gpio.o(i.LL_GPIO_Init)
    i.LL_SPI_Init                            0x08005918   Section        0  stm32f1xx_ll_spi.o(i.LL_SPI_Init)
    i.LL_TIM_Init                            0x08005974   Section        0  stm32f1xx_ll_tim.o(i.LL_TIM_Init)
    i.LL_TIM_OC_DisableFast                  0x080059dc   Section        0  tim.o(i.LL_TIM_OC_DisableFast)
    LL_TIM_OC_DisableFast                    0x080059dd   Thumb Code    80  tim.o(i.LL_TIM_OC_DisableFast)
    i.LL_TIM_OC_Init                         0x08005a30   Section        0  stm32f1xx_ll_tim.o(i.LL_TIM_OC_Init)
    i.MX_DMA_Init                            0x08005bbc   Section        0  dma.o(i.MX_DMA_Init)
    i.MX_GPIO_Init                           0x08005c08   Section        0  gpio.o(i.MX_GPIO_Init)
    i.MX_IWDG_Init                           0x08005cb0   Section        0  iwdg.o(i.MX_IWDG_Init)
    i.MX_SPI1_Init                           0x08005cdc   Section        0  spi.o(i.MX_SPI1_Init)
    i.MX_TIM2_Init                           0x08005d64   Section        0  tim.o(i.MX_TIM2_Init)
    i.MX_USART1_UART_Init                    0x08005ed0   Section        0  usart.o(i.MX_USART1_UART_Init)
    i.MX_USART2_UART_Init                    0x08005f08   Section        0  usart.o(i.MX_USART2_UART_Init)
    i.MemManage_Handler                      0x08005f40   Section        0  stm32f1xx_it.o(i.MemManage_Handler)
    i.Modbus_Crc16                           0x08005f42   Section        0  modbus.o(i.Modbus_Crc16)
    Modbus_Crc16                             0x08005f43   Thumb Code    50  modbus.o(i.Modbus_Crc16)
    i.Modbus_Init                            0x08005f74   Section        0  modbus.o(i.Modbus_Init)
    i.Modbus_OTAInfo_Updata                  0x08005f84   Section        0  modbus.o(i.Modbus_OTAInfo_Updata)
    Modbus_OTAInfo_Updata                    0x08005f85   Thumb Code   142  modbus.o(i.Modbus_OTAInfo_Updata)
    i.Modbus_Response_ReadInputRegisters     0x08006024   Section        0  modbus.o(i.Modbus_Response_ReadInputRegisters)
    Modbus_Response_ReadInputRegisters       0x08006025   Thumb Code   110  modbus.o(i.Modbus_Response_ReadInputRegisters)
    i.Modbus_RxHandler                       0x080060a0   Section        0  modbus.o(i.Modbus_RxHandler)
    i.Modbus_Send                            0x080060e0   Section        0  modbus.o(i.Modbus_Send)
    Modbus_Send                              0x080060e1   Thumb Code    40  modbus.o(i.Modbus_Send)
    i.Modbus_Updata                          0x08006108   Section        0  modbus.o(i.Modbus_Updata)
    i.Monitor_Task                           0x0800614c   Section        0  rtos.o(i.Monitor_Task)
    i.NMI_Handler                            0x080061a4   Section        0  stm32f1xx_it.o(i.NMI_Handler)
    i.OTA_WriteInfo                          0x080061a8   Section        0  ota.o(i.OTA_WriteInfo)
    i.PendSV_Handler                         0x080061b8   Section        0  stm32f1xx_it.o(i.PendSV_Handler)
    i.RTOS_Init                              0x080061bc   Section        0  rtos.o(i.RTOS_Init)
    i.SPI_DMARX_ISR                          0x08006248   Section        0  spi_drv.o(i.SPI_DMARX_ISR)
    i.SPI_DrvInit                            0x080062bc   Section        0  spi_drv.o(i.SPI_DrvInit)
    i.SPI_ReadStart                          0x08006354   Section        0  spi_drv.o(i.SPI_ReadStart)
    i.SPI_ReadWait                           0x0800641c   Section        0  spi_drv.o(i.SPI_ReadWait)
    i.SVC_Handler                            0x08006448   Section        0  stm32f1xx_it.o(i.SVC_Handler)
    i.Sensor_Task                            0x0800644c   Section        0  rtos.o(i.Sensor_Task)
    i.SysTick_Handler                        0x0800646c   Section        0  stm32f1xx_it.o(i.SysTick_Handler)
    i.SystemClock_Config                     0x08006484   Section        0  main.o(i.SystemClock_Config)
    i.SystemInit                             0x080064e8   Section        0  system_stm32f1xx.o(i.SystemInit)
    i.TIM2_IRQHandler                        0x080064ec   Section        0  stm32f1xx_it.o(i.TIM2_IRQHandler)
    i.TIM_Enable                             0x080064f8   Section        0  tim_drv.o(i.TIM_Enable)
    i.TIM_Sample_ISR                         0x08006518   Section        0  tim_drv.o(i.TIM_Sample_ISR)
    i.UART1_DrvInit                          0x08006558   Section        0  uart_drv.o(i.UART1_DrvInit)
    i.UART2_DrvInit                          0x0800659c   Section        0  uart_drv.o(i.UART2_DrvInit)
    i.UART_DMAAbortOnError                   0x080065e4   Section        0  stm32f1xx_hal_uart.o(i.UART_DMAAbortOnError)
    UART_DMAAbortOnError                     0x080065e5   Thumb Code    16  stm32f1xx_hal_uart.o(i.UART_DMAAbortOnError)
    i.UART_DataDrv_InitHW                    0x080065f4   Section        0  uart_drv.o(i.UART_DataDrv_InitHW)
    UART_DataDrv_InitHW                      0x080065f5   Thumb Code   162  uart_drv.o(i.UART_DataDrv_InitHW)
    i.UART_Data_TX_TC_ISR                    0x0800669c   Section        0  uart_drv.o(i.UART_Data_TX_TC_ISR)
    i.UART_Data_TX_ZeroCopy                  0x080066d0   Section        0  uart_drv.o(i.UART_Data_TX_ZeroCopy)
    i.UART_EndRxTransfer                     0x08006726   Section        0  stm32f1xx_hal_uart.o(i.UART_EndRxTransfer)
    UART_EndRxTransfer                       0x08006727   Thumb Code    78  stm32f1xx_hal_uart.o(i.UART_EndRxTransfer)
    i.UART_IDLE_ISR                          0x08006774   Section        0  uart_drv.o(i.UART_IDLE_ISR)
    i.UART_Print_RingBuffer_Send             0x08006850   Section        0  uart_drv.o(i.UART_Print_RingBuffer_Send)
    UART_Print_RingBuffer_Send               0x08006851   Thumb Code   122  uart_drv.o(i.UART_Print_RingBuffer_Send)
    i.UART_Print_TX_TC_ISR                   0x080068cc   Section        0  uart_drv.o(i.UART_Print_TX_TC_ISR)
    i.UART_RX_Wait                           0x08006928   Section        0  uart_drv.o(i.UART_RX_Wait)
    i.UART_RX_ZeroCopy_Get                   0x0800696e   Section        0  uart_drv.o(i.UART_RX_ZeroCopy_Get)
    i.UART_RX_ZeroCopy_Release               0x08006994   Section        0  uart_drv.o(i.UART_RX_ZeroCopy_Release)
    i.UART_Receive_IT                        0x080069aa   Section        0  stm32f1xx_hal_uart.o(i.UART_Receive_IT)
    UART_Receive_IT                          0x080069ab   Thumb Code   194  stm32f1xx_hal_uart.o(i.UART_Receive_IT)
    i.UART_SetConfig                         0x08006a6c   Section        0  stm32f1xx_hal_uart.o(i.UART_SetConfig)
    UART_SetConfig                           0x08006a6d   Thumb Code   178  stm32f1xx_hal_uart.o(i.UART_SetConfig)
    i.USART1_IRQHandler                      0x08006b24   Section        0  stm32f1xx_it.o(i.USART1_IRQHandler)
    i.USART2_IRQHandler                      0x08006b30   Section        0  stm32f1xx_it.o(i.USART2_IRQHandler)
    i.UsageFault_Handler                     0x08006b54   Section        0  stm32f1xx_it.o(i.UsageFault_Handler)
    i.__NVIC_SetPriority                     0x08006b56   Section        0  stm32f1xx_hal_cortex.o(i.__NVIC_SetPriority)
    __NVIC_SetPriority                       0x08006b57   Thumb Code    32  stm32f1xx_hal_cortex.o(i.__NVIC_SetPriority)
    i.main                                   0x08006b78   Section        0  main.o(i.main)
    i.prvAddCurrentTaskToDelayedList         0x08006bd4   Section        0  tasks.o(i.prvAddCurrentTaskToDelayedList)
    prvAddCurrentTaskToDelayedList           0x08006bd5   Thumb Code   136  tasks.o(i.prvAddCurrentTaskToDelayedList)
    i.prvAddNewTaskToReadyList               0x08006c64   Section        0  tasks.o(i.prvAddNewTaskToReadyList)
    prvAddNewTaskToReadyList                 0x08006c65   Thumb Code   218  tasks.o(i.prvAddNewTaskToReadyList)
    i.prvCopyDataToQueue                     0x08006d4c   Section        0  queue.o(i.prvCopyDataToQueue)
    prvCopyDataToQueue                       0x08006d4d   Thumb Code   108  queue.o(i.prvCopyDataToQueue)
    i.prvHeapInit                            0x08006db8   Section        0  heap_4.o(i.prvHeapInit)
    prvHeapInit                              0x08006db9   Thumb Code    60  heap_4.o(i.prvHeapInit)
    i.prvIdleTask                            0x08006dfc   Section        0  tasks.o(i.prvIdleTask)
    prvIdleTask                              0x08006dfd   Thumb Code    26  tasks.o(i.prvIdleTask)
    i.prvInitialiseNewTask                   0x08006e20   Section        0  tasks.o(i.prvInitialiseNewTask)
    prvInitialiseNewTask                     0x08006e21   Thumb Code   166  tasks.o(i.prvInitialiseNewTask)
    i.prvInsertBlockIntoFreeList             0x08006ec8   Section        0  heap_4.o(i.prvInsertBlockIntoFreeList)
    prvInsertBlockIntoFreeList               0x08006ec9   Thumb Code   106  heap_4.o(i.prvInsertBlockIntoFreeList)
    i.prvIsQueueEmpty                        0x08006f40   Section        0  queue.o(i.prvIsQueueEmpty)
    prvIsQueueEmpty                          0x08006f41   Thumb Code    28  queue.o(i.prvIsQueueEmpty)
    i.prvResetNextTaskUnblockTime            0x08006f5c   Section        0  tasks.o(i.prvResetNextTaskUnblockTime)
    prvResetNextTaskUnblockTime              0x08006f5d   Thumb Code    24  tasks.o(i.prvResetNextTaskUnblockTime)
    i.prvTaskExitError                       0x08006f78   Section        0  port.o(i.prvTaskExitError)
    prvTaskExitError                         0x08006f79   Thumb Code    36  port.o(i.prvTaskExitError)
    i.prvUnlockQueue                         0x08006fa0   Section        0  queue.o(i.prvUnlockQueue)
    prvUnlockQueue                           0x08006fa1   Thumb Code   106  queue.o(i.prvUnlockQueue)
    i.pvPortMalloc                           0x0800700c   Section        0  heap_4.o(i.pvPortMalloc)
    i.pvTaskIncrementMutexHeldCount          0x08007150   Section        0  tasks.o(i.pvTaskIncrementMutexHeldCount)
    i.pxPortInitialiseStack                  0x08007164   Section        0  port.o(i.pxPortInitialiseStack)
    i.ulTaskGenericNotifyTake                0x08007188   Section        0  tasks.o(i.ulTaskGenericNotifyTake)
    i.uxListRemove                           0x0800721c   Section        0  list.o(i.uxListRemove)
    i.uxTaskGetNumberOfTasks                 0x08007240   Section        0  tasks.o(i.uxTaskGetNumberOfTasks)
    i.vListInitialise                        0x0800724c   Section        0  list.o(i.vListInitialise)
    i.vListInitialiseItem                    0x08007262   Section        0  list.o(i.vListInitialiseItem)
    i.vListInsert                            0x08007268   Section        0  list.o(i.vListInsert)
    i.vPortEnterCritical                     0x08007298   Section        0  port.o(i.vPortEnterCritical)
    i.vPortExitCritical                      0x080072d8   Section        0  port.o(i.vPortExitCritical)
    i.vPortFree                              0x08007300   Section        0  heap_4.o(i.vPortFree)
    i.vPortSetupTimerInterrupt               0x08007388   Section        0  port.o(i.vPortSetupTimerInterrupt)
    i.vPortValidateInterruptPriority         0x080073a0   Section        0  port.o(i.vPortValidateInterruptPriority)
    i.vTaskDelay                             0x080073f4   Section        0  tasks.o(i.vTaskDelay)
    i.vTaskGenericNotifyGiveFromISR          0x08007440   Section        0  tasks.o(i.vTaskGenericNotifyGiveFromISR)
    i.vTaskInternalSetTimeOutState           0x0800756c   Section        0  tasks.o(i.vTaskInternalSetTimeOutState)
    i.vTaskMissedYield                       0x0800757c   Section        0  tasks.o(i.vTaskMissedYield)
    i.vTaskPlaceOnEventList                  0x08007588   Section        0  tasks.o(i.vTaskPlaceOnEventList)
    i.vTaskPriorityDisinheritAfterTimeout    0x080075b8   Section        0  tasks.o(i.vTaskPriorityDisinheritAfterTimeout)
    i.vTaskStartScheduler                    0x0800767c   Section        0  tasks.o(i.vTaskStartScheduler)
    i.vTaskSuspendAll                        0x080076fc   Section        0  tasks.o(i.vTaskSuspendAll)
    i.vTaskSwitchContext                     0x0800770c   Section        0  tasks.o(i.vTaskSwitchContext)
    i.xPortStartScheduler                    0x0800776c   Section        0  port.o(i.xPortStartScheduler)
    i.xPortSysTickHandler                    0x08007820   Section        0  port.o(i.xPortSysTickHandler)
    i.xQueueGenericCreate                    0x0800784c   Section        0  queue.o(i.xQueueGenericCreate)
    i.xQueueGenericReset                     0x080078a0   Section        0  queue.o(i.xQueueGenericReset)
    i.xQueueGenericSend                      0x08007950   Section        0  queue.o(i.xQueueGenericSend)
    i.xQueueGiveFromISR                      0x08007ab0   Section        0  queue.o(i.xQueueGiveFromISR)
    i.xQueueSemaphoreTake                    0x08007b6c   Section        0  queue.o(i.xQueueSemaphoreTake)
    i.xTaskCheckForTimeOut                   0x08007cd4   Section        0  tasks.o(i.xTaskCheckForTimeOut)
    i.xTaskCreate                            0x08007d50   Section        0  tasks.o(i.xTaskCreate)
    i.xTaskGetSchedulerState                 0x08007dac   Section        0  tasks.o(i.xTaskGetSchedulerState)
    i.xTaskIncrementTick                     0x08007dc8   Section        0  tasks.o(i.xTaskIncrementTick)
    i.xTaskPriorityDisinherit                0x08007f04   Section        0  tasks.o(i.xTaskPriorityDisinherit)
    i.xTaskPriorityInherit                   0x08007fbc   Section        0  tasks.o(i.xTaskPriorityInherit)
    i.xTaskRemoveFromEventList               0x0800806c   Section        0  tasks.o(i.xTaskRemoveFromEventList)
    i.xTaskResumeAll                         0x0800814c   Section        0  tasks.o(i.xTaskResumeAll)
    .constdata                               0x08008298   Section        2  spi_drv.o(.constdata)
    SPI_DummyWord                            0x08008298   Data           2  spi_drv.o(.constdata)
    .constdata                               0x0800829a   Section       14  tim.o(.constdata)
    OFFSET_TAB_CCMRx                         0x0800829a   Data           7  tim.o(.constdata)
    SHIFT_TAB_OCxx                           0x080082a1   Data           7  tim.o(.constdata)
    .constdata                               0x080082a8   Section       18  stm32f1xx_hal_rcc.o(.constdata)
    aPredivFactorTable                       0x080082a8   Data           2  stm32f1xx_hal_rcc.o(.constdata)
    aPLLMULFactorTable                       0x080082aa   Data          16  stm32f1xx_hal_rcc.o(.constdata)
    .constdata                               0x080082ba   Section       16  system_stm32f1xx.o(.constdata)
    .constdata                               0x080082ca   Section        8  system_stm32f1xx.o(.constdata)
    .data                                    0x20000000   Section     1400  uart_drv.o(.data)
    .data                                    0x20000578   Section      168  spi_drv.o(.data)
    .data                                    0x20000620   Section        8  tim_drv.o(.data)
    .data                                    0x20000628   Section       12  stm32f1xx_hal.o(.data)
    .data                                    0x20000634   Section        4  system_stm32f1xx.o(.data)
    .data                                    0x20000638   Section       32  rtos.o(.data)
    last_sensor_heartbeat                    0x20000648   Data           4  rtos.o(.data)
    last_comm_heartbeat                      0x2000064c   Data           4  rtos.o(.data)
    .data                                    0x20000658   Section       60  tasks.o(.data)
    uxCurrentNumberOfTasks                   0x2000065c   Data           4  tasks.o(.data)
    xTickCount                               0x20000660   Data           4  tasks.o(.data)
    uxTopReadyPriority                       0x20000664   Data           4  tasks.o(.data)
    xSchedulerRunning                        0x20000668   Data           4  tasks.o(.data)
    xPendedTicks                             0x2000066c   Data           4  tasks.o(.data)
    xYieldPendings                           0x20000670   Data           4  tasks.o(.data)
    xNumOfOverflows                          0x20000674   Data           4  tasks.o(.data)
    uxTaskNumber                             0x20000678   Data           4  tasks.o(.data)
    xNextTaskUnblockTime                     0x2000067c   Data           4  tasks.o(.data)
    uxTopUsedPriority                        0x20000680   Data           4  tasks.o(.data)
    uxSchedulerSuspended                     0x20000684   Data           4  tasks.o(.data)
    pxDelayedTaskList                        0x20000688   Data           4  tasks.o(.data)
    pxOverflowDelayedTaskList                0x2000068c   Data           4  tasks.o(.data)
    xIdleTaskHandles                         0x20000690   Data           4  tasks.o(.data)
    .data                                    0x20000694   Section       28  heap_4.o(.data)
    pxEnd                                    0x20000694   Data           4  heap_4.o(.data)
    xFreeBytesRemaining                      0x20000698   Data           4  heap_4.o(.data)
    xMinimumEverFreeBytesRemaining           0x2000069c   Data           4  heap_4.o(.data)
    xNumberOfSuccessfulAllocations           0x200006a0   Data           4  heap_4.o(.data)
    xNumberOfSuccessfulFrees                 0x200006a4   Data           4  heap_4.o(.data)
    xStart                                   0x200006a8   Data           8  heap_4.o(.data)
    .data                                    0x200006b0   Section       12  port.o(.data)
    ucMaxSysCallPriority                     0x200006b0   Data           1  port.o(.data)
    uxCriticalNesting                        0x200006b4   Data           4  port.o(.data)
    ulMaxPRIGROUPValue                       0x200006b8   Data           4  port.o(.data)
    .data                                    0x200006bc   Section        4  modbus.o(.data)
    active_buf                               0x200006bc   Data           4  modbus.o(.data)
    .bss                                     0x200006c0   Section       12  iwdg.o(.bss)
    .bss                                     0x200006cc   Section      348  usart.o(.bss)
    .bss                                     0x20000828   Section       32  stm32f1xx_hal_flash.o(.bss)
    .bss                                     0x20000848   Section      180  tasks.o(.bss)
    pxReadyTasksLists                        0x20000848   Data         100  tasks.o(.bss)
    xDelayedTaskList1                        0x200008ac   Data          20  tasks.o(.bss)
    xDelayedTaskList2                        0x200008c0   Data          20  tasks.o(.bss)
    xPendingReadyList                        0x200008d4   Data          20  tasks.o(.bss)
    xSuspendedTaskList                       0x200008e8   Data          20  tasks.o(.bss)
    .bss                                     0x200008fc   Section    10240  heap_4.o(.bss)
    ucHeap                                   0x200008fc   Data       10240  heap_4.o(.bss)
    .bss                                     0x200030fc   Section      288  modbus.o(.bss)
    modbus_tx_buf                            0x200030fc   Data         256  modbus.o(.bss)
    InputData_A                              0x200031fc   Data          16  modbus.o(.bss)
    InputData_B                              0x2000320c   Data          16  modbus.o(.bss)
    .bss                                     0x2000321c   Section       96  libspace.o(.bss)
    HEAP                                     0x20003280   Section      512  startup_stm32f103xb.o(HEAP)
    Heap_Mem                                 0x20003280   Data         512  startup_stm32f103xb.o(HEAP)
    STACK                                    0x20003480   Section     1024  startup_stm32f103xb.o(STACK)
    Stack_Mem                                0x20003480   Data        1024  startup_stm32f103xb.o(STACK)
    __initial_sp                             0x20003880   Data           0  startup_stm32f103xb.o(STACK)

    Global Symbols

    Symbol Name                              Value     Ov Type        Size  Object(Section)

    BuildAttributes$$THM_ISAv4$P$D$K$B$S$PE$A:L22UL41UL21$X:L11$S22US41US21$IEEE1$IW$USESV6$~STKCKD$USESV7$~SHL$OTIME$ROPI$IEEEJ$EBA8$UX$STANDARDLIB$REQ8$PRES8$EABIv2 0x00000000   Number         0  anon$$obj.o ABSOLUTE
    __ARM_use_no_argv                        0x00000000   Number         0  main.o ABSOLUTE
    _printf_flags                            0x00000000   Number         0  printf_stubs.o ABSOLUTE
    _printf_return_value                     0x00000000   Number         0  printf_stubs.o ABSOLUTE
    _printf_sizespec                         0x00000000   Number         0  printf_stubs.o ABSOLUTE
    _printf_widthprec                        0x00000000   Number         0  printf_stubs.o ABSOLUTE
    __ARM_exceptions_init                     - Undefined Weak Reference
    __alloca_initialize                       - Undefined Weak Reference
    __arm_fini_                               - Undefined Weak Reference
    __arm_preinit_                            - Undefined Weak Reference
    __cpp_initialize__aeabi_                  - Undefined Weak Reference
    __cxa_finalize                            - Undefined Weak Reference
    __sigvec_lookup                           - Undefined Weak Reference
    _atexit_init                              - Undefined Weak Reference
    _call_atexit_fns                          - Undefined Weak Reference
    _clock_init                               - Undefined Weak Reference
    _fp_trap_init                             - Undefined Weak Reference
    _fp_trap_shutdown                         - Undefined Weak Reference
    _get_lc_collate                           - Undefined Weak Reference
    _get_lc_monetary                          - Undefined Weak Reference
    _get_lc_time                              - Undefined Weak Reference
    _getenv_init                              - Undefined Weak Reference
    _handle_redirection                       - Undefined Weak Reference
    _init_alloc                               - Undefined Weak Reference
    _init_user_alloc                          - Undefined Weak Reference
    _initio                                   - Undefined Weak Reference
    _printf_mbtowc                            - Undefined Weak Reference
    _printf_wc                                - Undefined Weak Reference
    _rand_init                                - Undefined Weak Reference
    _signal_finish                            - Undefined Weak Reference
    _signal_init                              - Undefined Weak Reference
    _terminate_alloc                          - Undefined Weak Reference
    _terminate_user_alloc                     - Undefined Weak Reference
    _terminateio                              - Undefined Weak Reference
    __Vectors_Size                           0x000000ec   Number         0  startup_stm32f103xb.o ABSOLUTE
    __Vectors                                0x08004000   Data           4  startup_stm32f103xb.o(RESET)
    __Vectors_End                            0x080040ec   Data           0  startup_stm32f103xb.o(RESET)
    __main                                   0x080040ed   Thumb Code     8  __main.o(!!!main)
    __scatterload                            0x080040f5   Thumb Code     0  __scatter.o(!!!scatter)
    __scatterload_rt2                        0x080040f5   Thumb Code    44  __scatter.o(!!!scatter)
    __scatterload_rt2_thumb_only             0x080040f5   Thumb Code     0  __scatter.o(!!!scatter)
    __scatterload_null                       0x08004103   Thumb Code     0  __scatter.o(!!!scatter)
    __decompress                             0x08004129   Thumb Code    90  __dczerorl2.o(!!dczerorl2)
    __decompress1                            0x08004129   Thumb Code     0  __dczerorl2.o(!!dczerorl2)
    __scatterload_zeroinit                   0x08004185   Thumb Code    28  __scatter_zi.o(!!handler_zi)
    __rt_lib_init                            0x080041a1   Thumb Code     0  libinit.o(.ARM.Collect$$libinit$$00000000)
    __rt_lib_init_alloca_1                   0x080041a3   Thumb Code     0  libinit2.o(.ARM.Collect$$libinit$$0000002E)
    __rt_lib_init_argv_1                     0x080041a3   Thumb Code     0  libinit2.o(.ARM.Collect$$libinit$$0000002C)
    __rt_lib_init_atexit_1                   0x080041a3   Thumb Code     0  libinit2.o(.ARM.Collect$$libinit$$0000001B)
    __rt_lib_init_clock_1                    0x080041a3   Thumb Code     0  libinit2.o(.ARM.Collect$$libinit$$00000021)
    __rt_lib_init_cpp_1                      0x080041a3   Thumb Code     0  libinit2.o(.ARM.Collect$$libinit$$00000032)
    __rt_lib_init_exceptions_1               0x080041a3   Thumb Code     0  libinit2.o(.ARM.Collect$$libinit$$00000030)
    __rt_lib_init_fp_1                       0x080041a3   Thumb Code     0  libinit2.o(.ARM.Collect$$libinit$$00000002)
    __rt_lib_init_fp_trap_1                  0x080041a3   Thumb Code     0  libinit2.o(.ARM.Collect$$libinit$$0000001F)
    __rt_lib_init_getenv_1                   0x080041a3   Thumb Code     0  libinit2.o(.ARM.Collect$$libinit$$00000023)
    __rt_lib_init_heap_1                     0x080041a3   Thumb Code     0  libinit2.o(.ARM.Collect$$libinit$$0000000A)
    __rt_lib_init_lc_collate_1               0x080041a3   Thumb Code     0  libinit2.o(.ARM.Collect$$libinit$$00000011)
    __rt_lib_init_lc_ctype_1                 0x080041a3   Thumb Code     0  libinit2.o(.ARM.Collect$$libinit$$00000013)
    __rt_lib_init_lc_monetary_1              0x080041a3   Thumb Code     0  libinit2.o(.ARM.Collect$$libinit$$00000015)
    __rt_lib_init_lc_numeric_1               0x080041a3   Thumb Code     0  libinit2.o(.ARM.Collect$$libinit$$00000017)
    __rt_lib_init_lc_time_1                  0x080041a3   Thumb Code     0  libinit2.o(.ARM.Collect$$libinit$$00000019)
    __rt_lib_init_preinit_1                  0x080041a3   Thumb Code     0  libinit2.o(.ARM.Collect$$libinit$$00000004)
    __rt_lib_init_rand_1                     0x080041a3   Thumb Code     0  libinit2.o(.ARM.Collect$$libinit$$0000000E)
    __rt_lib_init_return                     0x080041a3   Thumb Code     0  libinit2.o(.ARM.Collect$$libinit$$00000033)
    __rt_lib_init_signal_1                   0x080041a3   Thumb Code     0  libinit2.o(.ARM.Collect$$libinit$$0000001D)
    __rt_lib_init_stdio_1                    0x080041a3   Thumb Code     0  libinit2.o(.ARM.Collect$$libinit$$00000025)
    __rt_lib_init_user_alloc_1               0x080041a3   Thumb Code     0  libinit2.o(.ARM.Collect$$libinit$$0000000C)
    __rt_lib_shutdown                        0x080041a5   Thumb Code     0  libshutdown.o(.ARM.Collect$$libshutdown$$00000000)
    __rt_lib_shutdown_cpp_1                  0x080041a7   Thumb Code     0  libshutdown2.o(.ARM.Collect$$libshutdown$$00000004)
    __rt_lib_shutdown_fini_1                 0x080041a7   Thumb Code     0  libshutdown2.o(.ARM.Collect$$libshutdown$$00000002)
    __rt_lib_shutdown_fp_trap_1              0x080041a7   Thumb Code     0  libshutdown2.o(.ARM.Collect$$libshutdown$$00000009)
    __rt_lib_shutdown_heap_1                 0x080041a7   Thumb Code     0  libshutdown2.o(.ARM.Collect$$libshutdown$$00000011)
    __rt_lib_shutdown_return                 0x080041a7   Thumb Code     0  libshutdown2.o(.ARM.Collect$$libshutdown$$00000012)
    __rt_lib_shutdown_signal_1               0x080041a7   Thumb Code     0  libshutdown2.o(.ARM.Collect$$libshutdown$$0000000C)
    __rt_lib_shutdown_stdio_1                0x080041a7   Thumb Code     0  libshutdown2.o(.ARM.Collect$$libshutdown$$00000006)
    __rt_lib_shutdown_user_alloc_1           0x080041a7   Thumb Code     0  libshutdown2.o(.ARM.Collect$$libshutdown$$0000000E)
    __rt_entry                               0x080041a9   Thumb Code     0  __rtentry.o(.ARM.Collect$$rtentry$$00000000)
    __rt_entry_presh_1                       0x080041a9   Thumb Code     0  __rtentry2.o(.ARM.Collect$$rtentry$$00000002)
    __rt_entry_sh                            0x080041a9   Thumb Code     0  __rtentry4.o(.ARM.Collect$$rtentry$$00000004)
    __rt_entry_li                            0x080041af   Thumb Code     0  __rtentry2.o(.ARM.Collect$$rtentry$$0000000A)
    __rt_entry_postsh_1                      0x080041af   Thumb Code     0  __rtentry2.o(.ARM.Collect$$rtentry$$00000009)
    __rt_entry_main                          0x080041b3   Thumb Code     0  __rtentry2.o(.ARM.Collect$$rtentry$$0000000D)
    __rt_entry_postli_1                      0x080041b3   Thumb Code     0  __rtentry2.o(.ARM.Collect$$rtentry$$0000000C)
    __rt_exit                                0x080041bb   Thumb Code     0  rtexit.o(.ARM.Collect$$rtexit$$00000000)
    __rt_exit_ls                             0x080041bd   Thumb Code     0  rtexit2.o(.ARM.Collect$$rtexit$$00000003)
    __rt_exit_prels_1                        0x080041bd   Thumb Code     0  rtexit2.o(.ARM.Collect$$rtexit$$00000002)
    __rt_exit_exit                           0x080041c1   Thumb Code     0  rtexit2.o(.ARM.Collect$$rtexit$$00000004)
    vPortSVCHandler                          0x080041c9   Thumb Code    32  port.o(.emb_text)
    __asm___6_port_c_39a90d8d__prvStartFirstTask 0x080041ed   Thumb Code    28  port.o(.emb_text)
    xPortPendSVHandler                       0x0800420d   Thumb Code    72  port.o(.emb_text)
    vPortGetIPSR                             0x08004259   Thumb Code     6  port.o(.emb_text)
    Reset_Handler                            0x08004261   Thumb Code     8  startup_stm32f103xb.o(.text)
    ADC1_2_IRQHandler                        0x0800427b   Thumb Code     0  startup_stm32f103xb.o(.text)
    CAN1_RX1_IRQHandler                      0x0800427b   Thumb Code     0  startup_stm32f103xb.o(.text)
    CAN1_SCE_IRQHandler                      0x0800427b   Thumb Code     0  startup_stm32f103xb.o(.text)
    DMA1_Channel1_IRQHandler                 0x0800427b   Thumb Code     0  startup_stm32f103xb.o(.text)
    DMA1_Channel5_IRQHandler                 0x0800427b   Thumb Code     0  startup_stm32f103xb.o(.text)
    EXTI0_IRQHandler                         0x0800427b   Thumb Code     0  startup_stm32f103xb.o(.text)
    EXTI15_10_IRQHandler                     0x0800427b   Thumb Code     0  startup_stm32f103xb.o(.text)
    EXTI1_IRQHandler                         0x0800427b   Thumb Code     0  startup_stm32f103xb.o(.text)
    EXTI2_IRQHandler                         0x0800427b   Thumb Code     0  startup_stm32f103xb.o(.text)
    EXTI3_IRQHandler                         0x0800427b   Thumb Code     0  startup_stm32f103xb.o(.text)
    EXTI4_IRQHandler                         0x0800427b   Thumb Code     0  startup_stm32f103xb.o(.text)
    EXTI9_5_IRQHandler                       0x0800427b   Thumb Code     0  startup_stm32f103xb.o(.text)
    FLASH_IRQHandler                         0x0800427b   Thumb Code     0  startup_stm32f103xb.o(.text)
    I2C1_ER_IRQHandler                       0x0800427b   Thumb Code     0  startup_stm32f103xb.o(.text)
    I2C1_EV_IRQHandler                       0x0800427b   Thumb Code     0  startup_stm32f103xb.o(.text)
    I2C2_ER_IRQHandler                       0x0800427b   Thumb Code     0  startup_stm32f103xb.o(.text)
    I2C2_EV_IRQHandler                       0x0800427b   Thumb Code     0  startup_stm32f103xb.o(.text)
    PVD_IRQHandler                           0x0800427b   Thumb Code     0  startup_stm32f103xb.o(.text)
    RCC_IRQHandler                           0x0800427b   Thumb Code     0  startup_stm32f103xb.o(.text)
    RTC_Alarm_IRQHandler                     0x0800427b   Thumb Code     0  startup_stm32f103xb.o(.text)
    RTC_IRQHandler                           0x0800427b   Thumb Code     0  startup_stm32f103xb.o(.text)
    SPI1_IRQHandler                          0x0800427b   Thumb Code     0  startup_stm32f103xb.o(.text)
    SPI2_IRQHandler                          0x0800427b   Thumb Code     0  startup_stm32f103xb.o(.text)
    TAMPER_IRQHandler                        0x0800427b   Thumb Code     0  startup_stm32f103xb.o(.text)
    TIM1_BRK_IRQHandler                      0x0800427b   Thumb Code     0  startup_stm32f103xb.o(.text)
    TIM1_CC_IRQHandler                       0x0800427b   Thumb Code     0  startup_stm32f103xb.o(.text)
    TIM1_TRG_COM_IRQHandler                  0x0800427b   Thumb Code     0  startup_stm32f103xb.o(.text)
    TIM1_UP_IRQHandler                       0x0800427b   Thumb Code     0  startup_stm32f103xb.o(.text)
    TIM3_IRQHandler                          0x0800427b   Thumb Code     0  startup_stm32f103xb.o(.text)
    TIM4_IRQHandler                          0x0800427b   Thumb Code     0  startup_stm32f103xb.o(.text)
    USART3_IRQHandler                        0x0800427b   Thumb Code     0  startup_stm32f103xb.o(.text)
    USBWakeUp_IRQHandler                     0x0800427b   Thumb Code     0  startup_stm32f103xb.o(.text)
    USB_HP_CAN1_TX_IRQHandler                0x0800427b   Thumb Code     0  startup_stm32f103xb.o(.text)
    USB_LP_CAN1_RX0_IRQHandler               0x0800427b   Thumb Code     0  startup_stm32f103xb.o(.text)
    WWDG_IRQHandler                          0x0800427b   Thumb Code     0  startup_stm32f103xb.o(.text)
    __user_initial_stackheap                 0x0800427d   Thumb Code     0  startup_stm32f103xb.o(.text)
    __aeabi_llsr                             0x080042a1   Thumb Code     0  llushr.o(.text)
    _ll_ushift_r                             0x080042a1   Thumb Code    38  llushr.o(.text)
    __aeabi_memcpy                           0x080042c7   Thumb Code     0  rt_memcpy_v6.o(.text)
    __rt_memcpy                              0x080042c7   Thumb Code   138  rt_memcpy_v6.o(.text)
    _memcpy_lastbytes                        0x0800432d   Thumb Code     0  rt_memcpy_v6.o(.text)
    __aeabi_memset                           0x08004351   Thumb Code    16  aeabi_memset.o(.text)
    __aeabi_memclr                           0x08004361   Thumb Code     0  rt_memclr.o(.text)
    __rt_memclr                              0x08004361   Thumb Code    68  rt_memclr.o(.text)
    _memset                                  0x08004365   Thumb Code     0  rt_memclr.o(.text)
    __aeabi_memclr4                          0x080043a5   Thumb Code     0  rt_memclr_w.o(.text)
    __aeabi_memclr8                          0x080043a5   Thumb Code     0  rt_memclr_w.o(.text)
    __rt_memclr_w                            0x080043a5   Thumb Code    78  rt_memclr_w.o(.text)
    _memset_w                                0x080043a9   Thumb Code     0  rt_memclr_w.o(.text)
    __use_two_region_memory                  0x080043f3   Thumb Code     2  heapauxi.o(.text)
    __rt_heap_escrow$2region                 0x080043f5   Thumb Code     2  heapauxi.o(.text)
    __rt_heap_expand$2region                 0x080043f7   Thumb Code     2  heapauxi.o(.text)
    __aeabi_memcpy4                          0x080043f9   Thumb Code     0  rt_memcpy_w.o(.text)
    __aeabi_memcpy8                          0x080043f9   Thumb Code     0  rt_memcpy_w.o(.text)
    __rt_memcpy_w                            0x080043f9   Thumb Code   100  rt_memcpy_w.o(.text)
    _memcpy_lastbytes_aligned                0x08004441   Thumb Code     0  rt_memcpy_w.o(.text)
    __user_setup_stackheap                   0x0800445d   Thumb Code    74  sys_stackheap_outer.o(.text)
    exit                                     0x080044a7   Thumb Code    18  exit.o(.text)
    __user_libspace                          0x080044b9   Thumb Code     8  libspace.o(.text)
    __user_perproc_libspace                  0x080044b9   Thumb Code     0  libspace.o(.text)
    __user_perthread_libspace                0x080044b9   Thumb Code     0  libspace.o(.text)
    _sys_exit                                0x080044c1   Thumb Code     8  sys_exit.o(.text)
    __I$use$semihosting                      0x080044cd   Thumb Code     0  use_no_semi.o(.text)
    __use_no_semihosting_swi                 0x080044cd   Thumb Code     2  use_no_semi.o(.text)
    BusFault_Handler                         0x080044cf   Thumb Code     2  stm32f1xx_it.o(i.BusFault_Handler)
    __semihosting_library_function           0x080044cf   Thumb Code     0  indicate_semi.o(.text)
    Comm_Task                                0x080044d1   Thumb Code    24  rtos.o(i.Comm_Task)
    DMA1_Channel2_IRQHandler                 0x080044f5   Thumb Code    32  stm32f1xx_it.o(i.DMA1_Channel2_IRQHandler)
    DMA1_Channel3_IRQHandler                 0x0800451d   Thumb Code     6  stm32f1xx_it.o(i.DMA1_Channel3_IRQHandler)
    DMA1_Channel4_IRQHandler                 0x08004529   Thumb Code    32  stm32f1xx_it.o(i.DMA1_Channel4_IRQHandler)
    DMA1_Channel6_IRQHandler                 0x08004555   Thumb Code    32  stm32f1xx_it.o(i.DMA1_Channel6_IRQHandler)
    DMA1_Channel7_IRQHandler                 0x08004581   Thumb Code    32  stm32f1xx_it.o(i.DMA1_Channel7_IRQHandler)
    DebugMon_Handler                         0x080045b7   Thumb Code     2  stm32f1xx_it.o(i.DebugMon_Handler)
    Error_Handler                            0x080045b9   Thumb Code     4  main.o(i.Error_Handler)
    FLASH_PageErase                          0x080045e1   Thumb Code    28  stm32f1xx_hal_flash_ex.o(i.FLASH_PageErase)
    FLASH_WaitForLastOperation               0x0800467d   Thumb Code    80  stm32f1xx_hal_flash.o(i.FLASH_WaitForLastOperation)
    HAL_DMA_Abort                            0x0800472f   Thumb Code    70  stm32f1xx_hal_dma.o(i.HAL_DMA_Abort)
    HAL_DMA_Abort_IT                         0x08004775   Thumb Code   148  stm32f1xx_hal_dma.o(i.HAL_DMA_Abort_IT)
    HAL_DMA_IRQHandler                       0x0800480d   Thumb Code   316  stm32f1xx_hal_dma.o(i.HAL_DMA_IRQHandler)
    HAL_DMA_Init                             0x08004961   Thumb Code    84  stm32f1xx_hal_dma.o(i.HAL_DMA_Init)
    HAL_FLASHEx_Erase                        0x080049bd   Thumb Code   160  stm32f1xx_hal_flash_ex.o(i.HAL_FLASHEx_Erase)
    HAL_FLASH_Lock                           0x08004a65   Thumb Code    14  stm32f1xx_hal_flash.o(i.HAL_FLASH_Lock)
    HAL_FLASH_Program                        0x08004a79   Thumb Code   120  stm32f1xx_hal_flash.o(i.HAL_FLASH_Program)
    HAL_FLASH_Unlock                         0x08004af9   Thumb Code    28  stm32f1xx_hal_flash.o(i.HAL_FLASH_Unlock)
    HAL_GPIO_Init                            0x08004b21   Thumb Code   446  stm32f1xx_hal_gpio.o(i.HAL_GPIO_Init)
    HAL_GPIO_WritePin                        0x08004d01   Thumb Code    10  stm32f1xx_hal_gpio.o(i.HAL_GPIO_WritePin)
    HAL_GetTick                              0x08004d0d   Thumb Code     6  stm32f1xx_hal.o(i.HAL_GetTick)
    HAL_IWDG_Init                            0x08004d19   Thumb Code    94  stm32f1xx_hal_iwdg.o(i.HAL_IWDG_Init)
    HAL_IWDG_Refresh                         0x08004d77   Thumb Code    12  stm32f1xx_hal_iwdg.o(i.HAL_IWDG_Refresh)
    HAL_IncTick                              0x08004d85   Thumb Code    12  stm32f1xx_hal.o(i.HAL_IncTick)
    HAL_Init                                 0x08004d95   Thumb Code    32  stm32f1xx_hal.o(i.HAL_Init)
    HAL_InitTick                             0x08004db9   Thumb Code    54  stm32f1xx_hal.o(i.HAL_InitTick)
    HAL_MspInit                              0x08004df9   Thumb Code    52  stm32f1xx_hal_msp.o(i.HAL_MspInit)
    HAL_NVIC_EnableIRQ                       0x08004e35   Thumb Code    26  stm32f1xx_hal_cortex.o(i.HAL_NVIC_EnableIRQ)
    HAL_NVIC_SetPriority                     0x08004e51   Thumb Code    60  stm32f1xx_hal_cortex.o(i.HAL_NVIC_SetPriority)
    HAL_NVIC_SetPriorityGrouping             0x08004e91   Thumb Code    26  stm32f1xx_hal_cortex.o(i.HAL_NVIC_SetPriorityGrouping)
    HAL_RCC_ClockConfig                      0x08004eb5   Thumb Code   280  stm32f1xx_hal_rcc.o(i.HAL_RCC_ClockConfig)
    HAL_RCC_GetPCLK1Freq                     0x08004fe1   Thumb Code    20  stm32f1xx_hal_rcc.o(i.HAL_RCC_GetPCLK1Freq)
    HAL_RCC_GetPCLK2Freq                     0x08005001   Thumb Code    20  stm32f1xx_hal_rcc.o(i.HAL_RCC_GetPCLK2Freq)
    HAL_RCC_GetSysClockFreq                  0x08005021   Thumb Code    58  stm32f1xx_hal_rcc.o(i.HAL_RCC_GetSysClockFreq)
    HAL_RCC_OscConfig                        0x0800506d   Thumb Code   778  stm32f1xx_hal_rcc.o(i.HAL_RCC_OscConfig)
    HAL_SYSTICK_Config                       0x0800538d   Thumb Code    40  stm32f1xx_hal_cortex.o(i.HAL_SYSTICK_Config)
    HAL_UARTEx_RxEventCallback               0x080053b5   Thumb Code     2  stm32f1xx_hal_uart.o(i.HAL_UARTEx_RxEventCallback)
    HAL_UART_ErrorCallback                   0x080053b7   Thumb Code     2  stm32f1xx_hal_uart.o(i.HAL_UART_ErrorCallback)
    HAL_UART_IRQHandler                      0x080053b9   Thumb Code   616  stm32f1xx_hal_uart.o(i.HAL_UART_IRQHandler)
    HAL_UART_Init                            0x08005625   Thumb Code   100  stm32f1xx_hal_uart.o(i.HAL_UART_Init)
    HAL_UART_MspInit                         0x08005689   Thumb Code   336  usart.o(i.HAL_UART_MspInit)
    HAL_UART_RxCpltCallback                  0x080057f1   Thumb Code     2  stm32f1xx_hal_uart.o(i.HAL_UART_RxCpltCallback)
    HAL_UART_TxCpltCallback                  0x080057f3   Thumb Code     2  stm32f1xx_hal_uart.o(i.HAL_UART_TxCpltCallback)
    HardFault_Handler                        0x080057f5   Thumb Code     2  stm32f1xx_it.o(i.HardFault_Handler)
    LL_GPIO_Init                             0x08005829   Thumb Code   240  stm32f1xx_ll_gpio.o(i.LL_GPIO_Init)
    LL_SPI_Init                              0x08005919   Thumb Code    92  stm32f1xx_ll_spi.o(i.LL_SPI_Init)
    LL_TIM_Init                              0x08005975   Thumb Code    92  stm32f1xx_ll_tim.o(i.LL_TIM_Init)
    LL_TIM_OC_Init                           0x08005a31   Thumb Code   390  stm32f1xx_ll_tim.o(i.LL_TIM_OC_Init)
    MX_DMA_Init                              0x08005bbd   Thumb Code    72  dma.o(i.MX_DMA_Init)
    MX_GPIO_Init                             0x08005c09   Thumb Code   154  gpio.o(i.MX_GPIO_Init)
    MX_IWDG_Init                             0x08005cb1   Thumb Code    36  iwdg.o(i.MX_IWDG_Init)
    MX_SPI1_Init                             0x08005cdd   Thumb Code   126  spi.o(i.MX_SPI1_Init)
    MX_TIM2_Init                             0x08005d65   Thumb Code   326  tim.o(i.MX_TIM2_Init)
    MX_USART1_UART_Init                      0x08005ed1   Thumb Code    48  usart.o(i.MX_USART1_UART_Init)
    MX_USART2_UART_Init                      0x08005f09   Thumb Code    48  usart.o(i.MX_USART2_UART_Init)
    MemManage_Handler                        0x08005f41   Thumb Code     2  stm32f1xx_it.o(i.MemManage_Handler)
    Modbus_Init                              0x08005f75   Thumb Code     8  modbus.o(i.Modbus_Init)
    Modbus_RxHandler                         0x080060a1   Thumb Code    64  modbus.o(i.Modbus_RxHandler)
    Modbus_Updata                            0x08006109   Thumb Code    56  modbus.o(i.Modbus_Updata)
    Monitor_Task                             0x0800614d   Thumb Code    78  rtos.o(i.Monitor_Task)
    NMI_Handler                              0x080061a5   Thumb Code     2  stm32f1xx_it.o(i.NMI_Handler)
    OTA_WriteInfo                            0x080061a9   Thumb Code    10  ota.o(i.OTA_WriteInfo)
    PendSV_Handler                           0x080061b9   Thumb Code     4  stm32f1xx_it.o(i.PendSV_Handler)
    RTOS_Init                                0x080061bd   Thumb Code    98  rtos.o(i.RTOS_Init)
    SPI_DMARX_ISR                            0x08006249   Thumb Code   108  spi_drv.o(i.SPI_DMARX_ISR)
    SPI_DrvInit                              0x080062bd   Thumb Code   150  spi_drv.o(i.SPI_DrvInit)
    SPI_ReadStart                            0x08006355   Thumb Code   190  spi_drv.o(i.SPI_ReadStart)
    SPI_ReadWait                             0x0800641d   Thumb Code    44  spi_drv.o(i.SPI_ReadWait)
    SVC_Handler                              0x08006449   Thumb Code     4  stm32f1xx_it.o(i.SVC_Handler)
    Sensor_Task                              0x0800644d   Thumb Code    28  rtos.o(i.Sensor_Task)
    SysTick_Handler                          0x0800646d   Thumb Code    24  stm32f1xx_it.o(i.SysTick_Handler)
    SystemClock_Config                       0x08006485   Thumb Code   100  main.o(i.SystemClock_Config)
    SystemInit                               0x080064e9   Thumb Code     2  system_stm32f1xx.o(i.SystemInit)
    TIM2_IRQHandler                          0x080064ed   Thumb Code     8  stm32f1xx_it.o(i.TIM2_IRQHandler)
    TIM_Enable                               0x080064f9   Thumb Code    32  tim_drv.o(i.TIM_Enable)
    TIM_Sample_ISR                           0x08006519   Thumb Code    58  tim_drv.o(i.TIM_Sample_ISR)
    UART1_DrvInit                            0x08006559   Thumb Code    62  uart_drv.o(i.UART1_DrvInit)
    UART2_DrvInit                            0x0800659d   Thumb Code    68  uart_drv.o(i.UART2_DrvInit)
    UART_Data_TX_TC_ISR                      0x0800669d   Thumb Code    48  uart_drv.o(i.UART_Data_TX_TC_ISR)
    UART_Data_TX_ZeroCopy                    0x080066d1   Thumb Code    86  uart_drv.o(i.UART_Data_TX_ZeroCopy)
    UART_IDLE_ISR                            0x08006775   Thumb Code   210  uart_drv.o(i.UART_IDLE_ISR)
    UART_Print_TX_TC_ISR                     0x080068cd   Thumb Code    88  uart_drv.o(i.UART_Print_TX_TC_ISR)
    UART_RX_Wait                             0x08006929   Thumb Code    70  uart_drv.o(i.UART_RX_Wait)
    UART_RX_ZeroCopy_Get                     0x0800696f   Thumb Code    38  uart_drv.o(i.UART_RX_ZeroCopy_Get)
    UART_RX_ZeroCopy_Release                 0x08006995   Thumb Code    22  uart_drv.o(i.UART_RX_ZeroCopy_Release)
    USART1_IRQHandler                        0x08006b25   Thumb Code     6  stm32f1xx_it.o(i.USART1_IRQHandler)
    USART2_IRQHandler                        0x08006b31   Thumb Code    28  stm32f1xx_it.o(i.USART2_IRQHandler)
    UsageFault_Handler                       0x08006b55   Thumb Code     2  stm32f1xx_it.o(i.UsageFault_Handler)
    main                                     0x08006b79   Thumb Code    76  main.o(i.main)
    pvPortMalloc                             0x0800700d   Thumb Code   312  heap_4.o(i.pvPortMalloc)
    pvTaskIncrementMutexHeldCount            0x08007151   Thumb Code    16  tasks.o(i.pvTaskIncrementMutexHeldCount)
    pxPortInitialiseStack                    0x08007165   Thumb Code    32  port.o(i.pxPortInitialiseStack)
    ulTaskGenericNotifyTake                  0x08007189   Thumb Code   140  tasks.o(i.ulTaskGenericNotifyTake)
    uxListRemove                             0x0800721d   Thumb Code    36  list.o(i.uxListRemove)
    uxTaskGetNumberOfTasks                   0x08007241   Thumb Code     6  tasks.o(i.uxTaskGetNumberOfTasks)
    vListInitialise                          0x0800724d   Thumb Code    22  list.o(i.vListInitialise)
    vListInitialiseItem                      0x08007263   Thumb Code     6  list.o(i.vListInitialiseItem)
    vListInsert                              0x08007269   Thumb Code    48  list.o(i.vListInsert)
    vPortEnterCritical                       0x08007299   Thumb Code    54  port.o(i.vPortEnterCritical)
    vPortExitCritical                        0x080072d9   Thumb Code    34  port.o(i.vPortExitCritical)
    vPortFree                                0x08007301   Thumb Code   122  heap_4.o(i.vPortFree)
    vPortSetupTimerInterrupt                 0x08007389   Thumb Code    20  port.o(i.vPortSetupTimerInterrupt)
    vPortValidateInterruptPriority           0x080073a1   Thumb Code    74  port.o(i.vPortValidateInterruptPriority)
    vTaskDelay                               0x080073f5   Thumb Code    68  tasks.o(i.vTaskDelay)
    vTaskGenericNotifyGiveFromISR            0x08007441   Thumb Code   290  tasks.o(i.vTaskGenericNotifyGiveFromISR)
    vTaskInternalSetTimeOutState             0x0800756d   Thumb Code    12  tasks.o(i.vTaskInternalSetTimeOutState)
    vTaskMissedYield                         0x0800757d   Thumb Code     8  tasks.o(i.vTaskMissedYield)
    vTaskPlaceOnEventList                    0x08007589   Thumb Code    44  tasks.o(i.vTaskPlaceOnEventList)
    vTaskPriorityDisinheritAfterTimeout      0x080075b9   Thumb Code   186  tasks.o(i.vTaskPriorityDisinheritAfterTimeout)
    vTaskStartScheduler                      0x0800767d   Thumb Code   110  tasks.o(i.vTaskStartScheduler)
    vTaskSuspendAll                          0x080076fd   Thumb Code    10  tasks.o(i.vTaskSuspendAll)
    vTaskSwitchContext                       0x0800770d   Thumb Code    88  tasks.o(i.vTaskSwitchContext)
    xPortStartScheduler                      0x0800776d   Thumb Code   166  port.o(i.xPortStartScheduler)
    xPortSysTickHandler                      0x08007821   Thumb Code    38  port.o(i.xPortSysTickHandler)
    xQueueGenericCreate                      0x0800784d   Thumb Code    84  queue.o(i.xQueueGenericCreate)
    xQueueGenericReset                       0x080078a1   Thumb Code   172  queue.o(i.xQueueGenericReset)
    xQueueGenericSend                        0x08007951   Thumb Code   346  queue.o(i.xQueueGenericSend)
    xQueueGiveFromISR                        0x08007ab1   Thumb Code   188  queue.o(i.xQueueGiveFromISR)
    xQueueSemaphoreTake                      0x08007b6d   Thumb Code   356  queue.o(i.xQueueSemaphoreTake)
    xTaskCheckForTimeOut                     0x08007cd5   Thumb Code   118  tasks.o(i.xTaskCheckForTimeOut)
    xTaskCreate                              0x08007d51   Thumb Code    92  tasks.o(i.xTaskCreate)
    xTaskGetSchedulerState                   0x08007dad   Thumb Code    22  tasks.o(i.xTaskGetSchedulerState)
    xTaskIncrementTick                       0x08007dc9   Thumb Code   308  tasks.o(i.xTaskIncrementTick)
    xTaskPriorityDisinherit                  0x08007f05   Thumb Code   174  tasks.o(i.xTaskPriorityDisinherit)
    xTaskPriorityInherit                     0x08007fbd   Thumb Code   168  tasks.o(i.xTaskPriorityInherit)
    xTaskRemoveFromEventList                 0x0800806d   Thumb Code   214  tasks.o(i.xTaskRemoveFromEventList)
    xTaskResumeAll                           0x0800814d   Thumb Code   320  tasks.o(i.xTaskResumeAll)
    AHBPrescTable                            0x080082ba   Data          16  system_stm32f1xx.o(.constdata)
    APBPrescTable                            0x080082ca   Data           8  system_stm32f1xx.o(.constdata)
    Region$$Table$$Base                      0x080082d4   Number         0  anon$$obj.o(Region$$Table)
    Region$$Table$$Limit                     0x080082f4   Number         0  anon$$obj.o(Region$$Table)
    uart1                                    0x20000000   Data         276  uart_drv.o(.data)
    uart2                                    0x20000114   Data        1124  uart_drv.o(.data)
    spi1_drv                                 0x20000578   Data         168  spi_drv.o(.data)
    tim2_drv                                 0x20000620   Data           8  tim_drv.o(.data)
    uwTickFreq                               0x20000628   Data           1  stm32f1xx_hal.o(.data)
    uwTickPrio                               0x2000062c   Data           4  stm32f1xx_hal.o(.data)
    uwTick                                   0x20000630   Data           4  stm32f1xx_hal.o(.data)
    SystemCoreClock                          0x20000634   Data           4  system_stm32f1xx.o(.data)
    sys_error_flag                           0x20000638   Data           1  rtos.o(.data)
    xSensorTaskHandle                        0x2000063c   Data           4  rtos.o(.data)
    xCommTaskHandle                          0x20000640   Data           4  rtos.o(.data)
    xMonitorTaskHandle                       0x20000644   Data           4  rtos.o(.data)
    sys_sensor_heartbeat                     0x20000650   Data           4  rtos.o(.data)
    sys_comm_heartbeat                       0x20000654   Data           4  rtos.o(.data)
    pxCurrentTCB                             0x20000658   Data           4  tasks.o(.data)
    hiwdg                                    0x200006c0   Data          12  iwdg.o(.bss)
    huart1                                   0x200006cc   Data          72  usart.o(.bss)
    huart2                                   0x20000714   Data          72  usart.o(.bss)
    hdma_usart1_tx                           0x2000075c   Data          68  usart.o(.bss)
    hdma_usart2_rx                           0x200007a0   Data          68  usart.o(.bss)
    hdma_usart2_tx                           0x200007e4   Data          68  usart.o(.bss)
    pFlash                                   0x20000828   Data          32  stm32f1xx_hal_flash.o(.bss)
    __libspace_start                         0x2000321c   Data          96  libspace.o(.bss)
    __temporary_stack_top$libspace           0x2000327c   Data           0  libspace.o(.bss)



==============================================================================

Memory Map of the image

  Image Entry point : 0x080040ed

  Load Region LR_IROM1 (Base: 0x08004000, Size: 0x000049b4, Max: 0x0000bc00, ABSOLUTE, COMPRESSED[0x0000433c])

    Execution Region ER_IROM1 (Exec base: 0x08004000, Load base: 0x08004000, Size: 0x000042f4, Max: 0x0000bc00, ABSOLUTE)

    Exec Addr    Load Addr    Size         Type   Attr      Idx    E Section Name        Object

    0x08004000   0x08004000   0x000000ec   Data   RO            3    RESET               startup_stm32f103xb.o
    0x080040ec   0x080040ec   0x00000008   Code   RO         3553  * !!!main             c_w.l(__main.o)
    0x080040f4   0x080040f4   0x00000034   Code   RO         3882    !!!scatter          c_w.l(__scatter.o)
    0x08004128   0x08004128   0x0000005a   Code   RO         3880    !!dczerorl2         c_w.l(__dczerorl2.o)
    0x08004182   0x08004182   0x00000002   PAD
    0x08004184   0x08004184   0x0000001c   Code   RO         3884    !!handler_zi        c_w.l(__scatter_zi.o)
    0x080041a0   0x080041a0   0x00000002   Code   RO         3738    .ARM.Collect$$libinit$$00000000  c_w.l(libinit.o)
    0x080041a2   0x080041a2   0x00000000   Code   RO         3755    .ARM.Collect$$libinit$$00000002  c_w.l(libinit2.o)
    0x080041a2   0x080041a2   0x00000000   Code   RO         3757    .ARM.Collect$$libinit$$00000004  c_w.l(libinit2.o)
    0x080041a2   0x080041a2   0x00000000   Code   RO         3760    .ARM.Collect$$libinit$$0000000A  c_w.l(libinit2.o)
    0x080041a2   0x080041a2   0x00000000   Code   RO         3762    .ARM.Collect$$libinit$$0000000C  c_w.l(libinit2.o)
    0x080041a2   0x080041a2   0x00000000   Code   RO         3764    .ARM.Collect$$libinit$$0000000E  c_w.l(libinit2.o)
    0x080041a2   0x080041a2   0x00000000   Code   RO         3767    .ARM.Collect$$libinit$$00000011  c_w.l(libinit2.o)
    0x080041a2   0x080041a2   0x00000000   Code   RO         3769    .ARM.Collect$$libinit$$00000013  c_w.l(libinit2.o)
    0x080041a2   0x080041a2   0x00000000   Code   RO         3771    .ARM.Collect$$libinit$$00000015  c_w.l(libinit2.o)
    0x080041a2   0x080041a2   0x00000000   Code   RO         3773    .ARM.Collect$$libinit$$00000017  c_w.l(libinit2.o)
    0x080041a2   0x080041a2   0x00000000   Code   RO         3775    .ARM.Collect$$libinit$$00000019  c_w.l(libinit2.o)
    0x080041a2   0x080041a2   0x00000000   Code   RO         3777    .ARM.Collect$$libinit$$0000001B  c_w.l(libinit2.o)
    0x080041a2   0x080041a2   0x00000000   Code   RO         3779    .ARM.Collect$$libinit$$0000001D  c_w.l(libinit2.o)
    0x080041a2   0x080041a2   0x00000000   Code   RO         3781    .ARM.Collect$$libinit$$0000001F  c_w.l(libinit2.o)
    0x080041a2   0x080041a2   0x00000000   Code   RO         3783    .ARM.Collect$$libinit$$00000021  c_w.l(libinit2.o)
    0x080041a2   0x080041a2   0x00000000   Code   RO         3785    .ARM.Collect$$libinit$$00000023  c_w.l(libinit2.o)
    0x080041a2   0x080041a2   0x00000000   Code   RO         3787    .ARM.Collect$$libinit$$00000025  c_w.l(libinit2.o)
    0x080041a2   0x080041a2   0x00000000   Code   RO         3791    .ARM.Collect$$libinit$$0000002C  c_w.l(libinit2.o)
    0x080041a2   0x080041a2   0x00000000   Code   RO         3793    .ARM.Collect$$libinit$$0000002E  c_w.l(libinit2.o)
    0x080041a2   0x080041a2   0x00000000   Code   RO         3795    .ARM.Collect$$libinit$$00000030  c_w.l(libinit2.o)
    0x080041a2   0x080041a2   0x00000000   Code   RO         3797    .ARM.Collect$$libinit$$00000032  c_w.l(libinit2.o)
    0x080041a2   0x080041a2   0x00000002   Code   RO         3798    .ARM.Collect$$libinit$$00000033  c_w.l(libinit2.o)
    0x080041a4   0x080041a4   0x00000002   Code   RO         3818    .ARM.Collect$$libshutdown$$00000000  c_w.l(libshutdown.o)
    0x080041a6   0x080041a6   0x00000000   Code   RO         3831    .ARM.Collect$$libshutdown$$00000002  c_w.l(libshutdown2.o)
    0x080041a6   0x080041a6   0x00000000   Code   RO         3833    .ARM.Collect$$libshutdown$$00000004  c_w.l(libshutdown2.o)
    0x080041a6   0x080041a6   0x00000000   Code   RO         3835    .ARM.Collect$$libshutdown$$00000006  c_w.l(libshutdown2.o)
    0x080041a6   0x080041a6   0x00000000   Code   RO         3838    .ARM.Collect$$libshutdown$$00000009  c_w.l(libshutdown2.o)
    0x080041a6   0x080041a6   0x00000000   Code   RO         3841    .ARM.Collect$$libshutdown$$0000000C  c_w.l(libshutdown2.o)
    0x080041a6   0x080041a6   0x00000000   Code   RO         3843    .ARM.Collect$$libshutdown$$0000000E  c_w.l(libshutdown2.o)
    0x080041a6   0x080041a6   0x00000000   Code   RO         3846    .ARM.Collect$$libshutdown$$00000011  c_w.l(libshutdown2.o)
    0x080041a6   0x080041a6   0x00000002   Code   RO         3847    .ARM.Collect$$libshutdown$$00000012  c_w.l(libshutdown2.o)
    0x080041a8   0x080041a8   0x00000000   Code   RO         3555    .ARM.Collect$$rtentry$$00000000  c_w.l(__rtentry.o)
    0x080041a8   0x080041a8   0x00000000   Code   RO         3660    .ARM.Collect$$rtentry$$00000002  c_w.l(__rtentry2.o)
    0x080041a8   0x080041a8   0x00000006   Code   RO         3672    .ARM.Collect$$rtentry$$00000004  c_w.l(__rtentry4.o)
    0x080041ae   0x080041ae   0x00000000   Code   RO         3662    .ARM.Collect$$rtentry$$00000009  c_w.l(__rtentry2.o)
    0x080041ae   0x080041ae   0x00000004   Code   RO         3663    .ARM.Collect$$rtentry$$0000000A  c_w.l(__rtentry2.o)
    0x080041b2   0x080041b2   0x00000000   Code   RO         3665    .ARM.Collect$$rtentry$$0000000C  c_w.l(__rtentry2.o)
    0x080041b2   0x080041b2   0x00000008   Code   RO         3666    .ARM.Collect$$rtentry$$0000000D  c_w.l(__rtentry2.o)
    0x080041ba   0x080041ba   0x00000002   Code   RO         3747    .ARM.Collect$$rtexit$$00000000  c_w.l(rtexit.o)
    0x080041bc   0x080041bc   0x00000000   Code   RO         3800    .ARM.Collect$$rtexit$$00000002  c_w.l(rtexit2.o)
    0x080041bc   0x080041bc   0x00000004   Code   RO         3801    .ARM.Collect$$rtexit$$00000003  c_w.l(rtexit2.o)
    0x080041c0   0x080041c0   0x00000006   Code   RO         3802    .ARM.Collect$$rtexit$$00000004  c_w.l(rtexit2.o)
    0x080041c6   0x080041c6   0x00000002   PAD
    0x080041c8   0x080041c8   0x00000096   Code   RO         3346    .emb_text           port.o
    0x0800425e   0x0800425e   0x00000002   PAD
    0x08004260   0x08004260   0x00000040   Code   RO            4    .text               startup_stm32f103xb.o
    0x080042a0   0x080042a0   0x00000026   Code   RO         3539    .text               c_w.l(llushr.o)
    0x080042c6   0x080042c6   0x0000008a   Code   RO         3543    .text               c_w.l(rt_memcpy_v6.o)
    0x08004350   0x08004350   0x00000010   Code   RO         3545    .text               c_w.l(aeabi_memset.o)
    0x08004360   0x08004360   0x00000044   Code   RO         3547    .text               c_w.l(rt_memclr.o)
    0x080043a4   0x080043a4   0x0000004e   Code   RO         3549    .text               c_w.l(rt_memclr_w.o)
    0x080043f2   0x080043f2   0x00000006   Code   RO         3551    .text               c_w.l(heapauxi.o)
    0x080043f8   0x080043f8   0x00000064   Code   RO         3649    .text               c_w.l(rt_memcpy_w.o)
    0x0800445c   0x0800445c   0x0000004a   Code   RO         3692    .text               c_w.l(sys_stackheap_outer.o)
    0x080044a6   0x080044a6   0x00000012   Code   RO         3731    .text               c_w.l(exit.o)
    0x080044b8   0x080044b8   0x00000008   Code   RO         3744    .text               c_w.l(libspace.o)
    0x080044c0   0x080044c0   0x0000000c   Code   RO         3810    .text               c_w.l(sys_exit.o)
    0x080044cc   0x080044cc   0x00000002   Code   RO         3821    .text               c_w.l(use_no_semi.o)
    0x080044ce   0x080044ce   0x00000000   Code   RO         3823    .text               c_w.l(indicate_semi.o)
    0x080044ce   0x080044ce   0x00000002   Code   RO          661    i.BusFault_Handler  stm32f1xx_it.o
    0x080044d0   0x080044d0   0x00000024   Code   RO         2918    i.Comm_Task         rtos.o
    0x080044f4   0x080044f4   0x00000028   Code   RO          662    i.DMA1_Channel2_IRQHandler  stm32f1xx_it.o
    0x0800451c   0x0800451c   0x0000000c   Code   RO          663    i.DMA1_Channel3_IRQHandler  stm32f1xx_it.o
    0x08004528   0x08004528   0x0000002c   Code   RO          664    i.DMA1_Channel4_IRQHandler  stm32f1xx_it.o
    0x08004554   0x08004554   0x0000002c   Code   RO          665    i.DMA1_Channel6_IRQHandler  stm32f1xx_it.o
    0x08004580   0x08004580   0x0000002c   Code   RO          666    i.DMA1_Channel7_IRQHandler  stm32f1xx_it.o
    0x080045ac   0x080045ac   0x0000000a   Code   RO           13    i.DMA_WaitDisable   uart_drv.o
    0x080045b6   0x080045b6   0x00000002   Code   RO          667    i.DebugMon_Handler  stm32f1xx_it.o
    0x080045b8   0x080045b8   0x00000004   Code   RO          373    i.Error_Handler     main.o
    0x080045bc   0x080045bc   0x00000024   Code   RO         1699    i.FLASH_MassErase   stm32f1xx_hal_flash_ex.o
    0x080045e0   0x080045e0   0x00000024   Code   RO         1704    i.FLASH_PageErase   stm32f1xx_hal_flash_ex.o
    0x08004604   0x08004604   0x0000001c   Code   RO         1596    i.FLASH_Program_HalfWord  stm32f1xx_hal_flash.o
    0x08004620   0x08004620   0x0000005c   Code   RO         1597    i.FLASH_SetErrorCode  stm32f1xx_hal_flash.o
    0x0800467c   0x0800467c   0x00000054   Code   RO         1598    i.FLASH_WaitForLastOperation  stm32f1xx_hal_flash.o
    0x080046d0   0x080046d0   0x0000005e   Code   RO         3499    i.Flash_Write       ota.o
    0x0800472e   0x0800472e   0x00000046   Code   RO         1260    i.HAL_DMA_Abort     stm32f1xx_hal_dma.o
    0x08004774   0x08004774   0x00000098   Code   RO         1261    i.HAL_DMA_Abort_IT  stm32f1xx_hal_dma.o
    0x0800480c   0x0800480c   0x00000154   Code   RO         1265    i.HAL_DMA_IRQHandler  stm32f1xx_hal_dma.o
    0x08004960   0x08004960   0x0000005c   Code   RO         1266    i.HAL_DMA_Init      stm32f1xx_hal_dma.o
    0x080049bc   0x080049bc   0x000000a8   Code   RO         1705    i.HAL_FLASHEx_Erase  stm32f1xx_hal_flash_ex.o
    0x08004a64   0x08004a64   0x00000014   Code   RO         1602    i.HAL_FLASH_Lock    stm32f1xx_hal_flash.o
    0x08004a78   0x08004a78   0x00000080   Code   RO         1607    i.HAL_FLASH_Program  stm32f1xx_hal_flash.o
    0x08004af8   0x08004af8   0x00000028   Code   RO         1609    i.HAL_FLASH_Unlock  stm32f1xx_hal_flash.o
    0x08004b20   0x08004b20   0x000001e0   Code   RO         1196    i.HAL_GPIO_Init     stm32f1xx_hal_gpio.o
    0x08004d00   0x08004d00   0x0000000a   Code   RO         1200    i.HAL_GPIO_WritePin  stm32f1xx_hal_gpio.o
    0x08004d0a   0x08004d0a   0x00000002   PAD
    0x08004d0c   0x08004d0c   0x0000000c   Code   RO          890    i.HAL_GetTick       stm32f1xx_hal.o
    0x08004d18   0x08004d18   0x0000005e   Code   RO          849    i.HAL_IWDG_Init     stm32f1xx_hal_iwdg.o
    0x08004d76   0x08004d76   0x0000000c   Code   RO          850    i.HAL_IWDG_Refresh  stm32f1xx_hal_iwdg.o
    0x08004d82   0x08004d82   0x00000002   PAD
    0x08004d84   0x08004d84   0x00000010   Code   RO          896    i.HAL_IncTick       stm32f1xx_hal.o
    0x08004d94   0x08004d94   0x00000024   Code   RO          897    i.HAL_Init          stm32f1xx_hal.o
    0x08004db8   0x08004db8   0x00000040   Code   RO          898    i.HAL_InitTick      stm32f1xx_hal.o
    0x08004df8   0x08004df8   0x0000003c   Code   RO          789    i.HAL_MspInit       stm32f1xx_hal_msp.o
    0x08004e34   0x08004e34   0x0000001a   Code   RO         1356    i.HAL_NVIC_EnableIRQ  stm32f1xx_hal_cortex.o
    0x08004e4e   0x08004e4e   0x00000002   PAD
    0x08004e50   0x08004e50   0x00000040   Code   RO         1362    i.HAL_NVIC_SetPriority  stm32f1xx_hal_cortex.o
    0x08004e90   0x08004e90   0x00000024   Code   RO         1363    i.HAL_NVIC_SetPriorityGrouping  stm32f1xx_hal_cortex.o
    0x08004eb4   0x08004eb4   0x0000012c   Code   RO         1054    i.HAL_RCC_ClockConfig  stm32f1xx_hal_rcc.o
    0x08004fe0   0x08004fe0   0x00000020   Code   RO         1061    i.HAL_RCC_GetPCLK1Freq  stm32f1xx_hal_rcc.o
    0x08005000   0x08005000   0x00000020   Code   RO         1062    i.HAL_RCC_GetPCLK2Freq  stm32f1xx_hal_rcc.o
    0x08005020   0x08005020   0x0000004c   Code   RO         1063    i.HAL_RCC_GetSysClockFreq  stm32f1xx_hal_rcc.o
    0x0800506c   0x0800506c   0x00000320   Code   RO         1066    i.HAL_RCC_OscConfig  stm32f1xx_hal_rcc.o
    0x0800538c   0x0800538c   0x00000028   Code   RO         1367    i.HAL_SYSTICK_Config  stm32f1xx_hal_cortex.o
    0x080053b4   0x080053b4   0x00000002   Code   RO         2296    i.HAL_UARTEx_RxEventCallback  stm32f1xx_hal_uart.o
    0x080053b6   0x080053b6   0x00000002   Code   RO         2310    i.HAL_UART_ErrorCallback  stm32f1xx_hal_uart.o
    0x080053b8   0x080053b8   0x0000026c   Code   RO         2313    i.HAL_UART_IRQHandler  stm32f1xx_hal_uart.o
    0x08005624   0x08005624   0x00000064   Code   RO         2314    i.HAL_UART_Init     stm32f1xx_hal_uart.o
    0x08005688   0x08005688   0x00000168   Code   RO          614    i.HAL_UART_MspInit  usart.o
    0x080057f0   0x080057f0   0x00000002   Code   RO         2320    i.HAL_UART_RxCpltCallback  stm32f1xx_hal_uart.o
    0x080057f2   0x080057f2   0x00000002   Code   RO         2325    i.HAL_UART_TxCpltCallback  stm32f1xx_hal_uart.o
    0x080057f4   0x080057f4   0x00000002   Code   RO          668    i.HardFault_Handler  stm32f1xx_it.o
    0x080057f6   0x080057f6   0x00000002   PAD
    0x080057f8   0x080057f8   0x00000018   Code   RO          532    i.LL_APB2_GRP1_EnableClock  spi.o
    0x08005810   0x08005810   0x00000018   Code   RO          564    i.LL_APB2_GRP1_EnableClock  tim.o
    0x08005828   0x08005828   0x000000f0   Code   RO         2095    i.LL_GPIO_Init      stm32f1xx_ll_gpio.o
    0x08005918   0x08005918   0x0000005c   Code   RO         2051    i.LL_SPI_Init       stm32f1xx_ll_spi.o
    0x08005974   0x08005974   0x00000068   Code   RO         2194    i.LL_TIM_Init       stm32f1xx_ll_tim.o
    0x080059dc   0x080059dc   0x00000054   Code   RO          565    i.LL_TIM_OC_DisableFast  tim.o
    0x08005a30   0x08005a30   0x0000018c   Code   RO         2195    i.LL_TIM_OC_Init    stm32f1xx_ll_tim.o
    0x08005bbc   0x08005bbc   0x0000004c   Code   RO          478    i.MX_DMA_Init       dma.o
    0x08005c08   0x08005c08   0x000000a8   Code   RO          454    i.MX_GPIO_Init      gpio.o
    0x08005cb0   0x08005cb0   0x0000002c   Code   RO          502    i.MX_IWDG_Init      iwdg.o
    0x08005cdc   0x08005cdc   0x00000088   Code   RO          533    i.MX_SPI1_Init      spi.o
    0x08005d64   0x08005d64   0x0000016c   Code   RO          566    i.MX_TIM2_Init      tim.o
    0x08005ed0   0x08005ed0   0x00000038   Code   RO          615    i.MX_USART1_UART_Init  usart.o
    0x08005f08   0x08005f08   0x00000038   Code   RO          616    i.MX_USART2_UART_Init  usart.o
    0x08005f40   0x08005f40   0x00000002   Code   RO          669    i.MemManage_Handler  stm32f1xx_it.o
    0x08005f42   0x08005f42   0x00000032   Code   RO         3426    i.Modbus_Crc16      modbus.o
    0x08005f74   0x08005f74   0x00000010   Code   RO         3428    i.Modbus_Init       modbus.o
    0x08005f84   0x08005f84   0x000000a0   Code   RO         3429    i.Modbus_OTAInfo_Updata  modbus.o
    0x08006024   0x08006024   0x0000007c   Code   RO         3430    i.Modbus_Response_ReadInputRegisters  modbus.o
    0x080060a0   0x080060a0   0x00000040   Code   RO         3431    i.Modbus_RxHandler  modbus.o
    0x080060e0   0x080060e0   0x00000028   Code   RO         3432    i.Modbus_Send       modbus.o
    0x08006108   0x08006108   0x00000044   Code   RO         3433    i.Modbus_Updata     modbus.o
    0x0800614c   0x0800614c   0x00000058   Code   RO         2919    i.Monitor_Task      rtos.o
    0x080061a4   0x080061a4   0x00000002   Code   RO          670    i.NMI_Handler       stm32f1xx_it.o
    0x080061a6   0x080061a6   0x00000002   PAD
    0x080061a8   0x080061a8   0x00000010   Code   RO         3501    i.OTA_WriteInfo     ota.o
    0x080061b8   0x080061b8   0x00000004   Code   RO          671    i.PendSV_Handler    stm32f1xx_it.o
    0x080061bc   0x080061bc   0x0000008c   Code   RO         2920    i.RTOS_Init         rtos.o
    0x08006248   0x08006248   0x00000074   Code   RO          282    i.SPI_DMARX_ISR     spi_drv.o
    0x080062bc   0x080062bc   0x00000096   Code   RO          283    i.SPI_DrvInit       spi_drv.o
    0x08006352   0x08006352   0x00000002   PAD
    0x08006354   0x08006354   0x000000c8   Code   RO          284    i.SPI_ReadStart     spi_drv.o
    0x0800641c   0x0800641c   0x0000002c   Code   RO          285    i.SPI_ReadWait      spi_drv.o
    0x08006448   0x08006448   0x00000004   Code   RO          672    i.SVC_Handler       stm32f1xx_it.o
    0x0800644c   0x0800644c   0x00000020   Code   RO         2921    i.Sensor_Task       rtos.o
    0x0800646c   0x0800646c   0x00000018   Code   RO          673    i.SysTick_Handler   stm32f1xx_it.o
    0x08006484   0x08006484   0x00000064   Code   RO          374    i.SystemClock_Config  main.o
    0x080064e8   0x080064e8   0x00000002   Code   RO         2648    i.SystemInit        system_stm32f1xx.o
    0x080064ea   0x080064ea   0x00000002   PAD
    0x080064ec   0x080064ec   0x0000000c   Code   RO          674    i.TIM2_IRQHandler   stm32f1xx_it.o
    0x080064f8   0x080064f8   0x00000020   Code   RO          334    i.TIM_Enable        tim_drv.o
    0x08006518   0x08006518   0x00000040   Code   RO          335    i.TIM_Sample_ISR    tim_drv.o
    0x08006558   0x08006558   0x00000044   Code   RO           14    i.UART1_DrvInit     uart_drv.o
    0x0800659c   0x0800659c   0x00000048   Code   RO           16    i.UART2_DrvInit     uart_drv.o
    0x080065e4   0x080065e4   0x00000010   Code   RO         2327    i.UART_DMAAbortOnError  stm32f1xx_hal_uart.o
    0x080065f4   0x080065f4   0x000000a8   Code   RO           17    i.UART_DataDrv_InitHW  uart_drv.o
    0x0800669c   0x0800669c   0x00000034   Code   RO           18    i.UART_Data_TX_TC_ISR  uart_drv.o
    0x080066d0   0x080066d0   0x00000056   Code   RO           19    i.UART_Data_TX_ZeroCopy  uart_drv.o
    0x08006726   0x08006726   0x0000004e   Code   RO         2337    i.UART_EndRxTransfer  stm32f1xx_hal_uart.o
    0x08006774   0x08006774   0x000000dc   Code   RO           20    i.UART_IDLE_ISR     uart_drv.o
    0x08006850   0x08006850   0x0000007a   Code   RO           21    i.UART_Print_RingBuffer_Send  uart_drv.o
    0x080068ca   0x080068ca   0x00000002   PAD
    0x080068cc   0x080068cc   0x0000005c   Code   RO           22    i.UART_Print_TX_TC_ISR  uart_drv.o
    0x08006928   0x08006928   0x00000046   Code   RO           24    i.UART_RX_Wait      uart_drv.o
    0x0800696e   0x0800696e   0x00000026   Code   RO           25    i.UART_RX_ZeroCopy_Get  uart_drv.o
    0x08006994   0x08006994   0x00000016   Code   RO           26    i.UART_RX_ZeroCopy_Release  uart_drv.o
    0x080069aa   0x080069aa   0x000000c2   Code   RO         2339    i.UART_Receive_IT   stm32f1xx_hal_uart.o
    0x08006a6c   0x08006a6c   0x000000b8   Code   RO         2340    i.UART_SetConfig    stm32f1xx_hal_uart.o
    0x08006b24   0x08006b24   0x0000000c   Code   RO          675    i.USART1_IRQHandler  stm32f1xx_it.o
    0x08006b30   0x08006b30   0x00000024   Code   RO          676    i.USART2_IRQHandler  stm32f1xx_it.o
    0x08006b54   0x08006b54   0x00000002   Code   RO          677    i.UsageFault_Handler  stm32f1xx_it.o
    0x08006b56   0x08006b56   0x00000020   Code   RO         1369    i.__NVIC_SetPriority  stm32f1xx_hal_cortex.o
    0x08006b76   0x08006b76   0x00000002   PAD
    0x08006b78   0x08006b78   0x0000005c   Code   RO          375    i.main              main.o
    0x08006bd4   0x08006bd4   0x00000090   Code   RO         2968    i.prvAddCurrentTaskToDelayedList  tasks.o
    0x08006c64   0x08006c64   0x000000e8   Code   RO         2969    i.prvAddNewTaskToReadyList  tasks.o
    0x08006d4c   0x08006d4c   0x0000006c   Code   RO         2732    i.prvCopyDataToQueue  queue.o
    0x08006db8   0x08006db8   0x00000044   Code   RO         3267    i.prvHeapInit       heap_4.o
    0x08006dfc   0x08006dfc   0x00000024   Code   RO         2970    i.prvIdleTask       tasks.o
    0x08006e20   0x08006e20   0x000000a6   Code   RO         2971    i.prvInitialiseNewTask  tasks.o
    0x08006ec6   0x08006ec6   0x00000002   PAD
    0x08006ec8   0x08006ec8   0x00000078   Code   RO         3268    i.prvInsertBlockIntoFreeList  heap_4.o
    0x08006f40   0x08006f40   0x0000001c   Code   RO         2733    i.prvIsQueueEmpty   queue.o
    0x08006f5c   0x08006f5c   0x0000001c   Code   RO         2972    i.prvResetNextTaskUnblockTime  tasks.o
    0x08006f78   0x08006f78   0x00000028   Code   RO         3347    i.prvTaskExitError  port.o
    0x08006fa0   0x08006fa0   0x0000006a   Code   RO         2734    i.prvUnlockQueue    queue.o
    0x0800700a   0x0800700a   0x00000002   PAD
    0x0800700c   0x0800700c   0x00000144   Code   RO         3270    i.pvPortMalloc      heap_4.o
    0x08007150   0x08007150   0x00000014   Code   RO         2974    i.pvTaskIncrementMutexHeldCount  tasks.o
    0x08007164   0x08007164   0x00000024   Code   RO         3348    i.pxPortInitialiseStack  port.o
    0x08007188   0x08007188   0x00000094   Code   RO         2975    i.ulTaskGenericNotifyTake  tasks.o
    0x0800721c   0x0800721c   0x00000024   Code   RO         2682    i.uxListRemove      list.o
    0x08007240   0x08007240   0x0000000c   Code   RO         2977    i.uxTaskGetNumberOfTasks  tasks.o
    0x0800724c   0x0800724c   0x00000016   Code   RO         2683    i.vListInitialise   list.o
    0x08007262   0x08007262   0x00000006   Code   RO         2684    i.vListInitialiseItem  list.o
    0x08007268   0x08007268   0x00000030   Code   RO         2685    i.vListInsert       list.o
    0x08007298   0x08007298   0x00000040   Code   RO         3350    i.vPortEnterCritical  port.o
    0x080072d8   0x080072d8   0x00000028   Code   RO         3351    i.vPortExitCritical  port.o
    0x08007300   0x08007300   0x00000088   Code   RO         3271    i.vPortFree         heap_4.o
    0x08007388   0x08007388   0x00000018   Code   RO         3352    i.vPortSetupTimerInterrupt  port.o
    0x080073a0   0x080073a0   0x00000054   Code   RO         3353    i.vPortValidateInterruptPriority  port.o
    0x080073f4   0x080073f4   0x0000004c   Code   RO         2980    i.vTaskDelay        tasks.o
    0x08007440   0x08007440   0x0000012c   Code   RO         2982    i.vTaskGenericNotifyGiveFromISR  tasks.o
    0x0800756c   0x0800756c   0x00000010   Code   RO         2983    i.vTaskInternalSetTimeOutState  tasks.o
    0x0800757c   0x0800757c   0x0000000c   Code   RO         2984    i.vTaskMissedYield  tasks.o
    0x08007588   0x08007588   0x00000030   Code   RO         2985    i.vTaskPlaceOnEventList  tasks.o
    0x080075b8   0x080075b8   0x000000c4   Code   RO         2987    i.vTaskPriorityDisinheritAfterTimeout  tasks.o
    0x0800767c   0x0800767c   0x00000080   Code   RO         2992    i.vTaskStartScheduler  tasks.o
    0x080076fc   0x080076fc   0x00000010   Code   RO         2994    i.vTaskSuspendAll   tasks.o
    0x0800770c   0x0800770c   0x00000060   Code   RO         2995    i.vTaskSwitchContext  tasks.o
    0x0800776c   0x0800776c   0x000000b4   Code   RO         3354    i.xPortStartScheduler  port.o
    0x08007820   0x08007820   0x0000002c   Code   RO         3355    i.xPortSysTickHandler  port.o
    0x0800784c   0x0800784c   0x00000054   Code   RO         2745    i.xQueueGenericCreate  queue.o
    0x080078a0   0x080078a0   0x000000b0   Code   RO         2746    i.xQueueGenericReset  queue.o
    0x08007950   0x08007950   0x00000160   Code   RO         2747    i.xQueueGenericSend  queue.o
    0x08007ab0   0x08007ab0   0x000000bc   Code   RO         2749    i.xQueueGiveFromISR  queue.o
    0x08007b6c   0x08007b6c   0x00000168   Code   RO         2756    i.xQueueSemaphoreTake  queue.o
    0x08007cd4   0x08007cd4   0x0000007c   Code   RO         2997    i.xTaskCheckForTimeOut  tasks.o
    0x08007d50   0x08007d50   0x0000005c   Code   RO         2998    i.xTaskCreate       tasks.o
    0x08007dac   0x08007dac   0x0000001c   Code   RO         3006    i.xTaskGetSchedulerState  tasks.o
    0x08007dc8   0x08007dc8   0x0000013c   Code   RO         3009    i.xTaskIncrementTick  tasks.o
    0x08007f04   0x08007f04   0x000000b8   Code   RO         3010    i.xTaskPriorityDisinherit  tasks.o
    0x08007fbc   0x08007fbc   0x000000b0   Code   RO         3011    i.xTaskPriorityInherit  tasks.o
    0x0800806c   0x0800806c   0x000000e0   Code   RO         3012    i.xTaskRemoveFromEventList  tasks.o
    0x0800814c   0x0800814c   0x0000014c   Code   RO         3013    i.xTaskResumeAll    tasks.o
    0x08008298   0x08008298   0x00000002   Data   RO          286    .constdata          spi_drv.o
    0x0800829a   0x0800829a   0x0000000e   Data   RO          567    .constdata          tim.o
    0x080082a8   0x080082a8   0x00000012   Data   RO         1067    .constdata          stm32f1xx_hal_rcc.o
    0x080082ba   0x080082ba   0x00000010   Data   RO         2649    .constdata          system_stm32f1xx.o
    0x080082ca   0x080082ca   0x00000008   Data   RO         2650    .constdata          system_stm32f1xx.o
    0x080082d2   0x080082d2   0x00000002   PAD
    0x080082d4   0x080082d4   0x00000020   Data   RO         3878    Region$$Table       anon$$obj.o


    Execution Region RW_IRAM1 (Exec base: 0x20000000, Load base: 0x080082f4, Size: 0x00003880, Max: 0x00005000, ABSOLUTE, COMPRESSED[0x00000048])

    Exec Addr    Load Addr    Size         Type   Attr      Idx    E Section Name        Object

    0x20000000   COMPRESSED   0x00000578   Data   RW           27    .data               uart_drv.o
    0x20000578   COMPRESSED   0x000000a8   Data   RW          287    .data               spi_drv.o
    0x20000620   COMPRESSED   0x00000008   Data   RW          336    .data               tim_drv.o
    0x20000628   COMPRESSED   0x0000000c   Data   RW          904    .data               stm32f1xx_hal.o
    0x20000634   COMPRESSED   0x00000004   Data   RW         2651    .data               system_stm32f1xx.o
    0x20000638   COMPRESSED   0x00000020   Data   RW         2922    .data               rtos.o
    0x20000658   COMPRESSED   0x0000003c   Data   RW         3016    .data               tasks.o
    0x20000694   COMPRESSED   0x0000001c   Data   RW         3278    .data               heap_4.o
    0x200006b0   COMPRESSED   0x0000000c   Data   RW         3356    .data               port.o
    0x200006bc   COMPRESSED   0x00000004   Data   RW         3435    .data               modbus.o
    0x200006c0        -       0x0000000c   Zero   RW          503    .bss                iwdg.o
    0x200006cc        -       0x0000015c   Zero   RW          617    .bss                usart.o
    0x20000828        -       0x00000020   Zero   RW         1610    .bss                stm32f1xx_hal_flash.o
    0x20000848        -       0x000000b4   Zero   RW         3015    .bss                tasks.o
    0x200008fc        -       0x00002800   Zero   RW         3277    .bss                heap_4.o
    0x200030fc        -       0x00000120   Zero   RW         3434    .bss                modbus.o
    0x2000321c        -       0x00000060   Zero   RW         3745    .bss                c_w.l(libspace.o)
    0x2000327c   COMPRESSED   0x00000004   PAD
    0x20003280        -       0x00000200   Zero   RW            2    HEAP                startup_stm32f103xb.o
    0x20003480        -       0x00000400   Zero   RW            1    STACK               startup_stm32f103xb.o


==============================================================================

Image component sizes


      Code (inc. data)   RO Data    RW Data    ZI Data      Debug   Object Name

        76          4          0          0          0        742   dma.o
       168         14          0          0          0        927   gpio.o
       648         48          0         28      10240       8215   heap_4.o
        44          8          0          0         12        675   iwdg.o
       112          0          0          0          0       5053   list.o
       196         16          0          0          0       1980   main.o
       522         52          0          4        288      32355   modbus.o
       110          6          0          0          0       3080   ota.o
       662         70          0         12          0      10241   port.o
      1402         14          0          0          0      26329   queue.o
       296         68          0         32          0       3451   rtos.o
       160         16          0          0          0       3619   spi.o
       510         18          2        168          0       9516   spi_drv.o
        64         26        236          0       1536        796   startup_stm32f103xb.o
       128         24          0         12          0       5185   stm32f1xx_hal.o
       198         14          0          0          0      28859   stm32f1xx_hal_cortex.o
       654         36          0          0          0       3307   stm32f1xx_hal_dma.o
       392         46          0          0         32       4598   stm32f1xx_hal_flash.o
       240         26          0          0          0       3181   stm32f1xx_hal_flash_ex.o
       490         34          0          0          0       2844   stm32f1xx_hal_gpio.o
       106          0          0          0          0       1807   stm32f1xx_hal_iwdg.o
        60          8          0          0          0        842   stm32f1xx_hal_msp.o
      1240         84         18          0          0       5016   stm32f1xx_hal_rcc.o
      1200         10          0          0          0       7804   stm32f1xx_hal_uart.o
       288         68          0          0          0       8744   stm32f1xx_it.o
       240          0          0          0          0      10323   stm32f1xx_ll_gpio.o
        92          0          0          0          0       8466   stm32f1xx_ll_spi.o
       500         18          0          0          0      31571   stm32f1xx_ll_tim.o
         2          0         24          4          0       1071   system_stm32f1xx.o
      3150        186          0         60        180      31370   tasks.o
       472         48         14          0          0      62494   tim.o
        96          6          0          8          0      26397   tim_drv.o
      1020         34          0       1400          0     444585   uart_drv.o
       472         40          0          0        348       2552   usart.o

    ----------------------------------------------------------------------
     16034       1042        328       1728      12636     797995   Object Totals
         0          0         32          0          0          0   (incl. Generated)
        24          0          2          0          0          0   (incl. Padding)

    ----------------------------------------------------------------------

      Code (inc. data)   RO Data    RW Data    ZI Data      Debug   Library Member Name

        90          0          0          0          0          0   __dczerorl2.o
         8          0          0          0          0         68   __main.o
         0          0          0          0          0          0   __rtentry.o
        12          0          0          0          0          0   __rtentry2.o
         6          0          0          0          0          0   __rtentry4.o
        52          8          0          0          0          0   __scatter.o
        28          0          0          0          0          0   __scatter_zi.o
        16          0          0          0          0         68   aeabi_memset.o
        18          0          0          0          0         80   exit.o
         6          0          0          0          0        152   heapauxi.o
         0          0          0          0          0          0   indicate_semi.o
         2          0          0          0          0          0   libinit.o
         2          0          0          0          0          0   libinit2.o
         2          0          0          0          0          0   libshutdown.o
         2          0          0          0          0          0   libshutdown2.o
         8          4          0          0         96         68   libspace.o
        38          0          0          0          0         68   llushr.o
        68          0          0          0          0         68   rt_memclr.o
        78          0          0          0          0         80   rt_memclr_w.o
       138          0          0          0          0         68   rt_memcpy_v6.o
       100          0          0          0          0         80   rt_memcpy_w.o
         2          0          0          0          0          0   rtexit.o
        10          0          0          0          0          0   rtexit2.o
        12          4          0          0          0         68   sys_exit.o
        74          0          0          0          0         80   sys_stackheap_outer.o
         2          0          0          0          0         68   use_no_semi.o

    ----------------------------------------------------------------------
       778         16          0          0        100       1016   Library Totals
         4          0          0          0          4          0   (incl. Padding)

    ----------------------------------------------------------------------

      Code (inc. data)   RO Data    RW Data    ZI Data      Debug   Library Name

       774         16          0          0         96       1016   c_w.l

    ----------------------------------------------------------------------
       778         16          0          0        100       1016   Library Totals

    ----------------------------------------------------------------------

==============================================================================


      Code (inc. data)   RO Data    RW Data    ZI Data      Debug   

     16812       1058        328       1728      12736     790583   Grand Totals
     16812       1058        328         72      12736     790583   ELF Image Totals (compressed)
     16812       1058        328         72          0          0   ROM Totals

==============================================================================

    Total RO  Size (Code + RO Data)                17140 (  16.74kB)
    Total RW  Size (RW Data + ZI Data)             14464 (  14.13kB)
    Total ROM Size (Code + RO Data + RW Data)      17212 (  16.81kB)

==============================================================================

