Component: ARM Compiler 5.06 update 7 (build 960) Tool: armlink [4d3601]

==============================================================================

Section Cross References

    startup_stm32f103xb.o(STACK) refers (Special) to heapauxi.o(.text) for __use_two_region_memory
    startup_stm32f103xb.o(HEAP) refers (Special) to heapauxi.o(.text) for __use_two_region_memory
    startup_stm32f103xb.o(RESET) refers (Special) to heapauxi.o(.text) for __use_two_region_memory
    startup_stm32f103xb.o(RESET) refers to startup_stm32f103xb.o(STACK) for __initial_sp
    startup_stm32f103xb.o(RESET) refers to startup_stm32f103xb.o(.text) for Reset_Handler
    startup_stm32f103xb.o(RESET) refers to stm32f1xx_it.o(i.NMI_Handler) for NMI_Handler
    startup_stm32f103xb.o(RESET) refers to stm32f1xx_it.o(i.HardFault_Handler) for HardFault_Handler
    startup_stm32f103xb.o(RESET) refers to stm32f1xx_it.o(i.MemManage_Handler) for MemManage_Handler
    startup_stm32f103xb.o(RESET) refers to stm32f1xx_it.o(i.BusFault_Handler) for BusFault_Handler
    startup_stm32f103xb.o(RESET) refers to stm32f1xx_it.o(i.UsageFault_Handler) for UsageFault_Handler
    startup_stm32f103xb.o(RESET) refers to stm32f1xx_it.o(i.SVC_Handler) for SVC_Handler
    startup_stm32f103xb.o(RESET) refers to stm32f1xx_it.o(i.DebugMon_Handler) for DebugMon_Handler
    startup_stm32f103xb.o(RESET) refers to stm32f1xx_it.o(i.PendSV_Handler) for PendSV_Handler
    startup_stm32f103xb.o(RESET) refers to stm32f1xx_it.o(i.SysTick_Handler) for SysTick_Handler
    startup_stm32f103xb.o(RESET) refers to stm32f1xx_it.o(i.DMA1_Channel4_IRQHandler) for DMA1_Channel4_IRQHandler
    startup_stm32f103xb.o(RESET) refers to stm32f1xx_it.o(i.DMA1_Channel6_IRQHandler) for DMA1_Channel6_IRQHandler
    startup_stm32f103xb.o(RESET) refers to stm32f1xx_it.o(i.DMA1_Channel7_IRQHandler) for DMA1_Channel7_IRQHandler
    startup_stm32f103xb.o(RESET) refers to stm32f1xx_it.o(i.USART1_IRQHandler) for USART1_IRQHandler
    startup_stm32f103xb.o(RESET) refers to stm32f1xx_it.o(i.USART2_IRQHandler) for USART2_IRQHandler
    startup_stm32f103xb.o(.text) refers (Special) to heapauxi.o(.text) for __use_two_region_memory
    startup_stm32f103xb.o(.text) refers to system_stm32f1xx.o(i.SystemInit) for SystemInit
    startup_stm32f103xb.o(.text) refers to __main.o(!!!main) for __main
    startup_stm32f103xb.o(.text) refers to startup_stm32f103xb.o(HEAP) for Heap_Mem
    startup_stm32f103xb.o(.text) refers to startup_stm32f103xb.o(STACK) for Stack_Mem
    main.o(i.SystemClock_Config) refers to rt_memclr_w.o(.text) for __aeabi_memclr4
    main.o(i.SystemClock_Config) refers to stm32f1xx_hal_rcc.o(i.HAL_RCC_OscConfig) for HAL_RCC_OscConfig
    main.o(i.SystemClock_Config) refers to stm32f1xx_hal_rcc.o(i.HAL_RCC_ClockConfig) for HAL_RCC_ClockConfig
    main.o(i.main) refers to stm32f1xx_hal.o(i.HAL_Init) for HAL_Init
    main.o(i.main) refers to main.o(i.SystemClock_Config) for SystemClock_Config
    main.o(i.main) refers to gpio.o(i.MX_GPIO_Init) for MX_GPIO_Init
    main.o(i.main) refers to dma.o(i.MX_DMA_Init) for MX_DMA_Init
    main.o(i.main) refers to usart.o(i.MX_USART1_UART_Init) for MX_USART1_UART_Init
    main.o(i.main) refers to usart.o(i.MX_USART2_UART_Init) for MX_USART2_UART_Init
    main.o(i.main) refers to uart_drv.o(i.UART1_DrvInit) for UART1_DrvInit
    main.o(i.main) refers to uart_drv.o(i.UART2_DrvInit) for UART2_DrvInit
    main.o(i.main) refers to ota.o(i.OTA_BootCheck) for OTA_BootCheck
    main.o(i.main) refers to modbus.o(i.Modbus_Poll) for Modbus_Poll
    main.o(i.main) refers to uart_drv.o(.data) for uart2
    dma.o(i.MX_DMA_Init) refers to stm32f1xx_hal_cortex.o(i.HAL_NVIC_SetPriority) for HAL_NVIC_SetPriority
    dma.o(i.MX_DMA_Init) refers to stm32f1xx_hal_cortex.o(i.HAL_NVIC_EnableIRQ) for HAL_NVIC_EnableIRQ
    usart.o(i.HAL_UART_MspDeInit) refers to stm32f1xx_hal_gpio.o(i.HAL_GPIO_DeInit) for HAL_GPIO_DeInit
    usart.o(i.HAL_UART_MspDeInit) refers to stm32f1xx_hal_dma.o(i.HAL_DMA_DeInit) for HAL_DMA_DeInit
    usart.o(i.HAL_UART_MspDeInit) refers to stm32f1xx_hal_cortex.o(i.HAL_NVIC_DisableIRQ) for HAL_NVIC_DisableIRQ
    usart.o(i.HAL_UART_MspInit) refers to stm32f1xx_hal_gpio.o(i.HAL_GPIO_Init) for HAL_GPIO_Init
    usart.o(i.HAL_UART_MspInit) refers to stm32f1xx_hal_dma.o(i.HAL_DMA_Init) for HAL_DMA_Init
    usart.o(i.HAL_UART_MspInit) refers to main.o(i.Error_Handler) for Error_Handler
    usart.o(i.HAL_UART_MspInit) refers to stm32f1xx_hal_cortex.o(i.HAL_NVIC_SetPriority) for HAL_NVIC_SetPriority
    usart.o(i.HAL_UART_MspInit) refers to stm32f1xx_hal_cortex.o(i.HAL_NVIC_EnableIRQ) for HAL_NVIC_EnableIRQ
    usart.o(i.HAL_UART_MspInit) refers to usart.o(.bss) for .bss
    usart.o(i.MX_USART1_UART_Init) refers to stm32f1xx_hal_uart.o(i.HAL_UART_Init) for HAL_UART_Init
    usart.o(i.MX_USART1_UART_Init) refers to main.o(i.Error_Handler) for Error_Handler
    usart.o(i.MX_USART1_UART_Init) refers to usart.o(.bss) for .bss
[...]
    Removing stm32f1xx_hal_flash_ex.o(.revsh_text), (4 bytes).
    Removing stm32f1xx_hal_flash_ex.o(.rrx_text), (6 bytes).
    Removing stm32f1xx_hal_flash_ex.o(i.FLASH_OB_DisableWRP), (176 bytes).
    Removing stm32f1xx_hal_flash_ex.o(i.FLASH_OB_EnableWRP), (176 bytes).
    Removing stm32f1xx_hal_flash_ex.o(i.FLASH_OB_GetRDP), (24 bytes).
    Removing stm32f1xx_hal_flash_ex.o(i.FLASH_OB_RDP_LevelConfig), (100 bytes).
    Removing stm32f1xx_hal_flash_ex.o(i.HAL_FLASHEx_Erase_IT), (72 bytes).
    Removing stm32f1xx_hal_flash_ex.o(i.HAL_FLASHEx_OBErase), (84 bytes).
    Removing stm32f1xx_hal_flash_ex.o(i.HAL_FLASHEx_OBGetConfig), (36 bytes).
    Removing stm32f1xx_hal_flash_ex.o(i.HAL_FLASHEx_OBGetUserData), (32 bytes).
    Removing stm32f1xx_hal_flash_ex.o(i.HAL_FLASHEx_OBProgram), (200 bytes).
    Removing stm32f1xx_hal_exti.o(.rev16_text), (4 bytes).
    Removing stm32f1xx_hal_exti.o(.revsh_text), (4 bytes).
    Removing stm32f1xx_hal_exti.o(.rrx_text), (6 bytes).
    Removing stm32f1xx_hal_exti.o(i.HAL_EXTI_ClearConfigLine), (104 bytes).
    Removing stm32f1xx_hal_exti.o(i.HAL_EXTI_ClearPending), (20 bytes).
    Removing stm32f1xx_hal_exti.o(i.HAL_EXTI_GenerateSWI), (20 bytes).
    Removing stm32f1xx_hal_exti.o(i.HAL_EXTI_GetConfigLine), (140 bytes).
    Removing stm32f1xx_hal_exti.o(i.HAL_EXTI_GetHandle), (12 bytes).
    Removing stm32f1xx_hal_exti.o(i.HAL_EXTI_GetPending), (24 bytes).
    Removing stm32f1xx_hal_exti.o(i.HAL_EXTI_IRQHandler), (36 bytes).
    Removing stm32f1xx_hal_exti.o(i.HAL_EXTI_RegisterCallback), (14 bytes).
    Removing stm32f1xx_hal_exti.o(i.HAL_EXTI_SetConfigLine), (164 bytes).
    Removing system_stm32f1xx.o(.rev16_text), (4 bytes).
    Removing system_stm32f1xx.o(.revsh_text), (4 bytes).
    Removing system_stm32f1xx.o(.rrx_text), (6 bytes).
    Removing system_stm32f1xx.o(i.SystemCoreClockUpdate), (104 bytes).
    Removing modbus.o(.rev16_text), (4 bytes).
    Removing modbus.o(.revsh_text), (4 bytes).
    Removing modbus.o(.rrx_text), (6 bytes).
    Removing ota.o(.rev16_text), (4 bytes).
    Removing ota.o(.revsh_text), (4 bytes).
    Removing ota.o(.rrx_text), (6 bytes).

222 unused section(s) (total 9380 bytes) removed from the image.

==============================================================================

Image Symbol Table

    Local Symbols

    Symbol Name                              Value     Ov Type        Size  Object(Section)

    ../Core/Src/dma.c                        0x00000000   Number         0  dma.o ABSOLUTE
    ../Core/Src/gpio.c                       0x00000000   Number         0  gpio.o ABSOLUTE
    ../Core/Src/main.c                       0x00000000   Number         0  main.o ABSOLUTE
    ../Core/Src/stm32f1xx_hal_msp.c          0x00000000   Number         0  stm32f1xx_hal_msp.o ABSOLUTE
    ../Core/Src/stm32f1xx_it.c               0x00000000   Number         0  stm32f1xx_it.o ABSOLUTE
    ../Core/Src/system_stm32f1xx.c           0x00000000   Number         0  system_stm32f1xx.o ABSOLUTE
    ../Core/Src/usart.c                      0x00000000   Number         0  usart.o ABSOLUTE
    ../Drivers/STM32F1xx_HAL_Driver/Src/stm32f1xx_hal.c 0x00000000   Number         0  stm32f1xx_hal.o ABSOLUTE
    ../Drivers/STM32F1xx_HAL_Driver/Src/stm32f1xx_hal_cortex.c 0x00000000   Number         0  stm32f1xx_hal_cortex.o ABSOLUTE
    ../Drivers/STM32F1xx_HAL_Driver/Src/stm32f1xx_hal_dma.c 0x00000000   Number         0  stm32f1xx_hal_dma.o ABSOLUTE
    ../Drivers/STM32F1xx_HAL_Driver/Src/stm32f1xx_hal_exti.c 0x00000000   Number         0  stm32f1xx_hal_exti.o ABSOLUTE
    ../Drivers/STM32F1xx_HAL_Driver/Src/stm32f1xx_hal_flash.c 0x00000000   Number         0  stm32f1xx_hal_flash.o ABSOLUTE
    ../Drivers/STM32F1xx_HAL_Driver/Src/stm32f1xx_hal_flash_ex.c 0x00000000   Number         0  stm32f1xx_hal_flash_ex.o ABSOLUTE
    ../Drivers/STM32F1xx_HAL_Driver/Src/stm32f1xx_hal_gpio.c 0x00000000   Number         0  stm32f1xx_hal_gpio.o ABSOLUTE
    ../Drivers/STM32F1xx_HAL_Driver/Src/stm32f1xx_hal_gpio_ex.c 0x00000000   Number         0  stm32f1xx_hal_gpio_ex.o ABSOLUTE
    ../Drivers/STM32F1xx_HAL_Driver/Src/stm32f1xx_hal_pwr.c 0x00000000   Number         0  stm32f1xx_hal_pwr.o ABSOLUTE
    ../Drivers/STM32F1xx_HAL_Driver/Src/stm32f1xx_hal_rcc.c 0x00000000   Number         0  stm32f1xx_hal_rcc.o ABSOLUTE
    ../Drivers/STM32F1xx_HAL_Driver/Src/stm32f1xx_hal_rcc_ex.c 0x00000000   Number         0  stm32f1xx_hal_rcc_ex.o ABSOLUTE
    ../Drivers/STM32F1xx_HAL_Driver/Src/stm32f1xx_hal_uart.c 0x00000000   Number         0  stm32f1xx_hal_uart.o ABSOLUTE
    ../clib/angel/boardlib.s                 0x00000000   Number         0  boardinit2.o ABSOLUTE
    ../clib/angel/boardlib.s                 0x00000000   Number         0  boardinit3.o ABSOLUTE
    ../clib/angel/boardlib.s                 0x00000000   Number         0  boardshut.o ABSOLUTE
    ../clib/angel/boardlib.s                 0x00000000   Number         0  boardinit1.o ABSOLUTE
    ../clib/angel/dczerorl2.s                0x00000000   Number         0  __dczerorl2.o ABSOLUTE
    ../clib/angel/handlers.s                 0x00000000   Number         0  __scatter_zi.o ABSOLUTE
    ../clib/angel/kernel.s                   0x00000000   Number         0  __rtentry.o ABSOLUTE
    ../clib/angel/kernel.s                   0x00000000   Number         0  rtexit2.o ABSOLUTE
    ../clib/angel/kernel.s                   0x00000000   Number         0  __rtentry4.o ABSOLUTE
    ../clib/angel/kernel.s                   0x00000000   Number         0  rtexit.o ABSOLUTE
    ../clib/angel/kernel.s                   0x00000000   Number         0  __rtentry2.o ABSOLUTE
    ../clib/angel/rt.s                       0x00000000   Number         0  rt_ctype_table.o ABSOLUTE
    ../clib/angel/rt.s                       0x00000000   Number         0  rt_locale_intlibspace.o ABSOLUTE
    ../clib/angel/rt.s                       0x00000000   Number         0  rt_raise.o ABSOLUTE
    ../clib/angel/rt.s                       0x00000000   Number         0  rt_locale.o ABSOLUTE
    ../clib/angel/scatter.s                  0x00000000   Number         0  __scatter.o ABSOLUTE
    ../clib/angel/startup.s                  0x00000000   Number         0  __main.o ABSOLUTE
    ../clib/angel/sys.s                      0x00000000   Number         0  libspace.o ABSOLUTE
    ../clib/angel/sys.s                      0x00000000   Number         0  sys_stackheap_outer.o ABSOLUTE
    ../clib/angel/sys.s                      0x00000000   Number         0  use_no_semi.o ABSOLUTE
    ../clib/angel/sys.s                      0x00000000   Number         0  indicate_semi.o ABSOLUTE
    ../clib/angel/sysapp.c                   0x00000000   Number         0  sys_wrch.o ABSOLUTE
    ../clib/angel/sysapp.c                   0x00000000   Number         0  sys_exit.o ABSOLUTE
    ../clib/angel/sysapp.c                   0x00000000   Number         0  sys_command.o ABSOLUTE
    ../clib/armsys.c                         0x00000000   Number         0  argv_veneer.o ABSOLUTE
    ../clib/armsys.c                         0x00000000   Number         0  _get_argv_nomalloc.o ABSOLUTE
    ../clib/armsys.c                         0x00000000   Number         0  no_argv.o ABSOLUTE
    ../clib/armsys.c                         0x00000000   Number         0  argv_veneer.o ABSOLUTE
    ../clib/bigflt.c                         0x00000000   Number         0  bigflt0.o ABSOLUTE
    ../clib/btod.s                           0x00000000   Number         0  btod.o ABSOLUTE
    ../clib/heapalloc.c                      0x00000000   Number         0  hrguard.o ABSOLUTE
    ../clib/heapaux.c                        0x00000000   Number         0  heapauxi.o ABSOLUTE
    ../clib/libinit.s                        0x00000000   Number         0  libshutdown2.o ABSOLUTE
    ../clib/libinit.s                        0x00000000   Number         0  libshutdown.o ABSOLUTE
    ../clib/libinit.s                        0x00000000   Number         0  libinit2.o ABSOLUTE
    ../clib/libinit.s                        0x00000000   Number         0  libinit.o ABSOLUTE
    ../clib/locale.c                         0x00000000   Number         0  _wcrtomb.o ABSOLUTE
    ../clib/locale.s                         0x00000000   Number         0  lc_ctype_c.o ABSOLUTE
    ../clib/locale.s                         0x00000000   Number         0  lc_numeric_c.o ABSOLUTE
    ../clib/longlong.s                       0x00000000   Number         0  lludiv10.o ABSOLUTE
    ../clib/longlong.s                       0x00000000   Number         0  llushr.o ABSOLUTE
    ../clib/memcpset.s                       0x00000000   Number         0  strcmpv7m.o ABSOLUTE
    ../clib/memcpset.s                       0x00000000   Number         0  rt_memcpy_w.o ABSOLUTE
    ../clib/memcpset.s                       0x00000000   Number         0  rt_memclr_w.o ABSOLUTE
    ../clib/misc.s                           0x00000000   Number         0  printf_stubs.o ABSOLUTE
    ../clib/printf.c                         0x00000000   Number         0  _printf_oct_int.o ABSOLUTE
    ../clib/printf.c                         0x00000000   Number         0  _printf_oct_ll.o ABSOLUTE
    ../clib/printf.c                         0x00000000   Number         0  _printf_fp_infnan.o ABSOLUTE
    ../clib/printf.c                         0x00000000   Number         0  _printf_longlong_dec.o ABSOLUTE
    ../clib/printf.c                         0x00000000   Number         0  _printf_wctomb.o ABSOLUTE
    ../clib/printf.c                         0x00000000   Number         0  _sputc.o ABSOLUTE
    ../clib/printf.c                         0x00000000   Number         0  _printf_hex_int_ptr.o ABSOLUTE
    ../clib/printf.c                         0x00000000   Number         0  _printf_char_common.o ABSOLUTE
    ../clib/printf.c                         0x00000000   Number         0  _printf_charcount.o ABSOLUTE
    ../clib/printf.c                         0x00000000   Number         0  _printf_dec.o ABSOLUTE
    ../clib/printf.c                         0x00000000   Number         0  _printf_str.o ABSOLUTE
    ../clib/printf.c                         0x00000000   Number         0  _printf_truncate.o ABSOLUTE
    ../clib/printf.c                         0x00000000   Number         0  _printf_pad.o ABSOLUTE
    ../clib/printf.c                         0x00000000   Number         0  _printf_wchar.o ABSOLUTE
    ../clib/printf.c                         0x00000000   Number         0  _printf_char.o ABSOLUTE
    ../clib/printf.c                         0x00000000   Number         0  __printf_nopercent.o ABSOLUTE
    ../clib/printf.c                         0x00000000   Number         0  _printf_fp_hex.o ABSOLUTE
    ../clib/printf.c                         0x00000000   Number         0  _printf_fp_dec.o ABSOLUTE
    ../clib/printf.c                         0x00000000   Number         0  _printf_intcommon.o ABSOLUTE
    ../clib/printf.c                         0x00000000   Number         0  _printf_hex_ptr.o ABSOLUTE
    ../clib/printf.c                         0x00000000   Number         0  vsnprintf.o ABSOLUTE
    ../clib/printf.c                         0x00000000   Number         0  _printf_hex_int_ll.o ABSOLUTE
    ../clib/printf.c                         0x00000000   Number         0  _printf_hex_int.o ABSOLUTE
    ../clib/printf.c                         0x00000000   Number         0  _printf_hex_ll.o ABSOLUTE
    ../clib/printf.c                         0x00000000   Number         0  _printf_oct_int_ll.o ABSOLUTE
    ../clib/printf.c                         0x00000000   Number         0  _snputc.o ABSOLUTE
    ../clib/printf.c                         0x00000000   Number         0  __printf.o ABSOLUTE
    ../clib/printf.c                         0x00000000   Number         0  __printf_flags_ss_wp.o ABSOLUTE
    ../clib/printf.c                         0x00000000   Number         0  __printf_ss_wp.o ABSOLUTE
    ../clib/printf.c                         0x00000000   Number         0  __printf_flags_wp.o ABSOLUTE
    ../clib/printf.c                         0x00000000   Number         0  __printf_wp.o ABSOLUTE
    ../clib/printf.c                         0x00000000   Number         0  __printf_flags_ss.o ABSOLUTE
    ../clib/printf.c                         0x00000000   Number         0  __printf_ss.o ABSOLUTE
    ../clib/printf.c                         0x00000000   Number         0  __printf_flags.o ABSOLUTE
    ../clib/printf.c                         0x00000000   Number         0  _printf_hex_int_ll_ptr.o ABSOLUTE
    ../clib/printf.c                         0x00000000   Number         0  _printf_hex_ll_ptr.o ABSOLUTE
    ../clib/printf_percent.s                 0x00000000   Number         0  _printf_g.o ABSOLUTE
    ../clib/printf_percent.s                 0x00000000   Number         0  _printf_e.o ABSOLUTE
    ../clib/printf_percent.s                 0x00000000   Number         0  _printf_percent_end.o ABSOLUTE
    ../clib/printf_percent.s                 0x00000000   Number         0  _printf_f.o ABSOLUTE
    ../clib/printf_percent.s                 0x00000000   Number         0  _printf_u.o ABSOLUTE
    ../clib/printf_percent.s                 0x00000000   Number         0  _printf_d.o ABSOLUTE
    ../clib/printf_percent.s                 0x00000000   Number         0  _printf_p.o ABSOLUTE
    ../clib/printf_percent.s                 0x00000000   Number         0  _printf_ls.o ABSOLUTE
    ../clib/printf_percent.s                 0x00000000   Number         0  _printf_l.o ABSOLUTE
    ../clib/printf_percent.s                 0x00000000   Number         0  _printf_o.o ABSOLUTE
    ../clib/printf_percent.s                 0x00000000   Number         0  _printf_x.o ABSOLUTE
    ../clib/printf_percent.s                 0x00000000   Number         0  _printf_n.o ABSOLUTE
    ../clib/printf_percent.s                 0x00000000   Number         0  _printf_s.o ABSOLUTE
    ../clib/printf_percent.s                 0x00000000   Number         0  _printf_c.o ABSOLUTE
    ../clib/printf_percent.s                 0x00000000   Number         0  _printf_llx.o ABSOLUTE
    ../clib/printf_percent.s                 0x00000000   Number         0  _printf_lc.o ABSOLUTE
    ../clib/printf_percent.s                 0x00000000   Number         0  _printf_llo.o ABSOLUTE
    ../clib/printf_percent.s                 0x00000000   Number         0  _printf_ll.o ABSOLUTE
    ../clib/printf_percent.s                 0x00000000   Number         0  _printf_llu.o ABSOLUTE
    ../clib/printf_percent.s                 0x00000000   Number         0  _printf_lld.o ABSOLUTE
    ../clib/printf_percent.s                 0x00000000   Number         0  _printf_lli.o ABSOLUTE
    ../clib/printf_percent.s                 0x00000000   Number         0  _printf_percent.o ABSOLUTE
    ../clib/printf_percent.s                 0x00000000   Number         0  _printf_a.o ABSOLUTE
    ../clib/printf_percent.s                 0x00000000   Number         0  _printf_i.o ABSOLUTE
    ../clib/signal.c                         0x00000000   Number         0  defsig_stak_inner.o ABSOLUTE
    ../clib/signal.c                         0x00000000   Number         0  defsig_rtred_inner.o ABSOLUTE
    ../clib/signal.c                         0x00000000   Number         0  defsig_fpe_inner.o ABSOLUTE
    ../clib/signal.c                         0x00000000   Number         0  defsig_abrt_inner.o ABSOLUTE
    ../clib/signal.c                         0x00000000   Number         0  defsig_general.o ABSOLUTE
    ../clib/signal.c                         0x00000000   Number         0  __raise.o ABSOLUTE
    ../clib/signal.c                         0x00000000   Number         0  defsig_rtmem_inner.o ABSOLUTE
    ../clib/signal.c                         0x00000000   Number         0  defsig_exit.o ABSOLUTE
    ../clib/signal.c                         0x00000000   Number         0  defsig_rtmem_formal.o ABSOLUTE
    ../clib/signal.c                         0x00000000   Number         0  defsig_rtmem_outer.o ABSOLUTE
    ../clib/signal.c                         0x00000000   Number         0  defsig_other.o ABSOLUTE
    ../clib/signal.c                         0x00000000   Number         0  defsig_segv_inner.o ABSOLUTE
    ../clib/signal.c                         0x00000000   Number         0  defsig_cppl_inner.o ABSOLUTE
    ../clib/signal.c                         0x00000000   Number         0  defsig_pvfn_inner.o ABSOLUTE
    ../clib/signal.s                         0x00000000   Number         0  defsig.o ABSOLUTE
    ../clib/stdlib.c                         0x00000000   Number         0  exit.o ABSOLUTE
    ../fplib/fpinit.s                        0x00000000   Number         0  fpinit.o ABSOLUTE
    ../fplib/istatus.s                       0x00000000   Number         0  istatus.o ABSOLUTE
    ../fplib/printf1.s                       0x00000000   Number         0  printf1.o ABSOLUTE
    ../fplib/printf2.s                       0x00000000   Number         0  printf2.o ABSOLUTE
    ../fplib/printf2a.s                      0x00000000   Number         0  printf2a.o ABSOLUTE
    ../fplib/printf2b.s                      0x00000000   Number         0  printf2b.o ABSOLUTE
    ../fplib/usenofp.s                       0x00000000   Number         0  usenofp.o ABSOLUTE
    ../mathlib/fpclassify.c                  0x00000000   Number         0  fpclassify.o ABSOLUTE
    ..\Application\Src\modbus.c              0x00000000   Number         0  modbus.o ABSOLUTE
    ..\Application\Src\ota.c                 0x00000000   Number         0  ota.o ABSOLUTE
    ..\Core\Src\dma.c                        0x00000000   Number         0  dma.o ABSOLUTE
    ..\Core\Src\gpio.c                       0x00000000   Number         0  gpio.o ABSOLUTE
    ..\Core\Src\main.c                       0x00000000   Number         0  main.o ABSOLUTE
    ..\Core\Src\stm32f1xx_hal_msp.c          0x00000000   Number         0  stm32f1xx_hal_msp.o ABSOLUTE
    ..\Core\Src\stm32f1xx_it.c               0x00000000   Number         0  stm32f1xx_it.o ABSOLUTE
    ..\Core\Src\system_stm32f1xx.c           0x00000000   Number         0  system_stm32f1xx.o ABSOLUTE
    ..\Core\Src\uart_drv.c                   0x00000000   Number         0  uart_drv.o ABSOLUTE
    ..\Core\Src\usart.c                      0x00000000   Number         0  usart.o ABSOLUTE
    ..\Drivers\STM32F1xx_HAL_Driver\Src\stm32f1xx_hal.c 0x00000000   Number         0  stm32f1xx_hal.o ABSOLUTE
    ..\Drivers\STM32F1xx_HAL_Driver\Src\stm32f1xx_hal_cortex.c 0x00000000   Number         0  stm32f1xx_hal_cortex.o ABSOLUTE
    ..\Drivers\STM32F1xx_HAL_Driver\Src\stm32f1xx_hal_dma.c 0x00000000   Number         0  stm32f1xx_hal_dma.o ABSOLUTE
    ..\Drivers\STM32F1xx_HAL_Driver\Src\stm32f1xx_hal_exti.c 0x00000000   Number         0  stm32f1xx_hal_exti.o ABSOLUTE
    ..\Drivers\STM32F1xx_HAL_Driver\Src\stm32f1xx_hal_flash.c 0x00000000   Number         0  stm32f1xx_hal_flash.o ABSOLUTE
    ..\Drivers\STM32F1xx_HAL_Driver\Src\stm32f1xx_hal_flash_ex.c 0x00000000   Number         0  stm32f1xx_hal_flash_ex.o ABSOLUTE
    ..\Drivers\STM32F1xx_HAL_Driver\Src\stm32f1xx_hal_gpio.c 0x00000000   Number         0  stm32f1xx_hal_gpio.o ABSOLUTE
    ..\Drivers\STM32F1xx_HAL_Driver\Src\stm32f1xx_hal_gpio_ex.c 0x00000000   Number         0  stm32f1xx_hal_gpio_ex.o ABSOLUTE
    ..\Drivers\STM32F1xx_HAL_Driver\Src\stm32f1xx_hal_pwr.c 0x00000000   Number         0  stm32f1xx_hal_pwr.o ABSOLUTE
    ..\Drivers\STM32F1xx_HAL_Driver\Src\stm32f1xx_hal_rcc.c 0x00000000   Number         0  stm32f1xx_hal_rcc.o ABSOLUTE
    ..\Drivers\STM32F1xx_HAL_Driver\Src\stm32f1xx_hal_rcc_ex.c 0x00000000   Number         0  stm32f1xx_hal_rcc_ex.o ABSOLUTE
    ..\Drivers\STM32F1xx_HAL_Driver\Src\stm32f1xx_hal_uart.c 0x00000000   Number         0  stm32f1xx_hal_uart.o ABSOLUTE
    ..\\Application\\Src\\modbus.c           0x00000000   Number         0  modbus.o ABSOLUTE
    ..\\Application\\Src\\ota.c              0x00000000   Number         0  ota.o ABSOLUTE
    ..\\Core\\Src\\uart_drv.c                0x00000000   Number         0  uart_drv.o ABSOLUTE
    dc.s                                     0x00000000   Number         0  dc.o ABSOLUTE
    startup_stm32f103xb.s                    0x00000000   Number         0  startup_stm32f103xb.o ABSOLUTE
    RESET                                    0x08000000   Section      236  startup_stm32f103xb.o(RESET)
    !!!main                                  0x080000ec   Section        8  __main.o(!!!main)
    !!!scatter                               0x080000f4   Section       52  __scatter.o(!!!scatter)
    !!dczerorl2                              0x08000128   Section       90  __dczerorl2.o(!!dczerorl2)
    !!handler_zi                             0x08000184   Section       28  __scatter_zi.o(!!handler_zi)
    .ARM.Collect$$libinit$$00000000          0x080001a0   Section        2  libinit.o(.ARM.Collect$$libinit$$00000000)
    .ARM.Collect$$libinit$$00000002          0x080001a2   Section        0  libinit2.o(.ARM.Collect$$libinit$$00000002)
    .ARM.Collect$$libinit$$00000004          0x080001a2   Section        0  libinit2.o(.ARM.Collect$$libinit$$00000004)
    .ARM.Collect$$libinit$$0000000A          0x080001a2   Section        0  libinit2.o(.ARM.Collect$$libinit$$0000000A)
    .ARM.Collect$$libinit$$0000000C          0x080001a2   Section        0  libinit2.o(.ARM.Collect$$libinit$$0000000C)
    .ARM.Collect$$libinit$$0000000E          0x080001a2   Section        0  libinit2.o(.ARM.Collect$$libinit$$0000000E)
    .ARM.Collect$$libinit$$00000011          0x080001a2   Section        0  libinit2.o(.ARM.Collect$$libinit$$00000011)
    .ARM.Collect$$libinit$$00000013          0x080001a2   Section        0  libinit2.o(.ARM.Collect$$libinit$$00000013)
    .ARM.Collect$$libinit$$00000015          0x080001a2   Section        0  libinit2.o(.ARM.Collect$$libinit$$00000015)
    .ARM.Collect$$libinit$$00000017          0x080001a2   Section        0  libinit2.o(.ARM.Collect$$libinit$$00000017)
    .ARM.Collect$$libinit$$00000019          0x080001a2   Section        0  libinit2.o(.ARM.Collect$$libinit$$00000019)
    .ARM.Collect$$libinit$$0000001B          0x080001a2   Section        0  libinit2.o(.ARM.Collect$$libinit$$0000001B)
    .ARM.Collect$$libinit$$0000001D          0x080001a2   Section        0  libinit2.o(.ARM.Collect$$libinit$$0000001D)
    .ARM.Collect$$libinit$$0000001F          0x080001a2   Section        0  libinit2.o(.ARM.Collect$$libinit$$0000001F)
    .ARM.Collect$$libinit$$00000021          0x080001a2   Section        0  libinit2.o(.ARM.Collect$$libinit$$00000021)
    .ARM.Collect$$libinit$$00000023          0x080001a2   Section        0  libinit2.o(.ARM.Collect$$libinit$$00000023)
    .ARM.Collect$$libinit$$00000025          0x080001a2   Section        0  libinit2.o(.ARM.Collect$$libinit$$00000025)
    .ARM.Collect$$libinit$$0000002C          0x080001a2   Section        0  libinit2.o(.ARM.Collect$$libinit$$0000002C)
    .ARM.Collect$$libinit$$0000002E          0x080001a2   Section        0  libinit2.o(.ARM.Collect$$libinit$$0000002E)
    .ARM.Collect$$libinit$$00000030          0x080001a2   Section        0  libinit2.o(.ARM.Collect$$libinit$$00000030)
    .ARM.Collect$$libinit$$00000032          0x080001a2   Section        0  libinit2.o(.ARM.Collect$$libinit$$00000032)
    .ARM.Collect$$libinit$$00000033          0x080001a2   Section        2  libinit2.o(.ARM.Collect$$libinit$$00000033)
    .ARM.Collect$$libshutdown$$00000000      0x080001a4   Section        2  libshutdown.o(.ARM.Collect$$libshutdown$$00000000)
    .ARM.Collect$$libshutdown$$00000002      0x080001a6   Section        0  libshutdown2.o(.ARM.Collect$$libshutdown$$00000002)
    .ARM.Collect$$libshutdown$$00000004      0x080001a6   Section        0  libshutdown2.o(.ARM.Collect$$libshutdown$$00000004)
    .ARM.Collect$$libshutdown$$00000006      0x080001a6   Section        0  libshutdown2.o(.ARM.Collect$$libshutdown$$00000006)
    .ARM.Collect$$libshutdown$$00000009      0x080001a6   Section        0  libshutdown2.o(.ARM.Collect$$libshutdown$$00000009)
    .ARM.Collect$$libshutdown$$0000000C      0x080001a6   Section        0  libshutdown2.o(.ARM.Collect$$libshutdown$$0000000C)
    .ARM.Collect$$libshutdown$$0000000E      0x080001a6   Section        0  libshutdown2.o(.ARM.Collect$$libshutdown$$0000000E)
    .ARM.Collect$$libshutdown$$00000011      0x080001a6   Section        0  libshutdown2.o(.ARM.Collect$$libshutdown$$00000011)
    .ARM.Collect$$libshutdown$$00000012      0x080001a6   Section        2  libshutdown2.o(.ARM.Collect$$libshutdown$$00000012)
    .ARM.Collect$$rtentry$$00000000          0x080001a8   Section        0  __rtentry.o(.ARM.Collect$$rtentry$$00000000)
    .ARM.Collect$$rtentry$$00000002          0x080001a8   Section        0  __rtentry2.o(.ARM.Collect$$rtentry$$00000002)
    .ARM.Collect$$rtentry$$00000004          0x080001a8   Section        6  __rtentry4.o(.ARM.Collect$$rtentry$$00000004)
    .ARM.Collect$$rtentry$$00000009          0x080001ae   Section        0  __rtentry2.o(.ARM.Collect$$rtentry$$00000009)
    .ARM.Collect$$rtentry$$0000000A          0x080001ae   Section        4  __rtentry2.o(.ARM.Collect$$rtentry$$0000000A)
    .ARM.Collect$$rtentry$$0000000C          0x080001b2   Section        0  __rtentry2.o(.ARM.Collect$$rtentry$$0000000C)
    .ARM.Collect$$rtentry$$0000000D          0x080001b2   Section        8  __rtentry2.o(.ARM.Collect$$rtentry$$0000000D)
    .ARM.Collect$$rtexit$$00000000           0x080001ba   Section        2  rtexit.o(.ARM.Collect$$rtexit$$00000000)
    .ARM.Collect$$rtexit$$00000002           0x080001bc   Section        0  rtexit2.o(.ARM.Collect$$rtexit$$00000002)
    .ARM.Collect$$rtexit$$00000003           0x080001bc   Section        4  rtexit2.o(.ARM.Collect$$rtexit$$00000003)
    .ARM.Collect$$rtexit$$00000004           0x080001c0   Section        6  rtexit2.o(.ARM.Collect$$rtexit$$00000004)
    .text                                    0x080001c8   Section       64  startup_stm32f103xb.o(.text)
    .text                                    0x08000208   Section       38  llushr.o(.text)
    .text                                    0x0800022e   Section      100  rt_memcpy_w.o(.text)
    .text                                    0x08000292   Section       78  rt_memclr_w.o(.text)
    .text                                    0x080002e0   Section        0  heapauxi.o(.text)
    .text                                    0x080002e6   Section       74  sys_stackheap_outer.o(.text)
    .text                                    0x08000330   Section        0  exit.o(.text)
    .text                                    0x08000344   Section        8  libspace.o(.text)
    .text                                    0x0800034c   Section        0  sys_exit.o(.text)
    .text                                    0x08000358   Section        2  use_no_semi.o(.text)
    .text                                    0x0800035a   Section        0  indicate_semi.o(.text)
    i.AppJump                                0x0800035c   Section        0  ota.o(i.AppJump)
    i.BusFault_Handler                       0x08000404   Section        0  stm32f1xx_it.o(i.BusFault_Handler)
    i.DMA1_Channel4_IRQHandler               0x08000408   Section        0  stm32f1xx_it.o(i.DMA1_Channel4_IRQHandler)
    i.DMA1_Channel6_IRQHandler               0x08000434   Section        0  stm32f1xx_it.o(i.DMA1_Channel6_IRQHandler)
    i.DMA1_Channel7_IRQHandler               0x08000460   Section        0  stm32f1xx_it.o(i.DMA1_Channel7_IRQHandler)
    i.DMA_WaitDisable                        0x0800048c   Section        0  uart_drv.o(i.DMA_WaitDisable)
    DMA_WaitDisable                          0x0800048d   Thumb Code    10  uart_drv.o(i.DMA_WaitDisable)
    i.DebugMon_Handler                       0x08000496   Section        0  stm32f1xx_it.o(i.DebugMon_Handler)
    i.Error_Handler                          0x08000498   Section        0  main.o(i.Error_Handler)
    i.FLASH_MassErase                        0x0800049c   Section        0  stm32f1xx_hal_flash_ex.o(i.FLASH_MassErase)
    FLASH_MassErase                          0x0800049d   Thumb Code    26  stm32f1xx_hal_flash_ex.o(i.FLASH_MassErase)
    i.FLASH_PageErase                        0x080004c0   Section        0  stm32f1xx_hal_flash_ex.o(i.FLASH_PageErase)
    i.FLASH_Program_HalfWord                 0x080004e4   Section        0  stm32f1xx_hal_flash.o(i.FLASH_Program_HalfWord)
    FLASH_Program_HalfWord                   0x080004e5   Thumb Code    20  stm32f1xx_hal_flash.o(i.FLASH_Program_HalfWord)
    i.FLASH_SetErrorCode                     0x08000500   Section        0  stm32f1xx_hal_flash.o(i.FLASH_SetErrorCode)
    FLASH_SetErrorCode                       0x08000501   Thumb Code    84  stm32f1xx_hal_flash.o(i.FLASH_SetErrorCode)
    i.FLASH_WaitForLastOperation             0x0800055c   Section        0  stm32f1xx_hal_flash.o(i.FLASH_WaitForLastOperation)
    i.Flash_Erase                            0x080005b0   Section        0  ota.o(i.Flash_Erase)
    Flash_Erase                              0x080005b1   Thumb Code    40  ota.o(i.Flash_Erase)
    i.Flash_Program                          0x080005d8   Section        0  ota.o(i.Flash_Program)
    Flash_Program                            0x080005d9   Thumb Code    64  ota.o(i.Flash_Program)
    i.HAL_DMA_Abort                          0x08000618   Section        0  stm32f1xx_hal_dma.o(i.HAL_DMA_Abort)
    i.HAL_DMA_Abort_IT                       0x08000660   Section        0  stm32f1xx_hal_dma.o(i.HAL_DMA_Abort_IT)
    i.HAL_DMA_DeInit                         0x080006f8   Section        0  stm32f1xx_hal_dma.o(i.HAL_DMA_DeInit)
    i.HAL_DMA_IRQHandler                     0x08000754   Section        0  stm32f1xx_hal_dma.o(i.HAL_DMA_IRQHandler)
    i.HAL_DMA_Init                           0x080008a8   Section        0  stm32f1xx_hal_dma.o(i.HAL_DMA_Init)
    i.HAL_DeInit                             0x08000904   Section        0  stm32f1xx_hal.o(i.HAL_DeInit)
    i.HAL_FLASHEx_Erase                      0x08000924   Section        0  stm32f1xx_hal_flash_ex.o(i.HAL_FLASHEx_Erase)
    i.HAL_FLASH_Lock                         0x080009cc   Section        0  stm32f1xx_hal_flash.o(i.HAL_FLASH_Lock)
    i.HAL_FLASH_Program                      0x080009e0   Section        0  stm32f1xx_hal_flash.o(i.HAL_FLASH_Program)
    i.HAL_FLASH_Unlock                       0x08000a60   Section        0  stm32f1xx_hal_flash.o(i.HAL_FLASH_Unlock)
    i.HAL_GPIO_DeInit                        0x08000a88   Section        0  stm32f1xx_hal_gpio.o(i.HAL_GPIO_DeInit)
    i.HAL_GPIO_Init                          0x08000ba0   Section        0  stm32f1xx_hal_gpio.o(i.HAL_GPIO_Init)
    i.HAL_GetTick                            0x08000d80   Section        0  stm32f1xx_hal.o(i.HAL_GetTick)
    i.HAL_IncTick                            0x08000d8c   Section        0  stm32f1xx_hal.o(i.HAL_IncTick)
    i.HAL_Init                               0x08000d9c   Section        0  stm32f1xx_hal.o(i.HAL_Init)
    i.HAL_InitTick                           0x08000dc0   Section        0  stm32f1xx_hal.o(i.HAL_InitTick)
    i.HAL_MspDeInit                          0x08000e00   Section        0  stm32f1xx_hal.o(i.HAL_MspDeInit)
    i.HAL_MspInit                            0x08000e04   Section        0  stm32f1xx_hal_msp.o(i.HAL_MspInit)
    i.HAL_NVIC_DisableIRQ                    0x08000e40   Section        0  stm32f1xx_hal_cortex.o(i.HAL_NVIC_DisableIRQ)
    i.HAL_NVIC_EnableIRQ                     0x08000e62   Section        0  stm32f1xx_hal_cortex.o(i.HAL_NVIC_EnableIRQ)
    i.HAL_NVIC_SetPriority                   0x08000e7c   Section        0  stm32f1xx_hal_cortex.o(i.HAL_NVIC_SetPriority)
    i.HAL_NVIC_SetPriorityGrouping           0x08000ebc   Section        0  stm32f1xx_hal_cortex.o(i.HAL_NVIC_SetPriorityGrouping)
    i.HAL_RCC_ClockConfig                    0x08000ee0   Section        0  stm32f1xx_hal_rcc.o(i.HAL_RCC_ClockConfig)
    i.HAL_RCC_GetPCLK1Freq                   0x0800100c   Section        0  stm32f1xx_hal_rcc.o(i.HAL_RCC_GetPCLK1Freq)
    i.HAL_RCC_GetPCLK2Freq                   0x0800102c   Section        0  stm32f1xx_hal_rcc.o(i.HAL_RCC_GetPCLK2Freq)
    i.HAL_RCC_GetSysClockFreq                0x0800104c   Section        0  stm32f1xx_hal_rcc.o(i.HAL_RCC_GetSysClockFreq)
    i.HAL_RCC_OscConfig                      0x08001098   Section        0  stm32f1xx_hal_rcc.o(i.HAL_RCC_OscConfig)
    i.HAL_SYSTICK_Config                     0x080013b8   Section        0  stm32f1xx_hal_cortex.o(i.HAL_SYSTICK_Config)
    i.HAL_UARTEx_RxEventCallback             0x080013e0   Section        0  stm32f1xx_hal_uart.o(i.HAL_UARTEx_RxEventCallback)
    i.HAL_UART_DeInit                        0x080013e2   Section        0  stm32f1xx_hal_uart.o(i.HAL_UART_DeInit)
    i.HAL_UART_ErrorCallback                 0x08001418   Section        0  stm32f1xx_hal_uart.o(i.HAL_UART_ErrorCallback)
    i.HAL_UART_IRQHandler                    0x0800141c   Section        0  stm32f1xx_hal_uart.o(i.HAL_UART_IRQHandler)
    i.HAL_UART_Init                          0x08001688   Section        0  stm32f1xx_hal_uart.o(i.HAL_UART_Init)
    i.HAL_UART_MspDeInit                     0x080016ec   Section        0  usart.o(i.HAL_UART_MspDeInit)
    i.HAL_UART_MspInit                       0x08001758   Section        0  usart.o(i.HAL_UART_MspInit)
    i.HAL_UART_RxCpltCallback                0x080018c4   Section        0  stm32f1xx_hal_uart.o(i.HAL_UART_RxCpltCallback)
    i.HAL_UART_TxCpltCallback                0x080018c6   Section        0  stm32f1xx_hal_uart.o(i.HAL_UART_TxCpltCallback)
    i.HardFault_Handler                      0x080018c8   Section        0  stm32f1xx_it.o(i.HardFault_Handler)
    i.MX_DMA_Init                            0x080018cc   Section        0  dma.o(i.MX_DMA_Init)
    i.MX_GPIO_Init                           0x08001918   Section        0  gpio.o(i.MX_GPIO_Init)
    i.MX_USART1_UART_Init                    0x08001944   Section        0  usart.o(i.MX_USART1_UART_Init)
    i.MX_USART2_UART_Init                    0x0800197c   Section        0  usart.o(i.MX_USART2_UART_Init)
    i.MemManage_Handler                      0x080019b4   Section        0  stm32f1xx_it.o(i.MemManage_Handler)
    i.Modbus_Crc16                           0x080019b6   Section        0  modbus.o(i.Modbus_Crc16)
    Modbus_Crc16                             0x080019b7   Thumb Code    50  modbus.o(i.Modbus_Crc16)
    i.Modbus_Dispatch                        0x080019e8   Section        0  modbus.o(i.Modbus_Dispatch)
    Modbus_Dispatch                          0x080019e9   Thumb Code    90  modbus.o(i.Modbus_Dispatch)
    i.Modbus_ExceptionResponse               0x08001a44   Section        0  modbus.o(i.Modbus_ExceptionResponse)
    Modbus_ExceptionResponse                 0x08001a45   Thumb Code    44  modbus.o(i.Modbus_ExceptionResponse)
    i.Modbus_GetU32BE                        0x08001a78   Section        0  modbus.o(i.Modbus_GetU32BE)
    Modbus_GetU32BE                          0x08001a79   Thumb Code    18  modbus.o(i.Modbus_GetU32BE)
    i.Modbus_OTA_Response                    0x08001a8c   Section        0  modbus.o(i.Modbus_OTA_Response)
    Modbus_OTA_Response                      0x08001a8d   Thumb Code    72  modbus.o(i.Modbus_OTA_Response)
    i.Modbus_OTA_Updata                      0x08001ae0   Section        0  modbus.o(i.Modbus_OTA_Updata)
    Modbus_OTA_Updata                        0x08001ae1   Thumb Code   232  modbus.o(i.Modbus_OTA_Updata)
    i.Modbus_Poll                            0x08001bd8   Section        0  modbus.o(i.Modbus_Poll)
    i.Modbus_RxHandler                       0x08001bfc   Section        0  modbus.o(i.Modbus_RxHandler)
    i.Modbus_Send                            0x08001c00   Section        0  modbus.o(i.Modbus_Send)
    Modbus_Send                              0x08001c01   Thumb Code    30  modbus.o(i.Modbus_Send)
    i.NMI_Handler                            0x08001c24   Section        0  stm32f1xx_it.o(i.NMI_Handler)
    i.OTA_Abort                              0x08001c28   Section        0  ota.o(i.OTA_Abort)
    i.OTA_AppIsValid                         0x08001c40   Section        0  ota.o(i.OTA_AppIsValid)
    i.OTA_BootCheck                          0x08001c78   Section        0  ota.o(i.OTA_BootCheck)
    i.OTA_EraseApp                           0x08001cdc   Section        0  ota.o(i.OTA_EraseApp)
    i.OTA_Finish                             0x08001d04   Section        0  ota.o(i.OTA_Finish)
    i.OTA_ReadInfo                           0x08001db8   Section        0  ota.o(i.OTA_ReadInfo)
    i.OTA_Start                              0x08001dd0   Section        0  ota.o(i.OTA_Start)
    i.OTA_WriteAppData                       0x08001e48   Section        0  ota.o(i.OTA_WriteAppData)
    i.OTA_WriteData                          0x08001e88   Section        0  ota.o(i.OTA_WriteData)
    i.OTA_WriteInfo                          0x08001ed8   Section        0  ota.o(i.OTA_WriteInfo)
    i.PendSV_Handler                         0x08001f10   Section        0  stm32f1xx_it.o(i.PendSV_Handler)
    i.SVC_Handler                            0x08001f12   Section        0  stm32f1xx_it.o(i.SVC_Handler)
    i.SysTick_Handler                        0x08001f14   Section        0  stm32f1xx_it.o(i.SysTick_Handler)
    i.SystemClock_Config                     0x08001f18   Section        0  main.o(i.SystemClock_Config)
    i.SystemInit                             0x08001f76   Section        0  system_stm32f1xx.o(i.SystemInit)
    i.UART1_DrvInit                          0x08001f78   Section        0  uart_drv.o(i.UART1_DrvInit)
    i.UART2_DrvInit                          0x08001fa4   Section        0  uart_drv.o(i.UART2_DrvInit)
    i.UART_DMAAbortOnError                   0x08001fb0   Section        0  stm32f1xx_hal_uart.o(i.UART_DMAAbortOnError)
    UART_DMAAbortOnError                     0x08001fb1   Thumb Code    16  stm32f1xx_hal_uart.o(i.UART_DMAAbortOnError)
    i.UART_DataDrv_InitHW                    0x08001fc0   Section        0  uart_drv.o(i.UART_DataDrv_InitHW)
    UART_DataDrv_InitHW                      0x08001fc1   Thumb Code   162  uart_drv.o(i.UART_DataDrv_InitHW)
    i.UART_Data_TX_TC_ISR                    0x08002068   Section        0  uart_drv.o(i.UART_Data_TX_TC_ISR)
    i.UART_Data_TX_ZeroCopy                  0x08002070   Section        0  uart_drv.o(i.UART_Data_TX_ZeroCopy)
    i.UART_EndRxTransfer                     0x080020c6   Section        0  stm32f1xx_hal_uart.o(i.UART_EndRxTransfer)
    UART_EndRxTransfer                       0x080020c7   Thumb Code    78  stm32f1xx_hal_uart.o(i.UART_EndRxTransfer)
    i.UART_IDLE_ISR                          0x08002114   Section        0  uart_drv.o(i.UART_IDLE_ISR)
    i.UART_Print_RingBuffer_Send             0x080021cc   Section        0  uart_drv.o(i.UART_Print_RingBuffer_Send)
    UART_Print_RingBuffer_Send               0x080021cd   Thumb Code   122  uart_drv.o(i.UART_Print_RingBuffer_Send)
    i.UART_Print_TX_TC_ISR                   0x08002246   Section        0  uart_drv.o(i.UART_Print_TX_TC_ISR)
    i.UART_RX_ZeroCopy_Get                   0x08002272   Section        0  uart_drv.o(i.UART_RX_ZeroCopy_Get)
    i.UART_RX_ZeroCopy_Release               0x08002298   Section        0  uart_drv.o(i.UART_RX_ZeroCopy_Release)
    i.UART_Receive_IT                        0x080022ae   Section        0  stm32f1xx_hal_uart.o(i.UART_Receive_IT)
    UART_Receive_IT                          0x080022af   Thumb Code   194  stm32f1xx_hal_uart.o(i.UART_Receive_IT)
    i.UART_SetConfig                         0x08002370   Section        0  stm32f1xx_hal_uart.o(i.UART_SetConfig)
    UART_SetConfig                           0x08002371   Thumb Code   178  stm32f1xx_hal_uart.o(i.UART_SetConfig)
    i.USART1_IRQHandler                      0x08002428   Section        0  stm32f1xx_it.o(i.USART1_IRQHandler)
    i.USART2_IRQHandler                      0x08002434   Section        0  stm32f1xx_it.o(i.USART2_IRQHandler)
    i.UsageFault_Handler                     0x08002458   Section        0  stm32f1xx_it.o(i.UsageFault_Handler)
    i.__NVIC_SetPriority                     0x0800245a   Section        0  stm32f1xx_hal_cortex.o(i.__NVIC_SetPriority)
    __NVIC_SetPriority                       0x0800245b   Thumb Code    32  stm32f1xx_hal_cortex.o(i.__NVIC_SetPriority)
    i.main                                   0x0800247c   Section        0  main.o(i.main)
    .constdata                               0x080024b4   Section       18  stm32f1xx_hal_rcc.o(.constdata)
    aPredivFactorTable                       0x080024b4   Data           2  stm32f1xx_hal_rcc.o(.constdata)
    aPLLMULFactorTable                       0x080024b6   Data          16  stm32f1xx_hal_rcc.o(.constdata)
    .constdata                               0x080024c6   Section       16  system_stm32f1xx.o(.constdata)
    .constdata                               0x080024d6   Section        8  system_stm32f1xx.o(.constdata)
    .data                                    0x20000000   Section     1392  uart_drv.o(.data)
    .data                                    0x20000570   Section       12  stm32f1xx_hal.o(.data)
    .data                                    0x2000057c   Section        4  system_stm32f1xx.o(.data)
    .data                                    0x20000580   Section       28  ota.o(.data)
    .bss                                     0x2000059c   Section      348  usart.o(.bss)
    .bss                                     0x200006f8   Section       32  stm32f1xx_hal_flash.o(.bss)
    .bss                                     0x20000718   Section      256  modbus.o(.bss)
    modbus_tx_buf                            0x20000718   Data         256  modbus.o(.bss)
    .bss                                     0x20000818   Section       96  libspace.o(.bss)
    HEAP                                     0x20000878   Section      512  startup_stm32f103xb.o(HEAP)
    Heap_Mem                                 0x20000878   Data         512  startup_stm32f103xb.o(HEAP)
    STACK                                    0x20000a78   Section     1024  startup_stm32f103xb.o(STACK)
    Stack_Mem                                0x20000a78   Data        1024  startup_stm32f103xb.o(STACK)
    __initial_sp                             0x20000e78   Data           0  startup_stm32f103xb.o(STACK)

    Global Symbols

    Symbol Name                              Value     Ov Type        Size  Object(Section)

    BuildAttributes$$THM_ISAv4$P$D$K$B$S$PE$A:L22UL41UL21$X:L11$S22US41US21$IEEE1$IW$USESV6$~STKCKD$USESV7$~SHL$OTIME$ROPI$IEEEJ$EBA8$UX$STANDARDLIB$REQ8$PRES8$EABIv2 0x00000000   Number         0  anon$$obj.o ABSOLUTE
    __ARM_use_no_argv                        0x00000000   Number         0  main.o ABSOLUTE
    _printf_flags                            0x00000000   Number         0  printf_stubs.o ABSOLUTE
    _printf_return_value                     0x00000000   Number         0  printf_stubs.o ABSOLUTE
    _printf_sizespec                         0x00000000   Number         0  printf_stubs.o ABSOLUTE
    _printf_widthprec                        0x00000000   Number         0  printf_stubs.o ABSOLUTE
    __ARM_exceptions_init                     - Undefined Weak Reference
    __alloca_initialize                       - Undefined Weak Reference
    __arm_fini_                               - Undefined Weak Reference
    __arm_preinit_                            - Undefined Weak Reference
    __cpp_initialize__aeabi_                  - Undefined Weak Reference
    __cxa_finalize                            - Undefined Weak Reference
    __sigvec_lookup                           - Undefined Weak Reference
    _atexit_init                              - Undefined Weak Reference
    _call_atexit_fns                          - Undefined Weak Reference
    _clock_init                               - Undefined Weak Reference
    _fp_trap_init                             - Undefined Weak Reference
    _fp_trap_shutdown                         - Undefined Weak Reference
    _get_lc_collate                           - Undefined Weak Reference
    _get_lc_monetary                          - Undefined Weak Reference
    _get_lc_time                              - Undefined Weak Reference
    _getenv_init                              - Undefined Weak Reference
    _handle_redirection                       - Undefined Weak Reference
    _init_alloc                               - Undefined Weak Reference
    _init_user_alloc                          - Undefined Weak Reference
    _initio                                   - Undefined Weak Reference
    _printf_mbtowc                            - Undefined Weak Reference
    _printf_wc                                - Undefined Weak Reference
    _rand_init                                - Undefined Weak Reference
    _signal_finish                            - Undefined Weak Reference
    _signal_init                              - Undefined Weak Reference
    _terminate_alloc                          - Undefined Weak Reference
    _terminate_user_alloc                     - Undefined Weak Reference
    _terminateio                              - Undefined Weak Reference
    __Vectors_Size                           0x000000ec   Number         0  startup_stm32f103xb.o ABSOLUTE
    __Vectors                                0x08000000   Data           4  startup_stm32f103xb.o(RESET)
    __Vectors_End                            0x080000ec   Data           0  startup_stm32f103xb.o(RESET)
    __main                                   0x080000ed   Thumb Code     8  __main.o(!!!main)
    __scatterload                            0x080000f5   Thumb Code     0  __scatter.o(!!!scatter)
    __scatterload_rt2                        0x080000f5   Thumb Code    44  __scatter.o(!!!scatter)
    __scatterload_rt2_thumb_only             0x080000f5   Thumb Code     0  __scatter.o(!!!scatter)
    __scatterload_null                       0x08000103   Thumb Code     0  __scatter.o(!!!scatter)
    __decompress                             0x08000129   Thumb Code    90  __dczerorl2.o(!!dczerorl2)
    __decompress1                            0x08000129   Thumb Code     0  __dczerorl2.o(!!dczerorl2)
    __scatterload_zeroinit                   0x08000185   Thumb Code    28  __scatter_zi.o(!!handler_zi)
    __rt_lib_init                            0x080001a1   Thumb Code     0  libinit.o(.ARM.Collect$$libinit$$00000000)
    __rt_lib_init_alloca_1                   0x080001a3   Thumb Code     0  libinit2.o(.ARM.Collect$$libinit$$0000002E)
    __rt_lib_init_argv_1                     0x080001a3   Thumb Code     0  libinit2.o(.ARM.Collect$$libinit$$0000002C)
    __rt_lib_init_atexit_1                   0x080001a3   Thumb Code     0  libinit2.o(.ARM.Collect$$libinit$$0000001B)
    __rt_lib_init_clock_1                    0x080001a3   Thumb Code     0  libinit2.o(.ARM.Collect$$libinit$$00000021)
    __rt_lib_init_cpp_1                      0x080001a3   Thumb Code     0  libinit2.o(.ARM.Collect$$libinit$$00000032)
    __rt_lib_init_exceptions_1               0x080001a3   Thumb Code     0  libinit2.o(.ARM.Collect$$libinit$$00000030)
    __rt_lib_init_fp_1                       0x080001a3   Thumb Code     0  libinit2.o(.ARM.Collect$$libinit$$00000002)
    __rt_lib_init_fp_trap_1                  0x080001a3   Thumb Code     0  libinit2.o(.ARM.Collect$$libinit$$0000001F)
    __rt_lib_init_getenv_1                   0x080001a3   Thumb Code     0  libinit2.o(.ARM.Collect$$libinit$$00000023)
    __rt_lib_init_heap_1                     0x080001a3   Thumb Code     0  libinit2.o(.ARM.Collect$$libinit$$0000000A)
    __rt_lib_init_lc_collate_1               0x080001a3   Thumb Code     0  libinit2.o(.ARM.Collect$$libinit$$00000011)
    __rt_lib_init_lc_ctype_1                 0x080001a3   Thumb Code     0  libinit2.o(.ARM.Collect$$libinit$$00000013)
    __rt_lib_init_lc_monetary_1              0x080001a3   Thumb Code     0  libinit2.o(.ARM.Collect$$libinit$$00000015)
    __rt_lib_init_lc_numeric_1               0x080001a3   Thumb Code     0  libinit2.o(.ARM.Collect$$libinit$$00000017)
    __rt_lib_init_lc_time_1                  0x080001a3   Thumb Code     0  libinit2.o(.ARM.Collect$$libinit$$00000019)
    __rt_lib_init_preinit_1                  0x080001a3   Thumb Code     0  libinit2.o(.ARM.Collect$$libinit$$00000004)
    __rt_lib_init_rand_1                     0x080001a3   Thumb Code     0  libinit2.o(.ARM.Collect$$libinit$$0000000E)
    __rt_lib_init_return                     0x080001a3   Thumb Code     0  libinit2.o(.ARM.Collect$$libinit$$00000033)
    __rt_lib_init_signal_1                   0x080001a3   Thumb Code     0  libinit2.o(.ARM.Collect$$libinit$$0000001D)
    __rt_lib_init_stdio_1                    0x080001a3   Thumb Code     0  libinit2.o(.ARM.Collect$$libinit$$00000025)
    __rt_lib_init_user_alloc_1               0x080001a3   Thumb Code     0  libinit2.o(.ARM.Collect$$libinit$$0000000C)
    __rt_lib_shutdown                        0x080001a5   Thumb Code     0  libshutdown.o(.ARM.Collect$$libshutdown$$00000000)
    __rt_lib_shutdown_cpp_1                  0x080001a7   Thumb Code     0  libshutdown2.o(.ARM.Collect$$libshutdown$$00000004)
    __rt_lib_shutdown_fini_1                 0x080001a7   Thumb Code     0  libshutdown2.o(.ARM.Collect$$libshutdown$$00000002)
    __rt_lib_shutdown_fp_trap_1              0x080001a7   Thumb Code     0  libshutdown2.o(.ARM.Collect$$libshutdown$$00000009)
    __rt_lib_shutdown_heap_1                 0x080001a7   Thumb Code     0  libshutdown2.o(.ARM.Collect$$libshutdown$$00000011)
    __rt_lib_shutdown_return                 0x080001a7   Thumb Code     0  libshutdown2.o(.ARM.Collect$$libshutdown$$00000012)
    __rt_lib_shutdown_signal_1               0x080001a7   Thumb Code     0  libshutdown2.o(.ARM.Collect$$libshutdown$$0000000C)
    __rt_lib_shutdown_stdio_1                0x080001a7   Thumb Code     0  libshutdown2.o(.ARM.Collect$$libshutdown$$00000006)
    __rt_lib_shutdown_user_alloc_1           0x080001a7   Thumb Code     0  libshutdown2.o(.ARM.Collect$$libshutdown$$0000000E)
    __rt_entry                               0x080001a9   Thumb Code     0  __rtentry.o(.ARM.Collect$$rtentry$$00000000)
    __rt_entry_presh_1                       0x080001a9   Thumb Code     0  __rtentry2.o(.ARM.Collect$$rtentry$$00000002)
    __rt_entry_sh                            0x080001a9   Thumb Code     0  __rtentry4.o(.ARM.Collect$$rtentry$$00000004)
    __rt_entry_li                            0x080001af   Thumb Code     0  __rtentry2.o(.ARM.Collect$$rtentry$$0000000A)
    __rt_entry_postsh_1                      0x080001af   Thumb Code     0  __rtentry2.o(.ARM.Collect$$rtentry$$00000009)
    __rt_entry_main                          0x080001b3   Thumb Code     0  __rtentry2.o(.ARM.Collect$$rtentry$$0000000D)
    __rt_entry_postli_1                      0x080001b3   Thumb Code     0  __rtentry2.o(.ARM.Collect$$rtentry$$0000000C)
    __rt_exit                                0x080001bb   Thumb Code     0  rtexit.o(.ARM.Collect$$rtexit$$00000000)
    __rt_exit_ls                             0x080001bd   Thumb Code     0  rtexit2.o(.ARM.Collect$$rtexit$$00000003)
    __rt_exit_prels_1                        0x080001bd   Thumb Code     0  rtexit2.o(.ARM.Collect$$rtexit$$00000002)
    __rt_exit_exit                           0x080001c1   Thumb Code     0  rtexit2.o(.ARM.Collect$$rtexit$$00000004)
    Reset_Handler                            0x080001c9   Thumb Code     8  startup_stm32f103xb.o(.text)
    ADC1_2_IRQHandler                        0x080001e3   Thumb Code     0  startup_stm32f103xb.o(.text)
    CAN1_RX1_IRQHandler                      0x080001e3   Thumb Code     0  startup_stm32f103xb.o(.text)
    CAN1_SCE_IRQHandler                      0x080001e3   Thumb Code     0  startup_stm32f103xb.o(.text)
    DMA1_Channel1_IRQHandler                 0x080001e3   Thumb Code     0  startup_stm32f103xb.o(.text)
    DMA1_Channel2_IRQHandler                 0x080001e3   Thumb Code     0  startup_stm32f103xb.o(.text)
    DMA1_Channel3_IRQHandler                 0x080001e3   Thumb Code     0  startup_stm32f103xb.o(.text)
    DMA1_Channel5_IRQHandler                 0x080001e3   Thumb Code     0  startup_stm32f103xb.o(.text)
    EXTI0_IRQHandler                         0x080001e3   Thumb Code     0  startup_stm32f103xb.o(.text)
    EXTI15_10_IRQHandler                     0x080001e3   Thumb Code     0  startup_stm32f103xb.o(.text)
    EXTI1_IRQHandler                         0x080001e3   Thumb Code     0  startup_stm32f103xb.o(.text)
    EXTI2_IRQHandler                         0x080001e3   Thumb Code     0  startup_stm32f103xb.o(.text)
    EXTI3_IRQHandler                         0x080001e3   Thumb Code     0  startup_stm32f103xb.o(.text)
    EXTI4_IRQHandler                         0x080001e3   Thumb Code     0  startup_stm32f103xb.o(.text)
    EXTI9_5_IRQHandler                       0x080001e3   Thumb Code     0  startup_stm32f103xb.o(.text)
    FLASH_IRQHandler                         0x080001e3   Thumb Code     0  startup_stm32f103xb.o(.text)
    I2C1_ER_IRQHandler                       0x080001e3   Thumb Code     0  startup_stm32f103xb.o(.text)
    I2C1_EV_IRQHandler                       0x080001e3   Thumb Code     0  startup_stm32f103xb.o(.text)
    I2C2_ER_IRQHandler                       0x080001e3   Thumb Code     0  startup_stm32f103xb.o(.text)
    I2C2_EV_IRQHandler                       0x080001e3   Thumb Code     0  startup_stm32f103xb.o(.text)
    PVD_IRQHandler                           0x080001e3   Thumb Code     0  startup_stm32f103xb.o(.text)
    RCC_IRQHandler                           0x080001e3   Thumb Code     0  startup_stm32f103xb.o(.text)
    RTC_Alarm_IRQHandler                     0x080001e3   Thumb Code     0  startup_stm32f103xb.o(.text)
    RTC_IRQHandler                           0x080001e3   Thumb Code     0  startup_stm32f103xb.o(.text)
    SPI1_IRQHandler                          0x080001e3   Thumb Code     0  startup_stm32f103xb.o(.text)
    SPI2_IRQHandler                          0x080001e3   Thumb Code     0  startup_stm32f103xb.o(.text)
    TAMPER_IRQHandler                        0x080001e3   Thumb Code     0  startup_stm32f103xb.o(.text)
    TIM1_BRK_IRQHandler                      0x080001e3   Thumb Code     0  startup_stm32f103xb.o(.text)
    TIM1_CC_IRQHandler                       0x080001e3   Thumb Code     0  startup_stm32f103xb.o(.text)
    TIM1_TRG_COM_IRQHandler                  0x080001e3   Thumb Code     0  startup_stm32f103xb.o(.text)
    TIM1_UP_IRQHandler                       0x080001e3   Thumb Code     0  startup_stm32f103xb.o(.text)
    TIM2_IRQHandler                          0x080001e3   Thumb Code     0  startup_stm32f103xb.o(.text)
    TIM3_IRQHandler                          0x080001e3   Thumb Code     0  startup_stm32f103xb.o(.text)
    TIM4_IRQHandler                          0x080001e3   Thumb Code     0  startup_stm32f103xb.o(.text)
    USART3_IRQHandler                        0x080001e3   Thumb Code     0  startup_stm32f103xb.o(.text)
    USBWakeUp_IRQHandler                     0x080001e3   Thumb Code     0  startup_stm32f103xb.o(.text)
    USB_HP_CAN1_TX_IRQHandler                0x080001e3   Thumb Code     0  startup_stm32f103xb.o(.text)
    USB_LP_CAN1_RX0_IRQHandler               0x080001e3   Thumb Code     0  startup_stm32f103xb.o(.text)
    WWDG_IRQHandler                          0x080001e3   Thumb Code     0  startup_stm32f103xb.o(.text)
    __user_initial_stackheap                 0x080001e5   Thumb Code     0  startup_stm32f103xb.o(.text)
    __aeabi_llsr                             0x08000209   Thumb Code     0  llushr.o(.text)
    _ll_ushift_r                             0x08000209   Thumb Code    38  llushr.o(.text)
    __aeabi_memcpy4                          0x0800022f   Thumb Code     0  rt_memcpy_w.o(.text)
    __aeabi_memcpy8                          0x0800022f   Thumb Code     0  rt_memcpy_w.o(.text)
    __rt_memcpy_w                            0x0800022f   Thumb Code   100  rt_memcpy_w.o(.text)
    _memcpy_lastbytes_aligned                0x08000277   Thumb Code     0  rt_memcpy_w.o(.text)
    __aeabi_memclr4                          0x08000293   Thumb Code     0  rt_memclr_w.o(.text)
    __aeabi_memclr8                          0x08000293   Thumb Code     0  rt_memclr_w.o(.text)
    __rt_memclr_w                            0x08000293   Thumb Code    78  rt_memclr_w.o(.text)
    _memset_w                                0x08000297   Thumb Code     0  rt_memclr_w.o(.text)
    __use_two_region_memory                  0x080002e1   Thumb Code     2  heapauxi.o(.text)
    __rt_heap_escrow$2region                 0x080002e3   Thumb Code     2  heapauxi.o(.text)
    __rt_heap_expand$2region                 0x080002e5   Thumb Code     2  heapauxi.o(.text)
    __user_setup_stackheap                   0x080002e7   Thumb Code    74  sys_stackheap_outer.o(.text)
    exit                                     0x08000331   Thumb Code    18  exit.o(.text)
    __user_libspace                          0x08000345   Thumb Code     8  libspace.o(.text)
    __user_perproc_libspace                  0x08000345   Thumb Code     0  libspace.o(.text)
    __user_perthread_libspace                0x08000345   Thumb Code     0  libspace.o(.text)
    _sys_exit                                0x0800034d   Thumb Code     8  sys_exit.o(.text)
    __I$use$semihosting                      0x08000359   Thumb Code     0  use_no_semi.o(.text)
    __use_no_semihosting_swi                 0x08000359   Thumb Code     2  use_no_semi.o(.text)
    __semihosting_library_function           0x0800035b   Thumb Code     0  indicate_semi.o(.text)
    AppJump                                  0x0800035d   Thumb Code   146  ota.o(i.AppJump)
    BusFault_Handler                         0x08000405   Thumb Code     2  stm32f1xx_it.o(i.BusFault_Handler)
    DMA1_Channel4_IRQHandler                 0x08000409   Thumb Code    32  stm32f1xx_it.o(i.DMA1_Channel4_IRQHandler)
    DMA1_Channel6_IRQHandler                 0x08000435   Thumb Code    32  stm32f1xx_it.o(i.DMA1_Channel6_IRQHandler)
    DMA1_Channel7_IRQHandler                 0x08000461   Thumb Code    32  stm32f1xx_it.o(i.DMA1_Channel7_IRQHandler)
    DebugMon_Handler                         0x08000497   Thumb Code     2  stm32f1xx_it.o(i.DebugMon_Handler)
    Error_Handler                            0x08000499   Thumb Code     4  main.o(i.Error_Handler)
    FLASH_PageErase                          0x080004c1   Thumb Code    28  stm32f1xx_hal_flash_ex.o(i.FLASH_PageErase)
    FLASH_WaitForLastOperation               0x0800055d   Thumb Code    80  stm32f1xx_hal_flash.o(i.FLASH_WaitForLastOperation)
    HAL_DMA_Abort                            0x08000619   Thumb Code    70  stm32f1xx_hal_dma.o(i.HAL_DMA_Abort)
    HAL_DMA_Abort_IT                         0x08000661   Thumb Code   148  stm32f1xx_hal_dma.o(i.HAL_DMA_Abort_IT)
    HAL_DMA_DeInit                           0x080006f9   Thumb Code    84  stm32f1xx_hal_dma.o(i.HAL_DMA_DeInit)
    HAL_DMA_IRQHandler                       0x08000755   Thumb Code   316  stm32f1xx_hal_dma.o(i.HAL_DMA_IRQHandler)
    HAL_DMA_Init                             0x080008a9   Thumb Code    84  stm32f1xx_hal_dma.o(i.HAL_DMA_Init)
    HAL_DeInit                               0x08000905   Thumb Code    26  stm32f1xx_hal.o(i.HAL_DeInit)
    HAL_FLASHEx_Erase                        0x08000925   Thumb Code   160  stm32f1xx_hal_flash_ex.o(i.HAL_FLASHEx_Erase)
    HAL_FLASH_Lock                           0x080009cd   Thumb Code    14  stm32f1xx_hal_flash.o(i.HAL_FLASH_Lock)
    HAL_FLASH_Program                        0x080009e1   Thumb Code   120  stm32f1xx_hal_flash.o(i.HAL_FLASH_Program)
    HAL_FLASH_Unlock                         0x08000a61   Thumb Code    28  stm32f1xx_hal_flash.o(i.HAL_FLASH_Unlock)
    HAL_GPIO_DeInit                          0x08000a89   Thumb Code   254  stm32f1xx_hal_gpio.o(i.HAL_GPIO_DeInit)
    HAL_GPIO_Init                            0x08000ba1   Thumb Code   446  stm32f1xx_hal_gpio.o(i.HAL_GPIO_Init)
    HAL_GetTick                              0x08000d81   Thumb Code     6  stm32f1xx_hal.o(i.HAL_GetTick)
    HAL_IncTick                              0x08000d8d   Thumb Code    12  stm32f1xx_hal.o(i.HAL_IncTick)
    HAL_Init                                 0x08000d9d   Thumb Code    32  stm32f1xx_hal.o(i.HAL_Init)
    HAL_InitTick                             0x08000dc1   Thumb Code    54  stm32f1xx_hal.o(i.HAL_InitTick)
    HAL_MspDeInit                            0x08000e01   Thumb Code     2  stm32f1xx_hal.o(i.HAL_MspDeInit)
    HAL_MspInit                              0x08000e05   Thumb Code    52  stm32f1xx_hal_msp.o(i.HAL_MspInit)
    HAL_NVIC_DisableIRQ                      0x08000e41   Thumb Code    34  stm32f1xx_hal_cortex.o(i.HAL_NVIC_DisableIRQ)
    HAL_NVIC_EnableIRQ                       0x08000e63   Thumb Code    26  stm32f1xx_hal_cortex.o(i.HAL_NVIC_EnableIRQ)
    HAL_NVIC_SetPriority                     0x08000e7d   Thumb Code    60  stm32f1xx_hal_cortex.o(i.HAL_NVIC_SetPriority)
    HAL_NVIC_SetPriorityGrouping             0x08000ebd   Thumb Code    26  stm32f1xx_hal_cortex.o(i.HAL_NVIC_SetPriorityGrouping)
    HAL_RCC_ClockConfig                      0x08000ee1   Thumb Code   280  stm32f1xx_hal_rcc.o(i.HAL_RCC_ClockConfig)
    HAL_RCC_GetPCLK1Freq                     0x0800100d   Thumb Code    20  stm32f1xx_hal_rcc.o(i.HAL_RCC_GetPCLK1Freq)
    HAL_RCC_GetPCLK2Freq                     0x0800102d   Thumb Code    20  stm32f1xx_hal_rcc.o(i.HAL_RCC_GetPCLK2Freq)
    HAL_RCC_GetSysClockFreq                  0x0800104d   Thumb Code    58  stm32f1xx_hal_rcc.o(i.HAL_RCC_GetSysClockFreq)
    HAL_RCC_OscConfig                        0x08001099   Thumb Code   778  stm32f1xx_hal_rcc.o(i.HAL_RCC_OscConfig)
    HAL_SYSTICK_Config                       0x080013b9   Thumb Code    40  stm32f1xx_hal_cortex.o(i.HAL_SYSTICK_Config)
    HAL_UARTEx_RxEventCallback               0x080013e1   Thumb Code     2  stm32f1xx_hal_uart.o(i.HAL_UARTEx_RxEventCallback)
    HAL_UART_DeInit                          0x080013e3   Thumb Code    54  stm32f1xx_hal_uart.o(i.HAL_UART_DeInit)
    HAL_UART_ErrorCallback                   0x08001419   Thumb Code     2  stm32f1xx_hal_uart.o(i.HAL_UART_ErrorCallback)
    HAL_UART_IRQHandler                      0x0800141d   Thumb Code   616  stm32f1xx_hal_uart.o(i.HAL_UART_IRQHandler)
    HAL_UART_Init                            0x08001689   Thumb Code   100  stm32f1xx_hal_uart.o(i.HAL_UART_Init)
    HAL_UART_MspDeInit                       0x080016ed   Thumb Code    90  usart.o(i.HAL_UART_MspDeInit)
    HAL_UART_MspInit                         0x08001759   Thumb Code   340  usart.o(i.HAL_UART_MspInit)
    HAL_UART_RxCpltCallback                  0x080018c5   Thumb Code     2  stm32f1xx_hal_uart.o(i.HAL_UART_RxCpltCallback)
    HAL_UART_TxCpltCallback                  0x080018c7   Thumb Code     2  stm32f1xx_hal_uart.o(i.HAL_UART_TxCpltCallback)
    HardFault_Handler                        0x080018c9   Thumb Code     2  stm32f1xx_it.o(i.HardFault_Handler)
    MX_DMA_Init                              0x080018cd   Thumb Code    72  dma.o(i.MX_DMA_Init)
    MX_GPIO_Init                             0x08001919   Thumb Code    38  gpio.o(i.MX_GPIO_Init)
    MX_USART1_UART_Init                      0x08001945   Thumb Code    48  usart.o(i.MX_USART1_UART_Init)
    MX_USART2_UART_Init                      0x0800197d   Thumb Code    48  usart.o(i.MX_USART2_UART_Init)
    MemManage_Handler                        0x080019b5   Thumb Code     2  stm32f1xx_it.o(i.MemManage_Handler)
    Modbus_Poll                              0x08001bd9   Thumb Code    36  modbus.o(i.Modbus_Poll)
    Modbus_RxHandler                         0x08001bfd   Thumb Code     4  modbus.o(i.Modbus_RxHandler)
    NMI_Handler                              0x08001c25   Thumb Code     2  stm32f1xx_it.o(i.NMI_Handler)
    OTA_Abort                                0x08001c29   Thumb Code    20  ota.o(i.OTA_Abort)
    OTA_AppIsValid                           0x08001c41   Thumb Code    52  ota.o(i.OTA_AppIsValid)
    OTA_BootCheck                            0x08001c79   Thumb Code    98  ota.o(i.OTA_BootCheck)
    OTA_EraseApp                             0x08001cdd   Thumb Code    34  ota.o(i.OTA_EraseApp)
    OTA_Finish                               0x08001d05   Thumb Code   166  ota.o(i.OTA_Finish)
    OTA_ReadInfo                             0x08001db9   Thumb Code    20  ota.o(i.OTA_ReadInfo)
    OTA_Start                                0x08001dd1   Thumb Code   114  ota.o(i.OTA_Start)
    OTA_WriteAppData                         0x08001e49   Thumb Code    60  ota.o(i.OTA_WriteAppData)
    OTA_WriteData                            0x08001e89   Thumb Code    74  ota.o(i.OTA_WriteData)
    OTA_WriteInfo                            0x08001ed9   Thumb Code    50  ota.o(i.OTA_WriteInfo)
    PendSV_Handler                           0x08001f11   Thumb Code     2  stm32f1xx_it.o(i.PendSV_Handler)
    SVC_Handler                              0x08001f13   Thumb Code     2  stm32f1xx_it.o(i.SVC_Handler)
    SysTick_Handler                          0x08001f15   Thumb Code     4  stm32f1xx_it.o(i.SysTick_Handler)
    SystemClock_Config                       0x08001f19   Thumb Code    94  main.o(i.SystemClock_Config)
    SystemInit                               0x08001f77   Thumb Code     2  system_stm32f1xx.o(i.SystemInit)
    UART1_DrvInit                            0x08001f79   Thumb Code    38  uart_drv.o(i.UART1_DrvInit)
    UART2_DrvInit                            0x08001fa5   Thumb Code     6  uart_drv.o(i.UART2_DrvInit)
    UART_Data_TX_TC_ISR                      0x08002069   Thumb Code     8  uart_drv.o(i.UART_Data_TX_TC_ISR)
    UART_Data_TX_ZeroCopy                    0x08002071   Thumb Code    86  uart_drv.o(i.UART_Data_TX_ZeroCopy)
    UART_IDLE_ISR                            0x08002115   Thumb Code   180  uart_drv.o(i.UART_IDLE_ISR)
    UART_Print_TX_TC_ISR                     0x08002247   Thumb Code    44  uart_drv.o(i.UART_Print_TX_TC_ISR)
    UART_RX_ZeroCopy_Get                     0x08002273   Thumb Code    38  uart_drv.o(i.UART_RX_ZeroCopy_Get)
    UART_RX_ZeroCopy_Release                 0x08002299   Thumb Code    22  uart_drv.o(i.UART_RX_ZeroCopy_Release)
    USART1_IRQHandler                        0x08002429   Thumb Code     6  stm32f1xx_it.o(i.USART1_IRQHandler)
    USART2_IRQHandler                        0x08002435   Thumb Code    28  stm32f1xx_it.o(i.USART2_IRQHandler)
    UsageFault_Handler                       0x08002459   Thumb Code     2  stm32f1xx_it.o(i.UsageFault_Handler)
    main                                     0x0800247d   Thumb Code    52  main.o(i.main)
    AHBPrescTable                            0x080024c6   Data          16  system_stm32f1xx.o(.constdata)
    APBPrescTable                            0x080024d6   Data           8  system_stm32f1xx.o(.constdata)
    Region$$Table$$Base                      0x080024e0   Number         0  anon$$obj.o(Region$$Table)
    Region$$Table$$Limit                     0x08002500   Number         0  anon$$obj.o(Region$$Table)
    uart1                                    0x20000000   Data         272  uart_drv.o(.data)
    uart2                                    0x20000110   Data        1120  uart_drv.o(.data)
    uwTickFreq                               0x20000570   Data           1  stm32f1xx_hal.o(.data)
    uwTickPrio                               0x20000574   Data           4  stm32f1xx_hal.o(.data)
    uwTick                                   0x20000578   Data           4  stm32f1xx_hal.o(.data)
    SystemCoreClock                          0x2000057c   Data           4  system_stm32f1xx.o(.data)
    ota_info                                 0x20000580   Data          28  ota.o(.data)
    huart1                                   0x2000059c   Data          72  usart.o(.bss)
    huart2                                   0x200005e4   Data          72  usart.o(.bss)
    hdma_usart1_tx                           0x2000062c   Data          68  usart.o(.bss)
    hdma_usart2_rx                           0x20000670   Data          68  usart.o(.bss)
    hdma_usart2_tx                           0x200006b4   Data          68  usart.o(.bss)
    pFlash                                   0x200006f8   Data          32  stm32f1xx_hal_flash.o(.bss)
    __libspace_start                         0x20000818   Data          96  libspace.o(.bss)
    __temporary_stack_top$libspace           0x20000878   Data           0  libspace.o(.bss)



==============================================================================

Memory Map of the image

  Image Entry point : 0x080000ed

  Load Region LR_IROM1 (Base: 0x08000000, Size: 0x00002a9c, Max: 0x00004000, ABSOLUTE, COMPRESSED[0x0000252c])

    Execution Region ER_IROM1 (Exec base: 0x08000000, Load base: 0x08000000, Size: 0x00002500, Max: 0x00004000, ABSOLUTE)

    Exec Addr    Load Addr    Size         Type   Attr      Idx    E Section Name        Object

    0x08000000   0x08000000   0x000000ec   Data   RO            3    RESET               startup_stm32f103xb.o
    0x080000ec   0x080000ec   0x00000008   Code   RO         2102  * !!!main             c_w.l(__main.o)
    0x080000f4   0x080000f4   0x00000034   Code   RO         2429    !!!scatter          c_w.l(__scatter.o)
    0x08000128   0x08000128   0x0000005a   Code   RO         2427    !!dczerorl2         c_w.l(__dczerorl2.o)
    0x08000182   0x08000182   0x00000002   PAD
    0x08000184   0x08000184   0x0000001c   Code   RO         2431    !!handler_zi        c_w.l(__scatter_zi.o)
    0x080001a0   0x080001a0   0x00000002   Code   RO         2285    .ARM.Collect$$libinit$$00000000  c_w.l(libinit.o)
    0x080001a2   0x080001a2   0x00000000   Code   RO         2302    .ARM.Collect$$libinit$$00000002  c_w.l(libinit2.o)
    0x080001a2   0x080001a2   0x00000000   Code   RO         2304    .ARM.Collect$$libinit$$00000004  c_w.l(libinit2.o)
    0x080001a2   0x080001a2   0x00000000   Code   RO         2307    .ARM.Collect$$libinit$$0000000A  c_w.l(libinit2.o)
    0x080001a2   0x080001a2   0x00000000   Code   RO         2309    .ARM.Collect$$libinit$$0000000C  c_w.l(libinit2.o)
    0x080001a2   0x080001a2   0x00000000   Code   RO         2311    .ARM.Collect$$libinit$$0000000E  c_w.l(libinit2.o)
    0x080001a2   0x080001a2   0x00000000   Code   RO         2314    .ARM.Collect$$libinit$$00000011  c_w.l(libinit2.o)
    0x080001a2   0x080001a2   0x00000000   Code   RO         2316    .ARM.Collect$$libinit$$00000013  c_w.l(libinit2.o)
    0x080001a2   0x080001a2   0x00000000   Code   RO         2318    .ARM.Collect$$libinit$$00000015  c_w.l(libinit2.o)
    0x080001a2   0x080001a2   0x00000000   Code   RO         2320    .ARM.Collect$$libinit$$00000017  c_w.l(libinit2.o)
    0x080001a2   0x080001a2   0x00000000   Code   RO         2322    .ARM.Collect$$libinit$$00000019  c_w.l(libinit2.o)
    0x080001a2   0x080001a2   0x00000000   Code   RO         2324    .ARM.Collect$$libinit$$0000001B  c_w.l(libinit2.o)
    0x080001a2   0x080001a2   0x00000000   Code   RO         2326    .ARM.Collect$$libinit$$0000001D  c_w.l(libinit2.o)
    0x080001a2   0x080001a2   0x00000000   Code   RO         2328    .ARM.Collect$$libinit$$0000001F  c_w.l(libinit2.o)
    0x080001a2   0x080001a2   0x00000000   Code   RO         2330    .ARM.Collect$$libinit$$00000021  c_w.l(libinit2.o)
    0x080001a2   0x080001a2   0x00000000   Code   RO         2332    .ARM.Collect$$libinit$$00000023  c_w.l(libinit2.o)
    0x080001a2   0x080001a2   0x00000000   Code   RO         2334    .ARM.Collect$$libinit$$00000025  c_w.l(libinit2.o)
    0x080001a2   0x080001a2   0x00000000   Code   RO         2338    .ARM.Collect$$libinit$$0000002C  c_w.l(libinit2.o)
    0x080001a2   0x080001a2   0x00000000   Code   RO         2340    .ARM.Collect$$libinit$$0000002E  c_w.l(libinit2.o)
    0x080001a2   0x080001a2   0x00000000   Code   RO         2342    .ARM.Collect$$libinit$$00000030  c_w.l(libinit2.o)
    0x080001a2   0x080001a2   0x00000000   Code   RO         2344    .ARM.Collect$$libinit$$00000032  c_w.l(libinit2.o)
    0x080001a2   0x080001a2   0x00000002   Code   RO         2345    .ARM.Collect$$libinit$$00000033  c_w.l(libinit2.o)
    0x080001a4   0x080001a4   0x00000002   Code   RO         2365    .ARM.Collect$$libshutdown$$00000000  c_w.l(libshutdown.o)
    0x080001a6   0x080001a6   0x00000000   Code   RO         2378    .ARM.Collect$$libshutdown$$00000002  c_w.l(libshutdown2.o)
    0x080001a6   0x080001a6   0x00000000   Code   RO         2380    .ARM.Collect$$libshutdown$$00000004  c_w.l(libshutdown2.o)
    0x080001a6   0x080001a6   0x00000000   Code   RO         2382    .ARM.Collect$$libshutdown$$00000006  c_w.l(libshutdown2.o)
    0x080001a6   0x080001a6   0x00000000   Code   RO         2385    .ARM.Collect$$libshutdown$$00000009  c_w.l(libshutdown2.o)
    0x080001a6   0x080001a6   0x00000000   Code   RO         2388    .ARM.Collect$$libshutdown$$0000000C  c_w.l(libshutdown2.o)
    0x080001a6   0x080001a6   0x00000000   Code   RO         2390    .ARM.Collect$$libshutdown$$0000000E  c_w.l(libshutdown2.o)
    0x080001a6   0x080001a6   0x00000000   Code   RO         2393    .ARM.Collect$$libshutdown$$00000011  c_w.l(libshutdown2.o)
    0x080001a6   0x080001a6   0x00000002   Code   RO         2394    .ARM.Collect$$libshutdown$$00000012  c_w.l(libshutdown2.o)
    0x080001a8   0x080001a8   0x00000000   Code   RO         2104    .ARM.Collect$$rtentry$$00000000  c_w.l(__rtentry.o)
    0x080001a8   0x080001a8   0x00000000   Code   RO         2207    .ARM.Collect$$rtentry$$00000002  c_w.l(__rtentry2.o)
    0x080001a8   0x080001a8   0x00000006   Code   RO         2219    .ARM.Collect$$rtentry$$00000004  c_w.l(__rtentry4.o)
    0x080001ae   0x080001ae   0x00000000   Code   RO         2209    .ARM.Collect$$rtentry$$00000009  c_w.l(__rtentry2.o)
    0x080001ae   0x080001ae   0x00000004   Code   RO         2210    .ARM.Collect$$rtentry$$0000000A  c_w.l(__rtentry2.o)
    0x080001b2   0x080001b2   0x00000000   Code   RO         2212    .ARM.Collect$$rtentry$$0000000C  c_w.l(__rtentry2.o)
    0x080001b2   0x080001b2   0x00000008   Code   RO         2213    .ARM.Collect$$rtentry$$0000000D  c_w.l(__rtentry2.o)
    0x080001ba   0x080001ba   0x00000002   Code   RO         2294    .ARM.Collect$$rtexit$$00000000  c_w.l(rtexit.o)
    0x080001bc   0x080001bc   0x00000000   Code   RO         2347    .ARM.Collect$$rtexit$$00000002  c_w.l(rtexit2.o)
    0x080001bc   0x080001bc   0x00000004   Code   RO         2348    .ARM.Collect$$rtexit$$00000003  c_w.l(rtexit2.o)
    0x080001c0   0x080001c0   0x00000006   Code   RO         2349    .ARM.Collect$$rtexit$$00000004  c_w.l(rtexit2.o)
    0x080001c6   0x080001c6   0x00000002   PAD
    0x080001c8   0x080001c8   0x00000040   Code   RO            4    .text               startup_stm32f103xb.o
    0x08000208   0x08000208   0x00000026   Code   RO         2092    .text               c_w.l(llushr.o)
    0x0800022e   0x0800022e   0x00000064   Code   RO         2096    .text               c_w.l(rt_memcpy_w.o)
    0x08000292   0x08000292   0x0000004e   Code   RO         2098    .text               c_w.l(rt_memclr_w.o)
    0x080002e0   0x080002e0   0x00000006   Code   RO         2100    .text               c_w.l(heapauxi.o)
    0x080002e6   0x080002e6   0x0000004a   Code   RO         2239    .text               c_w.l(sys_stackheap_outer.o)
    0x08000330   0x08000330   0x00000012   Code   RO         2278    .text               c_w.l(exit.o)
    0x08000342   0x08000342   0x00000002   PAD
    0x08000344   0x08000344   0x00000008   Code   RO         2291    .text               c_w.l(libspace.o)
    0x0800034c   0x0800034c   0x0000000c   Code   RO         2357    .text               c_w.l(sys_exit.o)
    0x08000358   0x08000358   0x00000002   Code   RO         2368    .text               c_w.l(use_no_semi.o)
    0x0800035a   0x0800035a   0x00000000   Code   RO         2370    .text               c_w.l(indicate_semi.o)
    0x0800035a   0x0800035a   0x00000002   PAD
    0x0800035c   0x0800035c   0x000000a8   Code   RO         1991    i.AppJump           ota.o
    0x08000404   0x08000404   0x00000002   Code   RO          258    i.BusFault_Handler  stm32f1xx_it.o
    0x08000406   0x08000406   0x00000002   PAD
    0x08000408   0x08000408   0x0000002c   Code   RO          259    i.DMA1_Channel4_IRQHandler  stm32f1xx_it.o
    0x08000434   0x08000434   0x0000002c   Code   RO          260    i.DMA1_Channel6_IRQHandler  stm32f1xx_it.o
    0x08000460   0x08000460   0x0000002c   Code   RO          261    i.DMA1_Channel7_IRQHandler  stm32f1xx_it.o
    0x0800048c   0x0800048c   0x0000000a   Code   RO          391    i.DMA_WaitDisable   uart_drv.o
    0x08000496   0x08000496   0x00000002   Code   RO          262    i.DebugMon_Handler  stm32f1xx_it.o
    0x08000498   0x08000498   0x00000004   Code   RO           13    i.Error_Handler     main.o
    0x0800049c   0x0800049c   0x00000024   Code   RO         1722    i.FLASH_MassErase   stm32f1xx_hal_flash_ex.o
    0x080004c0   0x080004c0   0x00000024   Code   RO         1727    i.FLASH_PageErase   stm32f1xx_hal_flash_ex.o
    0x080004e4   0x080004e4   0x0000001c   Code   RO         1619    i.FLASH_Program_HalfWord  stm32f1xx_hal_flash.o
    0x08000500   0x08000500   0x0000005c   Code   RO         1620    i.FLASH_SetErrorCode  stm32f1xx_hal_flash.o
    0x0800055c   0x0800055c   0x00000054   Code   RO         1621    i.FLASH_WaitForLastOperation  stm32f1xx_hal_flash.o
    0x080005b0   0x080005b0   0x00000028   Code   RO         1992    i.Flash_Erase       ota.o
    0x080005d8   0x080005d8   0x00000040   Code   RO         1993    i.Flash_Program     ota.o
    0x08000618   0x08000618   0x00000046   Code   RO         1283    i.HAL_DMA_Abort     stm32f1xx_hal_dma.o
    0x0800065e   0x0800065e   0x00000002   PAD
    0x08000660   0x08000660   0x00000098   Code   RO         1284    i.HAL_DMA_Abort_IT  stm32f1xx_hal_dma.o
    0x080006f8   0x080006f8   0x0000005c   Code   RO         1285    i.HAL_DMA_DeInit    stm32f1xx_hal_dma.o
    0x08000754   0x08000754   0x00000154   Code   RO         1288    i.HAL_DMA_IRQHandler  stm32f1xx_hal_dma.o
    0x080008a8   0x080008a8   0x0000005c   Code   RO         1289    i.HAL_DMA_Init      stm32f1xx_hal_dma.o
    0x08000904   0x08000904   0x00000020   Code   RO          908    i.HAL_DeInit        stm32f1xx_hal.o
    0x08000924   0x08000924   0x000000a8   Code   RO         1728    i.HAL_FLASHEx_Erase  stm32f1xx_hal_flash_ex.o
    0x080009cc   0x080009cc   0x00000014   Code   RO         1625    i.HAL_FLASH_Lock    stm32f1xx_hal_flash.o
    0x080009e0   0x080009e0   0x00000080   Code   RO         1630    i.HAL_FLASH_Program  stm32f1xx_hal_flash.o
    0x08000a60   0x08000a60   0x00000028   Code   RO         1632    i.HAL_FLASH_Unlock  stm32f1xx_hal_flash.o
    0x08000a88   0x08000a88   0x00000118   Code   RO         1216    i.HAL_GPIO_DeInit   stm32f1xx_hal_gpio.o
    0x08000ba0   0x08000ba0   0x000001e0   Code   RO         1219    i.HAL_GPIO_Init     stm32f1xx_hal_gpio.o
    0x08000d80   0x08000d80   0x0000000c   Code   RO          913    i.HAL_GetTick       stm32f1xx_hal.o
    0x08000d8c   0x08000d8c   0x00000010   Code   RO          919    i.HAL_IncTick       stm32f1xx_hal.o
    0x08000d9c   0x08000d9c   0x00000024   Code   RO          920    i.HAL_Init          stm32f1xx_hal.o
    0x08000dc0   0x08000dc0   0x00000040   Code   RO          921    i.HAL_InitTick      stm32f1xx_hal.o
    0x08000e00   0x08000e00   0x00000002   Code   RO          922    i.HAL_MspDeInit     stm32f1xx_hal.o
    0x08000e02   0x08000e02   0x00000002   PAD
    0x08000e04   0x08000e04   0x0000003c   Code   RO          367    i.HAL_MspInit       stm32f1xx_hal_msp.o
    0x08000e40   0x08000e40   0x00000022   Code   RO         1378    i.HAL_NVIC_DisableIRQ  stm32f1xx_hal_cortex.o
    0x08000e62   0x08000e62   0x0000001a   Code   RO         1379    i.HAL_NVIC_EnableIRQ  stm32f1xx_hal_cortex.o
    0x08000e7c   0x08000e7c   0x00000040   Code   RO         1385    i.HAL_NVIC_SetPriority  stm32f1xx_hal_cortex.o
    0x08000ebc   0x08000ebc   0x00000024   Code   RO         1386    i.HAL_NVIC_SetPriorityGrouping  stm32f1xx_hal_cortex.o
    0x08000ee0   0x08000ee0   0x0000012c   Code   RO         1077    i.HAL_RCC_ClockConfig  stm32f1xx_hal_rcc.o
    0x0800100c   0x0800100c   0x00000020   Code   RO         1084    i.HAL_RCC_GetPCLK1Freq  stm32f1xx_hal_rcc.o
    0x0800102c   0x0800102c   0x00000020   Code   RO         1085    i.HAL_RCC_GetPCLK2Freq  stm32f1xx_hal_rcc.o
    0x0800104c   0x0800104c   0x0000004c   Code   RO         1086    i.HAL_RCC_GetSysClockFreq  stm32f1xx_hal_rcc.o
    0x08001098   0x08001098   0x00000320   Code   RO         1089    i.HAL_RCC_OscConfig  stm32f1xx_hal_rcc.o
    0x080013b8   0x080013b8   0x00000028   Code   RO         1390    i.HAL_SYSTICK_Config  stm32f1xx_hal_cortex.o
    0x080013e0   0x080013e0   0x00000002   Code   RO          551    i.HAL_UARTEx_RxEventCallback  stm32f1xx_hal_uart.o
    0x080013e2   0x080013e2   0x00000036   Code   RO          564    i.HAL_UART_DeInit   stm32f1xx_hal_uart.o
    0x08001418   0x08001418   0x00000002   Code   RO          565    i.HAL_UART_ErrorCallback  stm32f1xx_hal_uart.o
    0x0800141a   0x0800141a   0x00000002   PAD
    0x0800141c   0x0800141c   0x0000026c   Code   RO          568    i.HAL_UART_IRQHandler  stm32f1xx_hal_uart.o
    0x08001688   0x08001688   0x00000064   Code   RO          569    i.HAL_UART_Init     stm32f1xx_hal_uart.o
    0x080016ec   0x080016ec   0x0000006c   Code   RO          210    i.HAL_UART_MspDeInit  usart.o
    0x08001758   0x08001758   0x0000016c   Code   RO          211    i.HAL_UART_MspInit  usart.o
    0x080018c4   0x080018c4   0x00000002   Code   RO          575    i.HAL_UART_RxCpltCallback  stm32f1xx_hal_uart.o
    0x080018c6   0x080018c6   0x00000002   Code   RO          580    i.HAL_UART_TxCpltCallback  stm32f1xx_hal_uart.o
    0x080018c8   0x080018c8   0x00000002   Code   RO          263    i.HardFault_Handler  stm32f1xx_it.o
    0x080018ca   0x080018ca   0x00000002   PAD
    0x080018cc   0x080018cc   0x0000004c   Code   RO          186    i.MX_DMA_Init       dma.o
    0x08001918   0x08001918   0x0000002c   Code   RO          162    i.MX_GPIO_Init      gpio.o
    0x08001944   0x08001944   0x00000038   Code   RO          212    i.MX_USART1_UART_Init  usart.o
    0x0800197c   0x0800197c   0x00000038   Code   RO          213    i.MX_USART2_UART_Init  usart.o
    0x080019b4   0x080019b4   0x00000002   Code   RO          264    i.MemManage_Handler  stm32f1xx_it.o
    0x080019b6   0x080019b6   0x00000032   Code   RO         1917    i.Modbus_Crc16      modbus.o
    0x080019e8   0x080019e8   0x0000005a   Code   RO         1918    i.Modbus_Dispatch   modbus.o
    0x08001a42   0x08001a42   0x00000002   PAD
    0x08001a44   0x08001a44   0x00000034   Code   RO         1919    i.Modbus_ExceptionResponse  modbus.o
    0x08001a78   0x08001a78   0x00000012   Code   RO         1920    i.Modbus_GetU32BE   modbus.o
    0x08001a8a   0x08001a8a   0x00000002   PAD
    0x08001a8c   0x08001a8c   0x00000054   Code   RO         1921    i.Modbus_OTA_Response  modbus.o
    0x08001ae0   0x08001ae0   0x000000f8   Code   RO         1922    i.Modbus_OTA_Updata  modbus.o
    0x08001bd8   0x08001bd8   0x00000024   Code   RO         1923    i.Modbus_Poll       modbus.o
    0x08001bfc   0x08001bfc   0x00000004   Code   RO         1924    i.Modbus_RxHandler  modbus.o
    0x08001c00   0x08001c00   0x00000024   Code   RO         1925    i.Modbus_Send       modbus.o
    0x08001c24   0x08001c24   0x00000002   Code   RO          265    i.NMI_Handler       stm32f1xx_it.o
    0x08001c26   0x08001c26   0x00000002   PAD
    0x08001c28   0x08001c28   0x00000018   Code   RO         1994    i.OTA_Abort         ota.o
    0x08001c40   0x08001c40   0x00000038   Code   RO         1995    i.OTA_AppIsValid    ota.o
    0x08001c78   0x08001c78   0x00000062   Code   RO         1996    i.OTA_BootCheck     ota.o
    0x08001cda   0x08001cda   0x00000002   PAD
    0x08001cdc   0x08001cdc   0x00000028   Code   RO         1997    i.OTA_EraseApp      ota.o
    0x08001d04   0x08001d04   0x000000b4   Code   RO         1998    i.OTA_Finish        ota.o
    0x08001db8   0x08001db8   0x00000018   Code   RO         1999    i.OTA_ReadInfo      ota.o
    0x08001dd0   0x08001dd0   0x00000078   Code   RO         2000    i.OTA_Start         ota.o
    0x08001e48   0x08001e48   0x00000040   Code   RO         2001    i.OTA_WriteAppData  ota.o
    0x08001e88   0x08001e88   0x00000050   Code   RO         2002    i.OTA_WriteData     ota.o
    0x08001ed8   0x08001ed8   0x00000038   Code   RO         2003    i.OTA_WriteInfo     ota.o
    0x08001f10   0x08001f10   0x00000002   Code   RO          266    i.PendSV_Handler    stm32f1xx_it.o
    0x08001f12   0x08001f12   0x00000002   Code   RO          267    i.SVC_Handler       stm32f1xx_it.o
    0x08001f14   0x08001f14   0x00000004   Code   RO          268    i.SysTick_Handler   stm32f1xx_it.o
    0x08001f18   0x08001f18   0x0000005e   Code   RO           14    i.SystemClock_Config  main.o
    0x08001f76   0x08001f76   0x00000002   Code   RO         1880    i.SystemInit        system_stm32f1xx.o
    0x08001f78   0x08001f78   0x0000002c   Code   RO          392    i.UART1_DrvInit     uart_drv.o
    0x08001fa4   0x08001fa4   0x0000000c   Code   RO          394    i.UART2_DrvInit     uart_drv.o
    0x08001fb0   0x08001fb0   0x00000010   Code   RO          582    i.UART_DMAAbortOnError  stm32f1xx_hal_uart.o
    0x08001fc0   0x08001fc0   0x000000a8   Code   RO          395    i.UART_DataDrv_InitHW  uart_drv.o
    0x08002068   0x08002068   0x00000008   Code   RO          396    i.UART_Data_TX_TC_ISR  uart_drv.o
    0x08002070   0x08002070   0x00000056   Code   RO          397    i.UART_Data_TX_ZeroCopy  uart_drv.o
    0x080020c6   0x080020c6   0x0000004e   Code   RO          592    i.UART_EndRxTransfer  stm32f1xx_hal_uart.o
    0x08002114   0x08002114   0x000000b8   Code   RO          398    i.UART_IDLE_ISR     uart_drv.o
    0x080021cc   0x080021cc   0x0000007a   Code   RO          399    i.UART_Print_RingBuffer_Send  uart_drv.o
    0x08002246   0x08002246   0x0000002c   Code   RO          400    i.UART_Print_TX_TC_ISR  uart_drv.o
    0x08002272   0x08002272   0x00000026   Code   RO          403    i.UART_RX_ZeroCopy_Get  uart_drv.o
    0x08002298   0x08002298   0x00000016   Code   RO          404    i.UART_RX_ZeroCopy_Release  uart_drv.o
    0x080022ae   0x080022ae   0x000000c2   Code   RO          594    i.UART_Receive_IT   stm32f1xx_hal_uart.o
    0x08002370   0x08002370   0x000000b8   Code   RO          595    i.UART_SetConfig    stm32f1xx_hal_uart.o
    0x08002428   0x08002428   0x0000000c   Code   RO          269    i.USART1_IRQHandler  stm32f1xx_it.o
    0x08002434   0x08002434   0x00000024   Code   RO          270    i.USART2_IRQHandler  stm32f1xx_it.o
    0x08002458   0x08002458   0x00000002   Code   RO          271    i.UsageFault_Handler  stm32f1xx_it.o
    0x0800245a   0x0800245a   0x00000020   Code   RO         1392    i.__NVIC_SetPriority  stm32f1xx_hal_cortex.o
    0x0800247a   0x0800247a   0x00000002   PAD
    0x0800247c   0x0800247c   0x00000038   Code   RO           15    i.main              main.o
    0x080024b4   0x080024b4   0x00000012   Data   RO         1090    .constdata          stm32f1xx_hal_rcc.o
    0x080024c6   0x080024c6   0x00000010   Data   RO         1881    .constdata          system_stm32f1xx.o
    0x080024d6   0x080024d6   0x00000008   Data   RO         1882    .constdata          system_stm32f1xx.o
    0x080024de   0x080024de   0x00000002   PAD
    0x080024e0   0x080024e0   0x00000020   Data   RO         2425    Region$$Table       anon$$obj.o


    Execution Region RW_IRAM1 (Exec base: 0x20000000, Load base: 0x08002500, Size: 0x00000e78, Max: 0x00005000, ABSOLUTE, COMPRESSED[0x0000002c])

    Exec Addr    Load Addr    Size         Type   Attr      Idx    E Section Name        Object

    0x20000000   COMPRESSED   0x00000570   Data   RW          405    .data               uart_drv.o
    0x20000570   COMPRESSED   0x0000000c   Data   RW          927    .data               stm32f1xx_hal.o
    0x2000057c   COMPRESSED   0x00000004   Data   RW         1883    .data               system_stm32f1xx.o
    0x20000580   COMPRESSED   0x0000001c   Data   RW         2004    .data               ota.o
    0x2000059c        -       0x0000015c   Zero   RW          214    .bss                usart.o
    0x200006f8        -       0x00000020   Zero   RW         1633    .bss                stm32f1xx_hal_flash.o
    0x20000718        -       0x00000100   Zero   RW         1926    .bss                modbus.o
    0x20000818        -       0x00000060   Zero   RW         2292    .bss                c_w.l(libspace.o)
    0x20000878        -       0x00000200   Zero   RW            2    HEAP                startup_stm32f103xb.o
    0x20000a78        -       0x00000400   Zero   RW            1    STACK               startup_stm32f103xb.o


==============================================================================

Image component sizes


      Code (inc. data)   RO Data    RW Data    ZI Data      Debug   Object Name

        76          4          0          0          0        746   dma.o
        44          6          0          0          0        755   gpio.o
       154          4          0          0          0     403515   main.o
       618         42          0          0        256       7433   modbus.o
      1014         76          0         28          0      14398   ota.o
        64         26        236          0       1536        796   startup_stm32f103xb.o
       162         30          0         12          0       6186   stm32f1xx_hal.o
       232         14          0          0          0      29525   stm32f1xx_hal_cortex.o
       746         44          0          0          0       3976   stm32f1xx_hal_dma.o
       392         46          0          0         32       4618   stm32f1xx_hal_flash.o
       240         26          0          0          0       3189   stm32f1xx_hal_flash_ex.o
       760         60          0          0          0       3186   stm32f1xx_hal_gpio.o
        60          8          0          0          0        846   stm32f1xx_hal_msp.o
      1240         84         18          0          0       5028   stm32f1xx_hal_rcc.o
      1254         10          0          0          0       8466   stm32f1xx_hal_uart.o
       200         50          0          0          0       7316   stm32f1xx_it.o
         2          0         24          4          0       1071   system_stm32f1xx.o
       738         22          0       1392          0       8790   uart_drv.o
       584         58          0          0        348       3165   usart.o

    ----------------------------------------------------------------------
      8600        610        312       1436       2172     513005   Object Totals
         0          0         32          0          0          0   (incl. Generated)
        20          0          2          0          0          0   (incl. Padding)

    ----------------------------------------------------------------------

      Code (inc. data)   RO Data    RW Data    ZI Data      Debug   Library Member Name

        90          0          0          0          0          0   __dczerorl2.o
         8          0          0          0          0         68   __main.o
         0          0          0          0          0          0   __rtentry.o
        12          0          0          0          0          0   __rtentry2.o
         6          0          0          0          0          0   __rtentry4.o
        52          8          0          0          0          0   __scatter.o
        28          0          0          0          0          0   __scatter_zi.o
        18          0          0          0          0         80   exit.o
         6          0          0          0          0        152   heapauxi.o
         0          0          0          0          0          0   indicate_semi.o
         2          0          0          0          0          0   libinit.o
         2          0          0          0          0          0   libinit2.o
         2          0          0          0          0          0   libshutdown.o
         2          0          0          0          0          0   libshutdown2.o
         8          4          0          0         96         68   libspace.o
        38          0          0          0          0         68   llushr.o
        78          0          0          0          0         80   rt_memclr_w.o
       100          0          0          0          0         80   rt_memcpy_w.o
         2          0          0          0          0          0   rtexit.o
        10          0          0          0          0          0   rtexit2.o
        12          4          0          0          0         68   sys_exit.o
        74          0          0          0          0         80   sys_stackheap_outer.o
         2          0          0          0          0         68   use_no_semi.o

    ----------------------------------------------------------------------
       560         16          0          0         96        812   Library Totals
         8          0          0          0          0          0   (incl. Padding)

    ----------------------------------------------------------------------

      Code (inc. data)   RO Data    RW Data    ZI Data      Debug   Library Name

       552         16          0          0         96        812   c_w.l

    ----------------------------------------------------------------------
       560         16          0          0         96        812   Library Totals

    ----------------------------------------------------------------------

==============================================================================


      Code (inc. data)   RO Data    RW Data    ZI Data      Debug   

      9160        626        312       1436       2268     508457   Grand Totals
      9160        626        312         44       2268     508457   ELF Image Totals (compressed)
      9160        626        312         44          0          0   ROM Totals

==============================================================================

    Total RO  Size (Code + RO Data)                 9472 (   9.25kB)
    Total RW  Size (RW Data + ZI Data)              3704 (   3.62kB)
    Total ROM Size (Code + RO Data + RW Data)       9516 (   9.29kB)

==============================================================================

